Archive member included to satisfy reference by file (symbol)

C:\Users\8\Desktop\EXAM\SRC\StdPeriphDriver\libISP573.a(ISP573.o)
                              ./StdPeriphDriver/CH57x_pwr.o (FLASH_EEPROM_CMD)
C:\Users\8\Desktop\EXAM\BLE\LIB\libCH57xBLE.a(message.o)
                              ./Profile/hiddev.o (tmos_msg_deallocate)
C:\Users\8\Desktop\EXAM\BLE\LIB\libCH57xBLE.a(tmos.o)
                              ./Profile/battservice.o (tmos_memcpy)
C:\Users\8\Desktop\EXAM\BLE\LIB\libCH57xBLE.a(tmos_hw.o)
                              C:\Users\8\Desktop\EXAM\BLE\LIB\libCH57xBLE.a(tmos.o) (RTC_Get32KClock)
C:\Users\8\Desktop\EXAM\BLE\LIB\libCH57xBLE.a(tmos_snv.o)
                              C:\Users\8\Desktop\EXAM\BLE\LIB\libCH57xBLE.a(tmos.o) (tmos_snv_init)
C:\Users\8\Desktop\EXAM\BLE\LIB\libCH57xBLE.a(gap.o)
                              ./Profile/hiddev.o (GAP_SetParamValue)
C:\Users\8\Desktop\EXAM\BLE\LIB\libCH57xBLE.a(gap_central.o)
                              C:\Users\8\Desktop\EXAM\BLE\LIB\libCH57xBLE.a(gap.o) (GAP_CentralParamInit)
C:\Users\8\Desktop\EXAM\BLE\LIB\libCH57xBLE.a(gap_peripheral.o)
                              C:\Users\8\Desktop\EXAM\BLE\LIB\libCH57xBLE.a(gap.o) (GAP_PeripheralParamInit)
C:\Users\8\Desktop\EXAM\BLE\LIB\libCH57xBLE.a(gapgattserver.o)
                              ./APP/Main.o (GGS_SetParameter)
C:\Users\8\Desktop\EXAM\BLE\LIB\libCH57xBLE.a(gatt.o)
                              ./Profile/battservice.o (GATT_bm_alloc)
C:\Users\8\Desktop\EXAM\BLE\LIB\libCH57xBLE.a(gatt_uuid.o)
                              ./Profile/battservice.o (reportRefUUID)
C:\Users\8\Desktop\EXAM\BLE\LIB\libCH57xBLE.a(gattclientapp.o)
                              C:\Users\8\Desktop\EXAM\BLE\LIB\libCH57xBLE.a(gatt.o) (gattGetClientStatus)
C:\Users\8\Desktop\EXAM\BLE\LIB\libCH57xBLE.a(gattservapp.o)
                              ./Profile/battservice.o (GATTServApp_ReadCharCfg)
C:\Users\8\Desktop\EXAM\BLE\LIB\libCH57xBLE.a(l2cap.o)
                              C:\Users\8\Desktop\EXAM\BLE\LIB\libCH57xBLE.a(gatt.o) (L2CAP_GetMTU)
C:\Users\8\Desktop\EXAM\BLE\LIB\libCH57xBLE.a(l2cap_input.o)
                              C:\Users\8\Desktop\EXAM\BLE\LIB\libCH57xBLE.a(l2cap.o) (l2capProcessRxData)
C:\Users\8\Desktop\EXAM\BLE\LIB\libCH57xBLE.a(l2cap_output.o)
                              C:\Users\8\Desktop\EXAM\BLE\LIB\libCH57xBLE.a(l2cap_input.o) (l2capNotifyData)
C:\Users\8\Desktop\EXAM\BLE\LIB\libCH57xBLE.a(l2cap_sdu.o)
                              C:\Users\8\Desktop\EXAM\BLE\LIB\libCH57xBLE.a(l2cap_input.o) (l2capBuildDisconnectRsp)
C:\Users\8\Desktop\EXAM\BLE\LIB\libCH57xBLE.a(linkdb.o)
                              C:\Users\8\Desktop\EXAM\BLE\LIB\libCH57xBLE.a(l2cap.o) (linkDB_Init)
C:\Users\8\Desktop\EXAM\BLE\LIB\libCH57xBLE.a(sm.o)
                              C:\Users\8\Desktop\EXAM\BLE\LIB\libCH57xBLE.a(gap.o) (smStartEncryption)
C:\Users\8\Desktop\EXAM\BLE\LIB\libCH57xBLE.a(host_input.o)
                              C:\Users\8\Desktop\EXAM\BLE\LIB\libCH57xBLE.a(gap.o) (gBleHostPara)
C:\Users\8\Desktop\EXAM\BLE\LIB\libCH57xBLE.a(host_output.o)
                              C:\Users\8\Desktop\EXAM\BLE\LIB\libCH57xBLE.a(gap.o) (HCI_DisconnectCmd)
C:\Users\8\Desktop\EXAM\BLE\LIB\libCH57xBLE.a(ll_connect.o)
                              C:\Users\8\Desktop\EXAM\BLE\LIB\libCH57xBLE.a(tmos.o) (LL_GetNextConnectEventTime)
C:\Users\8\Desktop\EXAM\BLE\LIB\libCH57xBLE.a(ll_core.o)
                              C:\Users\8\Desktop\EXAM\BLE\LIB\libCH57xBLE.a(ll_connect.o) (LL_CoreGetCore)
C:\Users\8\Desktop\EXAM\BLE\LIB\libCH57xBLE.a(ll_hop.o)
                              C:\Users\8\Desktop\EXAM\BLE\LIB\libCH57xBLE.a(ll_connect.o) (LL_HopGetChannel)
C:\Users\8\Desktop\EXAM\BLE\LIB\libCH57xBLE.a(ll_master.o)
                              C:\Users\8\Desktop\EXAM\BLE\LIB\libCH57xBLE.a(ll_connect.o) (ll_master_process)
C:\Users\8\Desktop\EXAM\BLE\LIB\libCH57xBLE.a(ll_pdu.o)
                              C:\Users\8\Desktop\EXAM\BLE\LIB\libCH57xBLE.a(ll_master.o) (LL_ConnectionUpdateReq)
C:\Users\8\Desktop\EXAM\BLE\LIB\libCH57xBLE.a(ll_report.o)
                              C:\Users\8\Desktop\EXAM\BLE\LIB\libCH57xBLE.a(ll_connect.o) (LL_ReportGenerateEvent)
C:\Users\8\Desktop\EXAM\BLE\LIB\libCH57xBLE.a(ll_scan.o)
                              C:\Users\8\Desktop\EXAM\BLE\LIB\libCH57xBLE.a(ll_master.o) (LL_ScanEnable)
C:\Users\8\Desktop\EXAM\BLE\LIB\libCH57xBLE.a(ll_slave.o)
                              C:\Users\8\Desktop\EXAM\BLE\LIB\libCH57xBLE.a(ll_connect.o) (ll_hw_timer_slave_recv_timeout)
C:\Users\8\Desktop\EXAM\BLE\LIB\libCH57xBLE.a(ll_whitelist.o)
                              C:\Users\8\Desktop\EXAM\BLE\LIB\libCH57xBLE.a(ll_scan.o) (LL_WhitelistLookup)
C:\Users\8\Desktop\EXAM\BLE\LIB\libCH57xBLE.a(aes.o)
                              C:\Users\8\Desktop\EXAM\BLE\LIB\libCH57xBLE.a(sm.o) (LL_Encrypt)
[...]
Memory Configuration

Name             Origin             Length             Attributes
FLASH            0x0000000000000000 0x0000000000070000 xr
RAM              0x0000000020003800 0x0000000000004800 xrw
*default*        0x0000000000000000 0xffffffffffffffff

Linker script and memory map

LOAD ./StdPeriphDriver/CH57x_adc.o
LOAD ./StdPeriphDriver/CH57x_clk.o
LOAD ./StdPeriphDriver/CH57x_gpio.o
LOAD ./StdPeriphDriver/CH57x_pwr.o
LOAD ./StdPeriphDriver/CH57x_sys.o
LOAD ./StdPeriphDriver/CH57x_uart1.o
LOAD ./StdPeriphDriver/CH57x_usbhostBase.o
LOAD ./StdPeriphDriver/CH57x_usbhostClass.o
LOAD ./Startup/startup_CH573.o
LOAD ./RVMSIS/core_riscv.o
LOAD ./Profile/battservice.o
LOAD ./Profile/devinfoservice.o
LOAD ./Profile/hiddev.o
LOAD ./Profile/hidkbdservice.o
LOAD ./Profile/scanparamservice.o
LOAD ./HAL/MCU.o
LOAD ./HAL/RTC.o
LOAD ./HAL/SLEEP.o
LOAD ./APP/Main.o
LOAD C:\Users\8\Desktop\EXAM\SRC\StdPeriphDriver\libISP573.a
LOAD C:\Users\8\Desktop\EXAM\BLE\LIB\libCH57xBLE.a
LOAD d:/软件/mounriver/mounriver_studio/toolchain/risc-v embedded gcc/bin/../lib/gcc/riscv-none-embed/8.2.0/rv32imac/ilp32\libgcc.a
LOAD d:/软件/mounriver/mounriver_studio/toolchain/risc-v embedded gcc/bin/../lib/gcc/riscv-none-embed/8.2.0/../../../../riscv-none-embed/lib/rv32imac/ilp32\libg_nano.a
LOAD d:/软件/mounriver/mounriver_studio/toolchain/risc-v embedded gcc/bin/../lib/gcc/riscv-none-embed/8.2.0/../../../../riscv-none-embed/lib/rv32imac/ilp32\libc_nano.a
LOAD d:/软件/mounriver/mounriver_studio/toolchain/risc-v embedded gcc/bin/../lib/gcc/riscv-none-embed/8.2.0/rv32imac/ilp32\libgcc.a
START GROUP
LOAD d:/软件/mounriver/mounriver_studio/toolchain/risc-v embedded gcc/bin/../lib/gcc/riscv-none-embed/8.2.0/rv32imac/ilp32\libgcc.a
LOAD d:/软件/mounriver/mounriver_studio/toolchain/risc-v embedded gcc/bin/../lib/gcc/riscv-none-embed/8.2.0/../../../../riscv-none-embed/lib/rv32imac/ilp32\libc_nano.a
LOAD d:/软件/mounriver/mounriver_studio/toolchain/risc-v embedded gcc/bin/../lib/gcc/riscv-none-embed/8.2.0/../../../../riscv-none-embed/lib/rv32imac/ilp32\libnosys.a
END GROUP
START GROUP
LOAD d:/软件/mounriver/mounriver_studio/toolchain/risc-v embedded gcc/bin/../lib/gcc/riscv-none-embed/8.2.0/rv32imac/ilp32\libgcc.a
LOAD d:/软件/mounriver/mounriver_studio/toolchain/risc-v embedded gcc/bin/../lib/gcc/riscv-none-embed/8.2.0/../../../../riscv-none-embed/lib/rv32imac/ilp32\libc_nano.a
LOAD d:/软件/mounriver/mounriver_studio/toolchain/risc-v embedded gcc/bin/../lib/gcc/riscv-none-embed/8.2.0/../../../../riscv-none-embed/lib/rv32imac/ilp32\libnosys.a
END GROUP

.init           0x0000000000000000        0x4
                0x0000000000000000                _sinit = .
                0x0000000000000000                . = ALIGN (0x4)
 *(SORT_NONE(.init))
 .init          0x0000000000000000        0x4 ./Startup/startup_CH573.o
                0x0000000000000000                _start
                0x0000000000000004                . = ALIGN (0x4)
                0x0000000000000004                _einit = .

.highcodelalign
                0x0000000000000004        0x0
                0x0000000000000004                . = ALIGN (0x4)
                0x0000000000000004                PROVIDE (_highcode_lma = .)

.highcode       0x0000000020003800     0x1194 load address 0x0000000000000004
                0x0000000020003800                . = ALIGN (0x4)
                0x0000000020003800                PROVIDE (_highcode_vma_start = .)
 *(.vector)
 .vector        0x0000000020003800       0x90 ./Startup/startup_CH573.o
 *(SORT_NONE(.vector_handler))
 .vector_handler
                0x0000000020003890       0x2c ./Startup/startup_CH573.o
                0x0000000020003890                NMI_Handler
                0x0000000020003894                SysTick_Handler
                0x0000000020003896                SW_Handler
                0x0000000020003898                TMR0_IRQHandler
                0x000000002000389a                GPIOA_IRQHandler
                0x000000002000389c                GPIOB_IRQHandler
                0x000000002000389e                SPI0_IRQHandler
                0x00000000200038a0                BB_IRQHandler
                0x00000000200038a2                LLE_IRQHandler
                0x00000000200038a4                USB_IRQHandler
                0x00000000200038a6                TMR1_IRQHandler
                0x00000000200038a8                TMR2_IRQHandler
                0x00000000200038aa                UART0_IRQHandler
                0x00000000200038ac                UART1_IRQHandler
                0x00000000200038b0                ADC_IRQHandler
                0x00000000200038b2                PWMX_IRQHandler
                0x00000000200038b4                TMR3_IRQHandler
                0x00000000200038b6                UART2_IRQHandler
                0x00000000200038b8                UART3_IRQHandler
                0x00000000200038ba                WDOG_BAT_IRQHandler
 *(.highcode)
 .highcode      0x00000000200038bc       0x4a ./StdPeriphDriver/CH57x_clk.o
                0x00000000200038bc                Get_Calibration_Cnt_RAM
 .highcode      0x0000000020003906      0x1a0 ./StdPeriphDriver/CH57x_sys.o
                0x0000000020003906                SetSysClock
                0x0000000020003a02                SYS_ResetExecute
                0x0000000020003a3a                HardFault_Handler
                0x0000000020003a70                mDelayuS
                0x0000000020003a7e                mDelaymS
 .highcode      0x0000000020003aa6       0x16 ./HAL/RTC.o
                0x0000000020003aa6                RTC_IRQHandler
 .highcode      0x0000000020003abc      0x3ee C:\Users\8\Desktop\EXAM\SRC\StdPeriphDriver\libISP573.a(ISP573.o)
                0x0000000020003abc                FLASH_ROM_BEG
                0x0000000020003ace                FLASH_ROM_END
                0x0000000020003adc                FLASH_ROM_IN
                0x0000000020003aea                FLASH_ROM_OUT
                0x0000000020003af8                FLASH_ROM_ADDR
                0x0000000020003b40                FLASH_ROM_WAIT
                0x0000000020003b78                FLASH_EEPROM_CMD
 .highcode      0x0000000020003eaa      0x23a C:\Users\8\Desktop\EXAM\BLE\LIB\libCH57xBLE.a(tmos.o)
                0x0000000020003eca                tmos_memcpy
                0x0000000020003eea                tmos_memcpy_word
                0x0000000020003f06                TMOS_SystemProcess
 .highcode      0x00000000200040e4       0xc2 C:\Users\8\Desktop\EXAM\BLE\LIB\libCH57xBLE.a(tmos_hw.o)
                0x00000000200040e4                BLE_GetHSEClock
                0x0000000020004122                RTC_Get32KClock
                0x000000002000413a                SYS_GetTickCount
 .highcode      0x00000000200041a6      0x13a C:\Users\8\Desktop\EXAM\BLE\LIB\libCH57xBLE.a(ll_connect.o)
                0x00000000200041a6                ll_connect_process_data
                0x00000000200041f4                ll_connect_event_continue
 .highcode      0x00000000200042e0      0x1b8 C:\Users\8\Desktop\EXAM\BLE\LIB\libCH57xBLE.a(bb.o)
                0x00000000200042e0                BB_RAM_IRQHandler
 .highcode      0x0000000020004498      0x198 C:\Users\8\Desktop\EXAM\BLE\LIB\libCH57xBLE.a(ip.o)
                0x0000000020004498                ll_tx_wait_finish
                0x00000000200044c4                ll_tx_wait_tx_dma
                0x0000000020004522                ll_rx_wait_finish
                0x0000000020004558                ll_rx_wait_tx_dma
                0x00000000200045a6                ble_ll_chkcrc
 .highcode      0x0000000020004630      0x17c C:\Users\8\Desktop\EXAM\BLE\LIB\libCH57xBLE.a(lle.o)
                0x0000000020004630                LLE_RAM_IRQHandler
 .highcode      0x00000000200047ac       0x82 C:\Users\8\Desktop\EXAM\BLE\LIB\libCH57xBLE.a(rf_fh.o)
                0x00000000200047ac                RF_HopGetChannel
 .highcode      0x000000002000482e       0x2c C:\Users\8\Desktop\EXAM\BLE\LIB\libCH57xBLE.a(rfend.o)
                0x000000002000482e                RFEND_WaitTune
 .highcode      0x000000002000485a      0x13a C:\Users\8\Desktop\EXAM\BLE\LIB\libCH57xBLE.a(memory.o)
                0x000000002000485a                tmos_memory_allocate
                0x00000000200048f4                tmos_memory_free
 *(.highcode.*)
                0x0000000020004994                . = ALIGN (0x4)
                0x0000000020004994                PROVIDE (_highcode_vma_end = .)

.text           0x0000000000001198    0x21ec4
                0x0000000000001198                . = ALIGN (0x4)
 *(SORT_NONE(.handle_reset))
 .handle_reset  0x0000000000001198       0xa2 ./Startup/startup_CH573.o
                0x0000000000001198                handle_reset
 *(.text)
 .text          0x000000000000123a       0xa8 d:/软件/mounriver/mounriver_studio/toolchain/risc-v embedded gcc/bin/../lib/gcc/riscv-none-embed/8.2.0/../../../../riscv-none-embed/lib/rv32imac/ilp32\libg_nano.a(lib_a-memset.o)
                0x000000000000123a                memset
 *(.text.*)
 .text.ADC_InterBATSampInit
                0x00000000000012e2       0x1e ./StdPeriphDriver/CH57x_adc.o
                0x00000000000012e2                ADC_InterBATSampInit
 .text.ADC_ExcutSingleConver
                0x0000000000001300       0x20 ./StdPeriphDriver/CH57x_adc.o
                0x0000000000001300                ADC_ExcutSingleConver
 .text.Vbat_Init
                0x0000000000001320       0xa2 ./StdPeriphDriver/CH57x_adc.o
                0x0000000000001320                Vbat_Init
 .text.ADC_InterTSSampInit
                0x00000000000013c2       0x28 ./StdPeriphDriver/CH57x_adc.o
                0x00000000000013c2                ADC_InterTSSampInit
 .text.Calibration_LSI_FLASH
                0x00000000000013ea      0x26e ./StdPeriphDriver/CH57x_clk.o
                0x00000000000013ea                Calibration_LSI_FLASH
 .text.Calibration_LSI_RAM
                0x0000000000001658      0x22c ./StdPeriphDriver/CH57x_clk.o
                0x0000000000001658                Calibration_LSI_RAM
 .text.RTC_InitTime
                0x0000000000001884      0x134 ./StdPeriphDriver/CH57x_clk.o
                0x0000000000001884                RTC_InitTime
 .text.GPIOA_ModeCfg
                0x00000000000019b8       0xa6 ./StdPeriphDriver/CH57x_gpio.o
                0x00000000000019b8                GPIOA_ModeCfg
 .text.PWR_DCDCCfg
                0x0000000000001a5e       0x88 ./StdPeriphDriver/CH57x_pwr.o
                0x0000000000001a5e                PWR_DCDCCfg
 .text.PowerMonitor
                0x0000000000001ae6       0x96 ./StdPeriphDriver/CH57x_pwr.o
                0x0000000000001ae6                PowerMonitor
 .text.GetSysClock
                0x0000000000001b7c       0x42 ./StdPeriphDriver/CH57x_sys.o
                0x0000000000001b7c                GetSysClock
 .text.SYS_GetSysTickCnt
                0x0000000000001bbe        0xa ./StdPeriphDriver/CH57x_sys.o
                0x0000000000001bbe                SYS_GetSysTickCnt
 .text._write   0x0000000000001bc8       0x28 ./StdPeriphDriver/CH57x_sys.o
                0x0000000000001bc8                _write
 .text.UART1_BaudRateCfg
                0x0000000000001bf0       0x30 ./StdPeriphDriver/CH57x_uart1.o
                0x0000000000001bf0                UART1_BaudRateCfg
 .text.UART1_DefInit
                0x0000000000001c20       0x32 ./StdPeriphDriver/CH57x_uart1.o
                0x0000000000001c20                UART1_DefInit
 .text.SetUsbSpeed.part.1
                0x0000000000001c52       0x1e ./StdPeriphDriver/CH57x_usbhostBase.o
 .text.DisableRootHubPort
                0x0000000000001c70        0x6 ./StdPeriphDriver/CH57x_usbhostBase.o
                0x0000000000001c70                DisableRootHubPort
 .text.AnalyzeRootHub
                0x0000000000001c76       0x64 ./StdPeriphDriver/CH57x_usbhostBase.o
                0x0000000000001c76                AnalyzeRootHub
 .text.SetHostUsbAddr
                0x0000000000001cda       0x18 ./StdPeriphDriver/CH57x_usbhostBase.o
                0x0000000000001cda                SetHostUsbAddr
 .text.SetUsbSpeed
                0x0000000000001cf2       0x16 ./StdPeriphDriver/CH57x_usbhostBase.o
                0x0000000000001cf2                SetUsbSpeed
 .text.ResetRootHubPort
                0x0000000000001d08       0x62 ./StdPeriphDriver/CH57x_usbhostBase.o
                0x0000000000001d08                ResetRootHubPort
 .text.EnableRootHubPort
                0x0000000000001d6a       0x52 ./StdPeriphDriver/CH57x_usbhostBase.o
                0x0000000000001d6a                EnableRootHubPort
 .text.SelectHubPort
                0x0000000000001dbc       0x64 ./StdPeriphDriver/CH57x_usbhostBase.o
                0x0000000000001dbc                SelectHubPort
 .text.USBHostTransact
                0x0000000000001e20      0x152 ./StdPeriphDriver/CH57x_usbhostBase.o
                0x0000000000001e20                USBHostTransact
 .text.HostCtrlTransfer
                0x0000000000001f72      0x1cc ./StdPeriphDriver/CH57x_usbhostBase.o
                0x0000000000001f72                HostCtrlTransfer
 .text.CopySetupReqPkg
                0x000000000000213e       0x20 ./StdPeriphDriver/CH57x_usbhostBase.o
                0x000000000000213e                CopySetupReqPkg
 .text.CtrlGetDeviceDescr
                0x000000000000215e       0x44 ./StdPeriphDriver/CH57x_usbhostBase.o
                0x000000000000215e                CtrlGetDeviceDescr
 .text.CtrlGetConfigDescr
                0x00000000000021a2       0x60 ./StdPeriphDriver/CH57x_usbhostBase.o
                0x00000000000021a2                CtrlGetConfigDescr
 .text.CtrlSetUsbAddress
                0x0000000000002202       0x46 ./StdPeriphDriver/CH57x_usbhostBase.o
                0x0000000000002202                CtrlSetUsbAddress
 .text.CtrlSetUsbConfig
                0x0000000000002248       0x2c ./StdPeriphDriver/CH57x_usbhostBase.o
                0x0000000000002248                CtrlSetUsbConfig
 .text.USB_HostInit
                0x0000000000002274       0x64 ./StdPeriphDriver/CH57x_usbhostBase.o
                0x0000000000002274                USB_HostInit
 .text.AnalyzeHidIntEndp
                0x00000000000022d8       0xf0 ./StdPeriphDriver/CH57x_usbhostClass.o
                0x00000000000022d8                AnalyzeHidIntEndp
 .text.AnalyzeBulkEndp
                0x00000000000023c8       0xb0 ./StdPeriphDriver/CH57x_usbhostClass.o
                0x00000000000023c8                AnalyzeBulkEndp
 .text.SearchTypeDevice
                0x0000000000002478       0x6a ./StdPeriphDriver/CH57x_usbhostClass.o
                0x0000000000002478                SearchTypeDevice
 .text.SETKEYBLED
                0x00000000000024e2       0xdc ./StdPeriphDriver/CH57x_usbhostClass.o
                0x00000000000024e2                SETKEYBLED
 .text.CtrlGetHIDDeviceReport
                0x00000000000025be       0x64 ./StdPeriphDriver/CH57x_usbhostClass.o
                0x00000000000025be                CtrlGetHIDDeviceReport
 .text.CtrlGetHubDescr
                0x0000000000002622       0x34 ./StdPeriphDriver/CH57x_usbhostClass.o
                0x0000000000002622                CtrlGetHubDescr
 .text.HubGetPortStatus
                0x0000000000002656       0x50 ./StdPeriphDriver/CH57x_usbhostClass.o
                0x0000000000002656                HubGetPortStatus
 .text.HubSetPortFeature
                0x00000000000026a6       0x34 ./StdPeriphDriver/CH57x_usbhostClass.o
                0x00000000000026a6                HubSetPortFeature
 .text.InitRootDevice
                0x00000000000026da      0x2d2 ./StdPeriphDriver/CH57x_usbhostClass.o
                0x00000000000026da                InitRootDevice
 .text.HubClearPortFeature
                0x00000000000029ac       0x34 ./StdPeriphDriver/CH57x_usbhostClass.o
                0x00000000000029ac                HubClearPortFeature
 .text.InitDevOnHub
                0x00000000000029e0      0x2fc ./StdPeriphDriver/CH57x_usbhostClass.o
                0x00000000000029e0                InitDevOnHub
 .text.EnumHubPort
                0x0000000000002cdc      0x1b0 ./StdPeriphDriver/CH57x_usbhostClass.o
                0x0000000000002cdc                EnumHubPort
 .text.EnumAllHubPort
                0x0000000000002e8c       0x42 ./StdPeriphDriver/CH57x_usbhostClass.o
                0x0000000000002e8c                EnumAllHubPort
 .text.battMeasure
                0x0000000000002ece      0x46a ./Profile/battservice.o
 .text.battWriteAttrCB
                0x0000000000003338       0x5e ./Profile/battservice.o
 .text.battReadAttrCB
                0x0000000000003396       0x80 ./Profile/battservice.o
 .text.battNotifyCB
                0x0000000000003416       0x76 ./Profile/battservice.o
 .text.Batt_AddService
                0x000000000000348c       0x2c ./Profile/battservice.o
                0x000000000000348c                Batt_AddService
 .text.Batt_Register
                0x00000000000034b8        0x6 ./Profile/battservice.o
                0x00000000000034b8                Batt_Register
 .text.Batt_SetParameter
                0x00000000000034be       0x3a ./Profile/battservice.o
                0x00000000000034be                Batt_SetParameter
 .text.Batt_GetParameter
                0x00000000000034f8       0x6a ./Profile/battservice.o
                0x00000000000034f8                Batt_GetParameter
 .text.Batt_MeasLevel
                0x0000000000003562       0x30 ./Profile/battservice.o
                0x0000000000003562                Batt_MeasLevel
 .text.Batt_HandleConnStatusCB
                0x0000000000003592       0x3e ./Profile/battservice.o
                0x0000000000003592                Batt_HandleConnStatusCB
 .text.devInfo_ReadAttrCB
                0x00000000000035d0      0x196 ./Profile/devinfoservice.o
 .text.DevInfo_AddService
                0x0000000000003766       0x18 ./Profile/devinfoservice.o
                0x0000000000003766                DevInfo_AddService
 .text.hidDevScanParamCB
                0x000000000000377e        0x2 ./Profile/hiddev.o
 .text.hidDevRptByHandle
                0x0000000000003780       0x30 ./Profile/hiddev.o
 .text.hidDevParamUpdateCB
                0x00000000000037b0       0x12 ./Profile/hiddev.o
 .text.hidDevInitialAdvertising
                0x00000000000037c2       0x3c ./Profile/hiddev.o
 .text.hidDeVbattCB
                0x00000000000037fe       0x28 ./Profile/hiddev.o
 .text.hidDevPairStateCB
                0x0000000000003826       0x28 ./Profile/hiddev.o
 .text.hidDevPasscodeCB
                0x000000000000384e       0x34 ./Profile/hiddev.o
 .text.HidDev_ProcessEvent
                0x0000000000003882       0x6c ./Profile/hiddev.o
                0x0000000000003882                HidDev_ProcessEvent
 .text.hidDevGapStateCB
                0x00000000000038ee      0x126 ./Profile/hiddev.o
 .text.HidDev_Init
                0x0000000000003a14       0x6a ./Profile/hiddev.o
                0x0000000000003a14                HidDev_Init
 .text.HidDev_Register
                0x0000000000003a7e        0xa ./Profile/hiddev.o
                0x0000000000003a7e                HidDev_Register
 .text.HidDev_RegisterReports
                0x0000000000003a88        0xa ./Profile/hiddev.o
                0x0000000000003a88                HidDev_RegisterReports
 .text.HidDev_Report
                0x0000000000003a92      0x12e ./Profile/hiddev.o
                0x0000000000003a92                HidDev_Report
 .text.HidDev_ReadAttrCB
                0x0000000000003bc0      0x106 ./Profile/hiddev.o
                0x0000000000003bc0                HidDev_ReadAttrCB
 .text.HidDev_WriteAttrCB
                0x0000000000003cc6      0x148 ./Profile/hiddev.o
                0x0000000000003cc6                HidDev_WriteAttrCB
 .text.Hid_AddService
                0x0000000000003e0e      0x10a ./Profile/hidkbdservice.o
                0x0000000000003e0e                Hid_AddService
 .text.Hid_SetParameter
                0x0000000000003f18       0x5a ./Profile/hidkbdservice.o
                0x0000000000003f18                Hid_SetParameter
 .text.Hid_GetParameter
                0x0000000000003f72       0x42 ./Profile/hidkbdservice.o
                0x0000000000003f72                Hid_GetParameter
 .text.scanParamReadAttrCB
                0x0000000000003fb4        0x4 ./Profile/scanparamservice.o
 .text.scanParamWriteAttrCB
                0x0000000000003fb8       0x66 ./Profile/scanparamservice.o
 .text.ScanParam_AddService
                0x000000000000401e       0x2c ./Profile/scanparamservice.o
                0x000000000000401e                ScanParam_AddService
 .text.ScanParam_Register
                0x000000000000404a        0x6 ./Profile/scanparamservice.o
                0x000000000000404a                ScanParam_Register
 .text.ScanParam_RefreshNotify
                0x0000000000004050       0x5c ./Profile/scanparamservice.o
                0x0000000000004050                ScanParam_RefreshNotify
 .text.ScanParam_HandleConnStatusCB
                0x00000000000040ac       0x3e ./Profile/scanparamservice.o
                0x00000000000040ac                ScanParam_HandleConnStatusCB
 .text.Lib_Calibration_LSI
                0x00000000000040ea       0x30 ./HAL/MCU.o
                0x00000000000040ea                Lib_Calibration_LSI
 .text.Lib_Read_Flash
                0x000000000000411a       0x1c ./HAL/MCU.o
                0x000000000000411a                Lib_Read_Flash
 .text.Lib_Write_Flash
                0x0000000000004136       0x42 ./HAL/MCU.o
                0x0000000000004136                Lib_Write_Flash
 .text.HAL_GetInterTempValue
                0x0000000000004178       0x72 ./HAL/MCU.o
                0x0000000000004178                HAL_GetInterTempValue
 .text.HAL_ProcessEvent
                0x00000000000041ea       0x7e ./HAL/MCU.o
                0x00000000000041ea                HAL_ProcessEvent
 .text.CH57X_BLEInit
                0x0000000000004268      0x12c ./HAL/MCU.o
                0x0000000000004268                CH57X_BLEInit
 .text.HAL_Init
                0x0000000000004394       0x34 ./HAL/MCU.o
                0x0000000000004394                HAL_Init
 .text.HAL_TimeInit
                0x00000000000043c8       0x50 ./HAL/RTC.o
                0x00000000000043c8                HAL_TimeInit
 .text.hidEmuEvtCB
                0x0000000000004418        0x2 ./APP/Main.o
 .text.hidEmuStateCB
                0x000000000000441a       0xd4 ./APP/Main.o
 .text.HidEmu_ProcessEvent
                0x00000000000044ee       0x70 ./APP/Main.o
                0x00000000000044ee                HidEmu_ProcessEvent
 .text.hidEmuRptCB
                0x000000000000455e       0xc8 ./APP/Main.o
 .text.HidEmu_Init
                0x0000000000004626       0xea ./APP/Main.o
                0x0000000000004626                HidEmu_Init
 .text.startup.main
                0x0000000000004710      0x17a ./APP/Main.o
                0x0000000000004710                main
 .text.tmos_msg_enqueue
                0x000000000000488a       0x1e C:\Users\8\Desktop\EXAM\BLE\LIB\libCH57xBLE.a(message.o)
                0x000000000000488a                tmos_msg_enqueue
 .text.tmos_msg_deallocate
                0x00000000000048a8       0x2c C:\Users\8\Desktop\EXAM\BLE\LIB\libCH57xBLE.a(message.o)
                0x00000000000048a8                tmos_msg_deallocate
 .text.tmos_msg_allocate
                0x00000000000048d4       0x3e C:\Users\8\Desktop\EXAM\BLE\LIB\libCH57xBLE.a(message.o)
                0x00000000000048d4                tmos_msg_allocate
 .text.tmos_msg_receive
                0x0000000000004912       0x68 C:\Users\8\Desktop\EXAM\BLE\LIB\libCH57xBLE.a(message.o)
                0x0000000000004912                tmos_msg_receive
 .text.tmos_msg_send
                0x000000000000497a       0x56 C:\Users\8\Desktop\EXAM\BLE\LIB\libCH57xBLE.a(message.o)
                0x000000000000497a                tmos_msg_send
 .text.tmos_msg_init
                0x00000000000049d0        0x6 C:\Users\8\Desktop\EXAM\BLE\LIB\libCH57xBLE.a(message.o)
                0x00000000000049d0                tmos_msg_init
 .text.tmosFindTask
                0x00000000000049d6       0x20 C:\Users\8\Desktop\EXAM\BLE\LIB\libCH57xBLE.a(tmos.o)
 .text.TMOS_CbTimerProcessEvent
                0x00000000000049f6       0x7c C:\Users\8\Desktop\EXAM\BLE\LIB\libCH57xBLE.a(tmos.o)
                0x00000000000049f6                TMOS_CbTimerProcessEvent
 .text.tmos_rand
                0x0000000000004a72       0x54 C:\Users\8\Desktop\EXAM\BLE\LIB\libCH57xBLE.a(tmos.o)
                0x0000000000004a72                tmos_rand
 .text.tmos_query_sleep_time
                0x0000000000004ac6      0x178 C:\Users\8\Desktop\EXAM\BLE\LIB\libCH57xBLE.a(tmos.o)
                0x0000000000004ac6                tmos_query_sleep_time
 .text.tmos_memset
                0x0000000000004c3e       0x12 C:\Users\8\Desktop\EXAM\BLE\LIB\libCH57xBLE.a(tmos.o)
                0x0000000000004c3e                tmos_memset
 .text.tmos_strlen
                0x0000000000004c50       0x14 C:\Users\8\Desktop\EXAM\BLE\LIB\libCH57xBLE.a(tmos.o)
                0x0000000000004c50                tmos_strlen
 .text.tmos_memdup
                0x0000000000004c64       0x3c C:\Users\8\Desktop\EXAM\BLE\LIB\libCH57xBLE.a(tmos.o)
                0x0000000000004c64                tmos_memdup
 .text.tmos_memcmp
                0x0000000000004ca0       0x24 C:\Users\8\Desktop\EXAM\BLE\LIB\libCH57xBLE.a(tmos.o)
                0x0000000000004ca0                tmos_memcmp
 .text.tmos_revmemcpy
                0x0000000000004cc4       0x1c C:\Users\8\Desktop\EXAM\BLE\LIB\libCH57xBLE.a(tmos.o)
                0x0000000000004cc4                tmos_revmemcpy
 .text.tmos_isbufset
                0x0000000000004ce0       0x1e C:\Users\8\Desktop\EXAM\BLE\LIB\libCH57xBLE.a(tmos.o)
                0x0000000000004ce0                tmos_isbufset
 .text.tmos_set_event
                0x0000000000004cfe       0x2a C:\Users\8\Desktop\EXAM\BLE\LIB\libCH57xBLE.a(tmos.o)
                0x0000000000004cfe                tmos_set_event
 .text.tmos_query_system_time
                0x0000000000004d28       0xae C:\Users\8\Desktop\EXAM\BLE\LIB\libCH57xBLE.a(tmos.o)
                0x0000000000004d28                tmos_query_system_time
 .text.tmos_clear_event
                0x0000000000004dd6       0x2e C:\Users\8\Desktop\EXAM\BLE\LIB\libCH57xBLE.a(tmos.o)
                0x0000000000004dd6                tmos_clear_event
 .text.tmos_start_task
                0x0000000000004e04       0x90 C:\Users\8\Desktop\EXAM\BLE\LIB\libCH57xBLE.a(tmos.o)
                0x0000000000004e04                tmos_start_task
 .text.tmos_start_callback_task
                0x0000000000004e94       0xac C:\Users\8\Desktop\EXAM\BLE\LIB\libCH57xBLE.a(tmos.o)
                0x0000000000004e94                tmos_start_callback_task
 .text.tmos_start_reload_task
                0x0000000000004f40       0x30 C:\Users\8\Desktop\EXAM\BLE\LIB\libCH57xBLE.a(tmos.o)
                0x0000000000004f40                tmos_start_reload_task
 .text.tmos_stop_task
                0x0000000000004f70       0x34 C:\Users\8\Desktop\EXAM\BLE\LIB\libCH57xBLE.a(tmos.o)
                0x0000000000004f70                tmos_stop_task
 .text.tmos_stop_callback_task
                0x0000000000004fa4       0x5c C:\Users\8\Desktop\EXAM\BLE\LIB\libCH57xBLE.a(tmos.o)
                0x0000000000004fa4                tmos_stop_callback_task
 .text.tmos_get_task_timer
                0x0000000000005000       0x16 C:\Users\8\Desktop\EXAM\BLE\LIB\libCH57xBLE.a(tmos.o)
                0x0000000000005000                tmos_get_task_timer
 .text.tmos_update_callback_timer
                0x0000000000005016       0x64 C:\Users\8\Desktop\EXAM\BLE\LIB\libCH57xBLE.a(tmos.o)
                0x0000000000005016                tmos_update_callback_timer
 .text.TMOS_Set32KTuneValue
                0x000000000000507a        0xa C:\Users\8\Desktop\EXAM\BLE\LIB\libCH57xBLE.a(tmos.o)
                0x000000000000507a                TMOS_Set32KTuneValue
 .text.TMOS_TimerRegister
                0x0000000000005084       0x1a C:\Users\8\Desktop\EXAM\BLE\LIB\libCH57xBLE.a(tmos.o)
                0x0000000000005084                TMOS_TimerRegister
 .text.TMOS_ProcessRegister
                0x000000000000509e       0x16 C:\Users\8\Desktop\EXAM\BLE\LIB\libCH57xBLE.a(tmos.o)
                0x000000000000509e                TMOS_ProcessRegister
 .text.TMOS_Init
                0x00000000000050b4       0xc2 C:\Users\8\Desktop\EXAM\BLE\LIB\libCH57xBLE.a(tmos.o)
                0x00000000000050b4                TMOS_Init
 .text.TMOS_ProcessEventRegister
                0x0000000000005176       0x38 C:\Users\8\Desktop\EXAM\BLE\LIB\libCH57xBLE.a(tmos.o)
                0x0000000000005176                TMOS_ProcessEventRegister
 .text.BLE_LibInit
                0x00000000000051ae      0x158 C:\Users\8\Desktop\EXAM\BLE\LIB\libCH57xBLE.a(tmos.o)
                0x00000000000051ae                BLE_LibInit
 .text.ble_ll_common_rand8
                0x0000000000005306       0x24 C:\Users\8\Desktop\EXAM\BLE\LIB\libCH57xBLE.a(tmos_hw.o)
                0x0000000000005306                ble_ll_common_rand8
 .text.ble_ll_common_rand16
                0x000000000000532a       0x24 C:\Users\8\Desktop\EXAM\BLE\LIB\libCH57xBLE.a(tmos_hw.o)
                0x000000000000532a                ble_ll_common_rand16
 .text.ble_ll_common_rand32
                0x000000000000534e       0x20 C:\Users\8\Desktop\EXAM\BLE\LIB\libCH57xBLE.a(tmos_hw.o)
                0x000000000000534e                ble_ll_common_rand32
 .text.ll_hw_temp_sample
                0x000000000000536e       0xc0 C:\Users\8\Desktop\EXAM\BLE\LIB\libCH57xBLE.a(tmos_hw.o)
                0x000000000000536e                ll_hw_temp_sample
 .text.TMOS_TimerInit
                0x000000000000542e       0x5e C:\Users\8\Desktop\EXAM\BLE\LIB\libCH57xBLE.a(tmos_hw.o)
                0x000000000000542e                TMOS_TimerInit
 .text.tmos_snv_init
                0x000000000000548c       0xba C:\Users\8\Desktop\EXAM\BLE\LIB\libCH57xBLE.a(tmos_snv.o)
                0x000000000000548c                tmos_snv_init
 .text.tmos_snv_clear
                0x0000000000005546       0xac C:\Users\8\Desktop\EXAM\BLE\LIB\libCH57xBLE.a(tmos_snv.o)
                0x0000000000005546                tmos_snv_clear
 .text.tmos_snv_read
                0x00000000000055f2       0xea C:\Users\8\Desktop\EXAM\BLE\LIB\libCH57xBLE.a(tmos_snv.o)
                0x00000000000055f2                tmos_snv_read
 .text.tmos_snv_notify
                0x00000000000056dc       0x5e C:\Users\8\Desktop\EXAM\BLE\LIB\libCH57xBLE.a(tmos_snv.o)
                0x00000000000056dc                tmos_snv_notify
 .text.tmos_snv_write
                0x000000000000573a      0x116 C:\Users\8\Desktop\EXAM\BLE\LIB\libCH57xBLE.a(tmos_snv.o)
                0x000000000000573a                tmos_snv_write
 .text.tmos_snv_compact
                0x0000000000005850       0x48 C:\Users\8\Desktop\EXAM\BLE\LIB\libCH57xBLE.a(tmos_snv.o)
                0x0000000000005850                tmos_snv_compact
 .text.disconnectNext
                0x0000000000005898       0x22 C:\Users\8\Desktop\EXAM\BLE\LIB\libCH57xBLE.a(gap.o)
 .text.GAP_ParamInit
                0x00000000000058ba       0x80 C:\Users\8\Desktop\EXAM\BLE\LIB\libCH57xBLE.a(gap.o)
                0x00000000000058ba                GAP_ParamInit
 .text.sendTerminateEvent
                0x000000000000593a       0x58 C:\Users\8\Desktop\EXAM\BLE\LIB\libCH57xBLE.a(gap.o)
                0x000000000000593a                sendTerminateEvent
 .text.gapRegisterCentral
                0x0000000000005992        0x6 C:\Users\8\Desktop\EXAM\BLE\LIB\libCH57xBLE.a(gap.o)
                0x0000000000005992                gapRegisterCentral
 .text.gapRegisterCentralConn
                0x0000000000005998        0x6 C:\Users\8\Desktop\EXAM\BLE\LIB\libCH57xBLE.a(gap.o)
                0x0000000000005998                gapRegisterCentralConn
 .text.gapRegisterPeripheral
                0x000000000000599e        0x6 C:\Users\8\Desktop\EXAM\BLE\LIB\libCH57xBLE.a(gap.o)
                0x000000000000599e                gapRegisterPeripheral
 .text.gapRegisterPeripheralConn
                0x00000000000059a4        0x6 C:\Users\8\Desktop\EXAM\BLE\LIB\libCH57xBLE.a(gap.o)
                0x00000000000059a4                gapRegisterPeripheralConn
 .text.smGenerateRandBuf
                0x00000000000059aa       0x56 C:\Users\8\Desktop\EXAM\BLE\LIB\libCH57xBLE.a(gap.o)
                0x00000000000059aa                smGenerateRandBuf
 .text.gapL2capConnParamUpdateReq
                0x0000000000005a00       0x32 C:\Users\8\Desktop\EXAM\BLE\LIB\libCH57xBLE.a(gap.o)
                0x0000000000005a00                gapL2capConnParamUpdateReq
 .text.gapValidADType
                0x0000000000005a32       0x16 C:\Users\8\Desktop\EXAM\BLE\LIB\libCH57xBLE.a(gap.o)
                0x0000000000005a32                gapValidADType
 .text.gapFindADType
                0x0000000000005a48       0x8e C:\Users\8\Desktop\EXAM\BLE\LIB\libCH57xBLE.a(gap.o)
                0x0000000000005a48                gapFindADType
 .text.GAP_SecParamsInit
                0x0000000000005ad6       0x9e C:\Users\8\Desktop\EXAM\BLE\LIB\libCH57xBLE.a(gap.o)
                0x0000000000005ad6                GAP_SecParamsInit
 .text.GAP_ParamsInit
                0x0000000000005b74       0x48 C:\Users\8\Desktop\EXAM\BLE\LIB\libCH57xBLE.a(gap.o)
                0x0000000000005b74                GAP_ParamsInit
 .text.gapAddAddrAdj
                0x0000000000005bbc       0x48 C:\Users\8\Desktop\EXAM\BLE\LIB\libCH57xBLE.a(gap.o)
                0x0000000000005bbc                gapAddAddrAdj
 .text.gapDetermineAddrType
                0x0000000000005c04       0x28 C:\Users\8\Desktop\EXAM\BLE\LIB\libCH57xBLE.a(gap.o)
                0x0000000000005c04                gapDetermineAddrType
 .text.gapFreeAuthLink
                0x0000000000005c2c       0x4a C:\Users\8\Desktop\EXAM\BLE\LIB\libCH57xBLE.a(gap.o)
                0x0000000000005c2c                gapFreeAuthLink
 .text.gapGetDevAddress
                0x0000000000005c76       0x24 C:\Users\8\Desktop\EXAM\BLE\LIB\libCH57xBLE.a(gap.o)
                0x0000000000005c76                gapGetDevAddress
 .text.gapGetDevAddressMode
                0x0000000000005c9a        0xa C:\Users\8\Desktop\EXAM\BLE\LIB\libCH57xBLE.a(gap.o)
                0x0000000000005c9a                gapGetDevAddressMode
 .text.gapGetIRK
                0x0000000000005ca4        0xc C:\Users\8\Desktop\EXAM\BLE\LIB\libCH57xBLE.a(gap.o)
                0x0000000000005ca4                gapGetIRK
 .text.gapGetSRK
                0x0000000000005cb0        0xc C:\Users\8\Desktop\EXAM\BLE\LIB\libCH57xBLE.a(gap.o)
                0x0000000000005cb0                gapGetSRK
 .text.gapGetSignCounter
                0x0000000000005cbc        0xe C:\Users\8\Desktop\EXAM\BLE\LIB\libCH57xBLE.a(gap.o)
                0x0000000000005cbc                gapGetSignCounter
 .text.gapIncSignCounter
                0x0000000000005cca       0x28 C:\Users\8\Desktop\EXAM\BLE\LIB\libCH57xBLE.a(gap.o)
                0x0000000000005cca                gapIncSignCounter
 .text.gapProcessConnEvt
                0x0000000000005cf2       0x48 C:\Users\8\Desktop\EXAM\BLE\LIB\libCH57xBLE.a(gap.o)
                0x0000000000005cf2                gapProcessConnEvt
 .text.gapProcessDisconnectCompleteEvt
                0x0000000000005d3a       0xaa C:\Users\8\Desktop\EXAM\BLE\LIB\libCH57xBLE.a(gap.o)
                0x0000000000005d3a                gapProcessDisconnectCompleteEvt
 .text.sendAuthEvent
                0x0000000000005de4      0x11c C:\Users\8\Desktop\EXAM\BLE\LIB\libCH57xBLE.a(gap.o)
                0x0000000000005de4                sendAuthEvent
 .text.gapSendBondCompleteEvent
                0x0000000000005f00       0x70 C:\Users\8\Desktop\EXAM\BLE\LIB\libCH57xBLE.a(gap.o)
                0x0000000000005f00                gapSendBondCompleteEvent
 .text.gapSendPairingReqEvent
                0x0000000000005f70       0x92 C:\Users\8\Desktop\EXAM\BLE\LIB\libCH57xBLE.a(gap.o)
                0x0000000000005f70                gapSendPairingReqEvent
 .text.gapSendSlaveSecurityReqEvent
                0x0000000000006002       0x68 C:\Users\8\Desktop\EXAM\BLE\LIB\libCH57xBLE.a(gap.o)
                0x0000000000006002                gapSendSlaveSecurityReqEvent
 .text.gapSendDeviceInitDoneEvent
                0x000000000000606a       0x88 C:\Users\8\Desktop\EXAM\BLE\LIB\libCH57xBLE.a(gap.o)
                0x000000000000606a                gapSendDeviceInitDoneEvent
 .text.gapSendLinkUpdateEvent
                0x00000000000060f2       0x84 C:\Users\8\Desktop\EXAM\BLE\LIB\libCH57xBLE.a(gap.o)
                0x00000000000060f2                gapSendLinkUpdateEvent
 .text.gapSendEstLinkEvent
                0x0000000000006176       0xb8 C:\Users\8\Desktop\EXAM\BLE\LIB\libCH57xBLE.a(gap.o)
                0x0000000000006176                gapSendEstLinkEvent
 .text.gapProcessNewAddr
                0x000000000000622e       0x3e C:\Users\8\Desktop\EXAM\BLE\LIB\libCH57xBLE.a(gap.o)
                0x000000000000622e                gapProcessNewAddr
 .text.gapProcessRandomAddrComplete
                0x000000000000626c       0xb6 C:\Users\8\Desktop\EXAM\BLE\LIB\libCH57xBLE.a(gap.o)
                0x000000000000626c                gapProcessRandomAddrComplete
 .text.GAP_Authenticate
                0x0000000000006322       0xd2 C:\Users\8\Desktop\EXAM\BLE\LIB\libCH57xBLE.a(gap.o)
                0x0000000000006322                GAP_Authenticate
 .text.GAP_Bond
                0x00000000000063f4       0xa2 C:\Users\8\Desktop\EXAM\BLE\LIB\libCH57xBLE.a(gap.o)
                0x00000000000063f4                GAP_Bond
 .text.GAP_GetParamValue
                0x0000000000006496       0x1e C:\Users\8\Desktop\EXAM\BLE\LIB\libCH57xBLE.a(gap.o)
                0x0000000000006496                GAP_GetParamValue
 .text.GAP_PasscodeUpdate
                0x00000000000064b4       0x50 C:\Users\8\Desktop\EXAM\BLE\LIB\libCH57xBLE.a(gap.o)
                0x00000000000064b4                GAP_PasscodeUpdate
 .text.GAP_RegisterForMsgs
                0x0000000000006504        0x6 C:\Users\8\Desktop\EXAM\BLE\LIB\libCH57xBLE.a(gap.o)
                0x0000000000006504                GAP_RegisterForMsgs
 .text.GAP_ResolvePrivateAddr
                0x000000000000650a        0x4 C:\Users\8\Desktop\EXAM\BLE\LIB\libCH57xBLE.a(gap.o)
                0x000000000000650a                GAP_ResolvePrivateAddr
 .text.gapPairingCompleteCB
                0x000000000000650e      0x188 C:\Users\8\Desktop\EXAM\BLE\LIB\libCH57xBLE.a(gap.o)
                0x000000000000650e                gapPairingCompleteCB
 .text.gapPasskeyNeededCB
                0x0000000000006696       0x8e C:\Users\8\Desktop\EXAM\BLE\LIB\libCH57xBLE.a(gap.o)
                0x0000000000006696                gapPasskeyNeededCB
 .text.gapFreeEstLink
                0x0000000000006724       0x20 C:\Users\8\Desktop\EXAM\BLE\LIB\libCH57xBLE.a(gap.o)
                0x0000000000006724                gapFreeEstLink
 .text.gapUpdateConnSignCounter
                0x0000000000006744       0x7a C:\Users\8\Desktop\EXAM\BLE\LIB\libCH57xBLE.a(gap.o)
                0x0000000000006744                gapUpdateConnSignCounter
 .text.GAP_SendSlaveSecurityRequest
                0x00000000000067be       0x4c C:\Users\8\Desktop\EXAM\BLE\LIB\libCH57xBLE.a(gap.o)
                0x00000000000067be                GAP_SendSlaveSecurityRequest
 .text.GAP_Signable
                0x000000000000680a       0x66 C:\Users\8\Desktop\EXAM\BLE\LIB\libCH57xBLE.a(gap.o)
                0x000000000000680a                GAP_Signable
 .text.GAP_TerminateAuth
                0x0000000000006870       0x2a C:\Users\8\Desktop\EXAM\BLE\LIB\libCH57xBLE.a(gap.o)
                0x0000000000006870                GAP_TerminateAuth
 .text.GAP_NumActiveConnections
                0x000000000000689a        0x4 C:\Users\8\Desktop\EXAM\BLE\LIB\libCH57xBLE.a(gap.o)
                0x000000000000689a                GAP_NumActiveConnections
 .text.GAP_TerminateLinkReq
                0x000000000000689e       0x8e C:\Users\8\Desktop\EXAM\BLE\LIB\libCH57xBLE.a(gap.o)
                0x000000000000689e                GAP_TerminateLinkReq
 .text.GAP_SetParamValue
                0x000000000000692c       0x4a C:\Users\8\Desktop\EXAM\BLE\LIB\libCH57xBLE.a(gap.o)
                0x000000000000692c                GAP_SetParamValue
 .text.GAP_Init
                0x0000000000006976       0x44 C:\Users\8\Desktop\EXAM\BLE\LIB\libCH57xBLE.a(gap.o)
                0x0000000000006976                GAP_Init
 .text.GAP_ProcessEvent
                0x00000000000069ba      0x58e C:\Users\8\Desktop\EXAM\BLE\LIB\libCH57xBLE.a(gap.o)
                0x00000000000069ba                GAP_ProcessEvent
 .text.gapSendScanEnable
                0x0000000000006f48       0x1e C:\Users\8\Desktop\EXAM\BLE\LIB\libCH57xBLE.a(gap_central.o)
 .text.gapCentProcessConnEvt
                0x0000000000006f66      0x148 C:\Users\8\Desktop\EXAM\BLE\LIB\libCH57xBLE.a(gap_central.o)
                0x0000000000006f66                gapCentProcessConnEvt
 .text.gapCancelLinkReq
                0x00000000000070ae       0x38 C:\Users\8\Desktop\EXAM\BLE\LIB\libCH57xBLE.a(gap_central.o)
                0x00000000000070ae                gapCancelLinkReq
 .text.GAP_CentralParamInit
                0x00000000000070e6       0x4c C:\Users\8\Desktop\EXAM\BLE\LIB\libCH57xBLE.a(gap_central.o)
                0x00000000000070e6                GAP_CentralParamInit
 .text.gapProcessAdvertDevInfo
                0x0000000000007132      0x240 C:\Users\8\Desktop\EXAM\BLE\LIB\libCH57xBLE.a(gap_central.o)
                0x0000000000007132                gapProcessAdvertDevInfo
 .text.gapFreeScanRecs
                0x0000000000007372       0xa2 C:\Users\8\Desktop\EXAM\BLE\LIB\libCH57xBLE.a(gap_central.o)
                0x0000000000007372                gapFreeScanRecs
 .text.gapSendDevDiscEvent
                0x0000000000007414      0x126 C:\Users\8\Desktop\EXAM\BLE\LIB\libCH57xBLE.a(gap_central.o)
                0x0000000000007414                gapSendDevDiscEvent
 .text.gapSetScanParamStatus.part.2
                0x000000000000753a       0x42 C:\Users\8\Desktop\EXAM\BLE\LIB\libCH57xBLE.a(gap_central.o)
 .text.gapCentProcessHCICmdEvt
                0x000000000000757c       0x3e C:\Users\8\Desktop\EXAM\BLE\LIB\libCH57xBLE.a(gap_central.o)
                0x000000000000757c                gapCentProcessHCICmdEvt
 .text.gapProcessScanningEvt
                0x00000000000075ba      0x110 C:\Users\8\Desktop\EXAM\BLE\LIB\libCH57xBLE.a(gap_central.o)
                0x00000000000075ba                gapProcessScanningEvt
 .text.gapProcessScanningDirectEvt
                0x00000000000076ca       0xfe C:\Users\8\Desktop\EXAM\BLE\LIB\libCH57xBLE.a(gap_central.o)
                0x00000000000076ca                gapProcessScanningDirectEvt
 .text.GAP_CentConnRegister
                0x00000000000077c8       0x12 C:\Users\8\Desktop\EXAM\BLE\LIB\libCH57xBLE.a(gap_central.o)
                0x00000000000077c8                GAP_CentConnRegister
 .text.GAP_CentDevMgrInit
                0x00000000000077da       0x94 C:\Users\8\Desktop\EXAM\BLE\LIB\libCH57xBLE.a(gap_central.o)
                0x00000000000077da                GAP_CentDevMgrInit
 .text.gapFreeAdvertState
                0x000000000000786e       0x20 C:\Users\8\Desktop\EXAM\BLE\LIB\libCH57xBLE.a(gap_peripheral.o)
 .text.gapPeriProcessConnEvt
                0x000000000000788e       0xbc C:\Users\8\Desktop\EXAM\BLE\LIB\libCH57xBLE.a(gap_peripheral.o)
 .text.gapSetAdvParams
                0x000000000000794a       0x7e C:\Users\8\Desktop\EXAM\BLE\LIB\libCH57xBLE.a(gap_peripheral.o)
 .text.GAP_PeripheralParamInit
                0x00000000000079c8       0x4a C:\Users\8\Desktop\EXAM\BLE\LIB\libCH57xBLE.a(gap_peripheral.o)
                0x00000000000079c8                GAP_PeripheralParamInit
 .text.gapSendMakeDiscEvent
                0x0000000000007a12       0x50 C:\Users\8\Desktop\EXAM\BLE\LIB\libCH57xBLE.a(gap_peripheral.o)
                0x0000000000007a12                gapSendMakeDiscEvent
 .text.gapPeriProcessHCICmdCompleteEvt
                0x0000000000007a62      0x194 C:\Users\8\Desktop\EXAM\BLE\LIB\libCH57xBLE.a(gap_peripheral.o)
 .text.GAP_MakeDiscoverable
                0x0000000000007bf6       0xf0 C:\Users\8\Desktop\EXAM\BLE\LIB\libCH57xBLE.a(gap_peripheral.o)
                0x0000000000007bf6                GAP_MakeDiscoverable
 .text.GAP_EndDiscoverable
                0x0000000000007ce6       0x5c C:\Users\8\Desktop\EXAM\BLE\LIB\libCH57xBLE.a(gap_peripheral.o)
                0x0000000000007ce6                GAP_EndDiscoverable
 .text.gapProcessAdvertisingEvt
                0x0000000000007d42       0x90 C:\Users\8\Desktop\EXAM\BLE\LIB\libCH57xBLE.a(gap_peripheral.o)
 .text.GAP_UpdateAdvertisingData
                0x0000000000007dd2       0xb8 C:\Users\8\Desktop\EXAM\BLE\LIB\libCH57xBLE.a(gap_peripheral.o)
                0x0000000000007dd2                GAP_UpdateAdvertisingData
 .text.GAP_ConfigDeviceAddr
                0x0000000000007e8a      0x10e C:\Users\8\Desktop\EXAM\BLE\LIB\libCH57xBLE.a(gap_peripheral.o)
                0x0000000000007e8a                GAP_ConfigDeviceAddr
 .text.GAP_PeriConnRegister
                0x0000000000007f98       0x2a C:\Users\8\Desktop\EXAM\BLE\LIB\libCH57xBLE.a(gap_peripheral.o)
                0x0000000000007f98                GAP_PeriConnRegister
 .text.GAP_PeriDevMgrInit
                0x0000000000007fc2       0xbc C:\Users\8\Desktop\EXAM\BLE\LIB\libCH57xBLE.a(gap_peripheral.o)
                0x0000000000007fc2                GAP_PeriDevMgrInit
 .text.ggs_SetAttrWPermit
                0x000000000000807e       0x68 C:\Users\8\Desktop\EXAM\BLE\LIB\libCH57xBLE.a(gapgattserver.o)
 .text.ggs_ReadAttrCB
                0x00000000000080e6      0x152 C:\Users\8\Desktop\EXAM\BLE\LIB\libCH57xBLE.a(gapgattserver.o)
 .text.ggs_WriteAttrCB
                0x0000000000008238      0x154 C:\Users\8\Desktop\EXAM\BLE\LIB\libCH57xBLE.a(gapgattserver.o)
 .text.GGS_ParamInit
                0x000000000000838c      0x23a C:\Users\8\Desktop\EXAM\BLE\LIB\libCH57xBLE.a(gapgattserver.o)
                0x000000000000838c                GGS_ParamInit
 .text.GGS_SetParameter
                0x00000000000085c6       0xde C:\Users\8\Desktop\EXAM\BLE\LIB\libCH57xBLE.a(gapgattserver.o)
                0x00000000000085c6                GGS_SetParameter
 .text.GGS_AddService
                0x00000000000086a4       0x2c C:\Users\8\Desktop\EXAM\BLE\LIB\libCH57xBLE.a(gapgattserver.o)
                0x00000000000086a4                GGS_AddService
 .text.GAP_DeviceInit
                0x00000000000086d0       0xd8 C:\Users\8\Desktop\EXAM\BLE\LIB\libCH57xBLE.a(gapgattserver.o)
                0x00000000000086d0                GAP_DeviceInit
 .text.gattGetPayload
                0x00000000000087a8       0x7e C:\Users\8\Desktop\EXAM\BLE\LIB\libCH57xBLE.a(gatt.o)
                0x00000000000087a8                gattGetPayload
 .text.gattNotifyEvent
                0x0000000000008826       0x80 C:\Users\8\Desktop\EXAM\BLE\LIB\libCH57xBLE.a(gatt.o)
                0x0000000000008826                gattNotifyEvent
 .text.gattSendFlowCtrlEvt
                0x00000000000088a6       0x4a C:\Users\8\Desktop\EXAM\BLE\LIB\libCH57xBLE.a(gatt.o)
                0x00000000000088a6                gattSendFlowCtrlEvt
 .text.gattStartTimer
                0x00000000000088f0        0xc C:\Users\8\Desktop\EXAM\BLE\LIB\libCH57xBLE.a(gatt.o)
                0x00000000000088f0                gattStartTimer
 .text.gattStopTimer
                0x00000000000088fc       0x32 C:\Users\8\Desktop\EXAM\BLE\LIB\libCH57xBLE.a(gatt.o)
                0x00000000000088fc                gattStopTimer
 .text.GATT_AppCompletedMsg
                0x000000000000892e       0x30 C:\Users\8\Desktop\EXAM\BLE\LIB\libCH57xBLE.a(gatt.o)
                0x000000000000892e                GATT_AppCompletedMsg
 .text.GATT_NotifyEvent
                0x000000000000895e       0x4e C:\Users\8\Desktop\EXAM\BLE\LIB\libCH57xBLE.a(gatt.o)
                0x000000000000895e                GATT_NotifyEvent
 .text.gattRegisterServer
                0x00000000000089ac        0x6 C:\Users\8\Desktop\EXAM\BLE\LIB\libCH57xBLE.a(gatt.o)
                0x00000000000089ac                gattRegisterServer
 .text.GATT_UpdateMTU
                0x00000000000089b2       0x5c C:\Users\8\Desktop\EXAM\BLE\LIB\libCH57xBLE.a(gatt.o)
                0x00000000000089b2                GATT_UpdateMTU
 .text.GATT_bm_alloc
                0x0000000000008a0e       0xe8 C:\Users\8\Desktop\EXAM\BLE\LIB\libCH57xBLE.a(gatt.o)
                0x0000000000008a0e                GATT_bm_alloc
 .text.GATT_ServiceChangedInd
                0x0000000000008af6       0x94 C:\Users\8\Desktop\EXAM\BLE\LIB\libCH57xBLE.a(gatt.o)
                0x0000000000008af6                GATT_ServiceChangedInd
 .text.GATT_bm_free
                0x0000000000008b8a       0x1c C:\Users\8\Desktop\EXAM\BLE\LIB\libCH57xBLE.a(gatt.o)
                0x0000000000008b8a                GATT_bm_free
 .text.GATT_RegisterForPeriMsgs
                0x0000000000008ba6        0x6 C:\Users\8\Desktop\EXAM\BLE\LIB\libCH57xBLE.a(gatt.o)
                0x0000000000008ba6                GATT_RegisterForPeriMsgs
 .text.GATT_Init
                0x0000000000008bac       0x30 C:\Users\8\Desktop\EXAM\BLE\LIB\libCH57xBLE.a(gatt.o)
                0x0000000000008bac                GATT_Init
 .text.GATT_ProcessEvent
                0x0000000000008bdc      0x136 C:\Users\8\Desktop\EXAM\BLE\LIB\libCH57xBLE.a(gatt.o)
                0x0000000000008bdc                GATT_ProcessEvent
 .text.gattProcessExchangeMTUReq
                0x0000000000008d12        0x4 C:\Users\8\Desktop\EXAM\BLE\LIB\libCH57xBLE.a(gattservapp.o)
 .text.gattServApp_FindCharCfgItem
                0x0000000000008d16       0x24 C:\Users\8\Desktop\EXAM\BLE\LIB\libCH57xBLE.a(gattservapp.o)
 .text.gattServerHandleTimerCB
                0x0000000000008d3a       0x3c C:\Users\8\Desktop\EXAM\BLE\LIB\libCH57xBLE.a(gattservapp.o)
 .text.gattProcessExecuteWriteReq
                0x0000000000008d76        0x4 C:\Users\8\Desktop\EXAM\BLE\LIB\libCH57xBLE.a(gattservapp.o)
 .text.GATTServApp_ParamInit
                0x0000000000008d7a       0xd8 C:\Users\8\Desktop\EXAM\BLE\LIB\libCH57xBLE.a(gattservapp.o)
                0x0000000000008d7a                GATTServApp_ParamInit
 .text.GATTServApp_ReadCharCfg
                0x0000000000008e52       0x18 C:\Users\8\Desktop\EXAM\BLE\LIB\libCH57xBLE.a(gattservapp.o)
                0x0000000000008e52                GATTServApp_ReadCharCfg
 .text.GATTServApp_WriteCharCfg
                0x0000000000008e6a       0x3c C:\Users\8\Desktop\EXAM\BLE\LIB\libCH57xBLE.a(gattservapp.o)
                0x0000000000008e6a                GATTServApp_WriteCharCfg
 .text.GATTServApp_ProcessCCCWriteReq
                0x0000000000008ea6       0x60 C:\Users\8\Desktop\EXAM\BLE\LIB\libCH57xBLE.a(gattservapp.o)
                0x0000000000008ea6                GATTServApp_ProcessCCCWriteReq
 .text.gattServApp_WriteAttrCB
                0x0000000000008f06       0x34 C:\Users\8\Desktop\EXAM\BLE\LIB\libCH57xBLE.a(gattservapp.o)
                0x0000000000008f06                gattServApp_WriteAttrCB
 .text.GATTServApp_SendCCCUpdatedEvent
                0x0000000000008f3a       0x5e C:\Users\8\Desktop\EXAM\BLE\LIB\libCH57xBLE.a(gattservapp.o)
                0x0000000000008f3a                GATTServApp_SendCCCUpdatedEvent
 .text.GATTServApp_SendServiceChangedInd
                0x0000000000008f98       0x38 C:\Users\8\Desktop\EXAM\BLE\LIB\libCH57xBLE.a(gattservapp.o)
                0x0000000000008f98                GATTServApp_SendServiceChangedInd
 .text.gattServApp_ClearPrepareWriteQ
                0x0000000000008fd0       0x4c C:\Users\8\Desktop\EXAM\BLE\LIB\libCH57xBLE.a(gattservapp.o)
                0x0000000000008fd0                gattServApp_ClearPrepareWriteQ
 .text.gattServApp_FindPrepareWriteQ
                0x000000000000901c       0x32 C:\Users\8\Desktop\EXAM\BLE\LIB\libCH57xBLE.a(gattservapp.o)
                0x000000000000901c                gattServApp_FindPrepareWriteQ
 .text.gattServApp_FindServiceCBs
                0x000000000000904e       0x18 C:\Users\8\Desktop\EXAM\BLE\LIB\libCH57xBLE.a(gattservapp.o)
                0x000000000000904e                gattServApp_FindServiceCBs
 .text.gattServApp_FindAuthorizeAttrCB
                0x0000000000009066       0x16 C:\Users\8\Desktop\EXAM\BLE\LIB\libCH57xBLE.a(gattservapp.o)
                0x0000000000009066                gattServApp_FindAuthorizeAttrCB
 .text.gattServApp_IsWriteLong
                0x000000000000907c       0xe6 C:\Users\8\Desktop\EXAM\BLE\LIB\libCH57xBLE.a(gattservapp.o)
                0x000000000000907c                gattServApp_IsWriteLong
 .text.gattFindService
                0x0000000000009162       0x1c C:\Users\8\Desktop\EXAM\BLE\LIB\libCH57xBLE.a(gattservapp.o)
                0x0000000000009162                gattFindService
 .text.GATT_ServiceNumAttrs
                0x000000000000917e       0x18 C:\Users\8\Desktop\EXAM\BLE\LIB\libCH57xBLE.a(gattservapp.o)
                0x000000000000917e                GATT_ServiceNumAttrs
 .text.GATT_ServiceEncKeySize
                0x0000000000009196       0x18 C:\Users\8\Desktop\EXAM\BLE\LIB\libCH57xBLE.a(gattservapp.o)
                0x0000000000009196                GATT_ServiceEncKeySize
 .text.GATT_VerifyWritePermissions.part.7
                0x00000000000091ae       0x2e C:\Users\8\Desktop\EXAM\BLE\LIB\libCH57xBLE.a(gattservapp.o)
 .text.gattResetServerInfo
                0x00000000000091dc       0x1c C:\Users\8\Desktop\EXAM\BLE\LIB\libCH57xBLE.a(gattservapp.o)
                0x00000000000091dc                gattResetServerInfo
 .text.gattFindServerInfo
                0x00000000000091f8       0x32 C:\Users\8\Desktop\EXAM\BLE\LIB\libCH57xBLE.a(gattservapp.o)
                0x00000000000091f8                gattFindServerInfo
 .text.gattServerHandleConnStatusCB
                0x000000000000922a       0x98 C:\Users\8\Desktop\EXAM\BLE\LIB\libCH57xBLE.a(gattservapp.o)
                0x000000000000922a                gattServerHandleConnStatusCB
 .text.gattServerProcessMsgCB
                0x00000000000092c2      0x1c0 C:\Users\8\Desktop\EXAM\BLE\LIB\libCH57xBLE.a(gattservapp.o)
                0x00000000000092c2                gattServerProcessMsgCB
 .text.gattServerNotifyTxCB
                0x0000000000009482       0x28 C:\Users\8\Desktop\EXAM\BLE\LIB\libCH57xBLE.a(gattservapp.o)
 .text.GATT_FindHandle
                0x00000000000094aa       0x4a C:\Users\8\Desktop\EXAM\BLE\LIB\libCH57xBLE.a(gattservapp.o)
                0x00000000000094aa                GATT_FindHandle
 .text.GATTServApp_WriteAttr
                0x00000000000094f4       0xa8 C:\Users\8\Desktop\EXAM\BLE\LIB\libCH57xBLE.a(gattservapp.o)
                0x00000000000094f4                GATTServApp_WriteAttr
 .text.gattServApp_ProcessExecuteWriteReq
                0x000000000000959c      0x100 C:\Users\8\Desktop\EXAM\BLE\LIB\libCH57xBLE.a(gattservapp.o)
                0x000000000000959c                gattServApp_ProcessExecuteWriteReq
 .text.GATTServApp_UpdateCharCfg
                0x000000000000969c       0x1e C:\Users\8\Desktop\EXAM\BLE\LIB\libCH57xBLE.a(gattservapp.o)
                0x000000000000969c                GATTServApp_UpdateCharCfg
 .text.gattServApp_ProcessPrepareWriteReq
                0x00000000000096ba      0x10e C:\Users\8\Desktop\EXAM\BLE\LIB\libCH57xBLE.a(gattservapp.o)
                0x00000000000096ba                gattServApp_ProcessPrepareWriteReq
 .text.gattServApp_ProcessWriteReq
                0x00000000000097c8       0xb0 C:\Users\8\Desktop\EXAM\BLE\LIB\libCH57xBLE.a(gattservapp.o)
                0x00000000000097c8                gattServApp_ProcessWriteReq
 .text.GATT_Indication
                0x0000000000009878       0xa4 C:\Users\8\Desktop\EXAM\BLE\LIB\libCH57xBLE.a(gattservapp.o)
                0x0000000000009878                GATT_Indication
 .text.GATT_FindHandleUUID
                0x000000000000991c       0x94 C:\Users\8\Desktop\EXAM\BLE\LIB\libCH57xBLE.a(gattservapp.o)
                0x000000000000991c                GATT_FindHandleUUID
 .text.gattProcessReadByGrpTypeReq
                0x00000000000099b0       0x60 C:\Users\8\Desktop\EXAM\BLE\LIB\libCH57xBLE.a(gattservapp.o)
 .text.gattProcessReadByTypeReq
                0x0000000000009a10       0x34 C:\Users\8\Desktop\EXAM\BLE\LIB\libCH57xBLE.a(gattservapp.o)
 .text.gattProcessFindByTypeValueReq
                0x0000000000009a44       0x34 C:\Users\8\Desktop\EXAM\BLE\LIB\libCH57xBLE.a(gattservapp.o)
 .text.gattProcessFindInfoReq
                0x0000000000009a78      0x1aa C:\Users\8\Desktop\EXAM\BLE\LIB\libCH57xBLE.a(gattservapp.o)
 .text.GATT_Notification
                0x0000000000009c22       0x78 C:\Users\8\Desktop\EXAM\BLE\LIB\libCH57xBLE.a(gattservapp.o)
                0x0000000000009c22                GATT_Notification
 .text.GATT_VerifyWritePermissions
                0x0000000000009c9a       0x6a C:\Users\8\Desktop\EXAM\BLE\LIB\libCH57xBLE.a(gattservapp.o)
                0x0000000000009c9a                GATT_VerifyWritePermissions
 .text.gattProcessWriteReq
                0x0000000000009d04       0x36 C:\Users\8\Desktop\EXAM\BLE\LIB\libCH57xBLE.a(gattservapp.o)
 .text.GATT_VerifyPrepareWritePermissions
                0x0000000000009d3a       0x56 C:\Users\8\Desktop\EXAM\BLE\LIB\libCH57xBLE.a(gattservapp.o)
                0x0000000000009d3a                GATT_VerifyPrepareWritePermissions
 .text.gattProcessPrepareWriteReq
                0x0000000000009d90       0x36 C:\Users\8\Desktop\EXAM\BLE\LIB\libCH57xBLE.a(gattservapp.o)
 .text.GATT_FindNextAttr
                0x0000000000009dc6       0xc2 C:\Users\8\Desktop\EXAM\BLE\LIB\libCH57xBLE.a(gattservapp.o)
                0x0000000000009dc6                GATT_FindNextAttr
 .text.GATTServApp_ReadAttr
                0x0000000000009e88      0x2e2 C:\Users\8\Desktop\EXAM\BLE\LIB\libCH57xBLE.a(gattservapp.o)
                0x0000000000009e88                GATTServApp_ReadAttr
 .text.gattServApp_ProcessReadMultiReq
                0x000000000000a16a      0x16e C:\Users\8\Desktop\EXAM\BLE\LIB\libCH57xBLE.a(gattservapp.o)
                0x000000000000a16a                gattServApp_ProcessReadMultiReq
 .text.gattServApp_ProcessFindByTypeValueReq
                0x000000000000a2d8      0x19c C:\Users\8\Desktop\EXAM\BLE\LIB\libCH57xBLE.a(gattservapp.o)
                0x000000000000a2d8                gattServApp_ProcessFindByTypeValueReq
 .text.GATT_VerifyReadPermissions
                0x000000000000a474       0x68 C:\Users\8\Desktop\EXAM\BLE\LIB\libCH57xBLE.a(gattservapp.o)
                0x000000000000a474                GATT_VerifyReadPermissions
 .text.gattProcessReadMultiReq
                0x000000000000a4dc       0xae C:\Users\8\Desktop\EXAM\BLE\LIB\libCH57xBLE.a(gattservapp.o)
 .text.gattProcessReadReq
                0x000000000000a58a       0x30 C:\Users\8\Desktop\EXAM\BLE\LIB\libCH57xBLE.a(gattservapp.o)
 .text.gattServApp_ProcessReadByGrpTypeReq
                0x000000000000a5ba      0x21c C:\Users\8\Desktop\EXAM\BLE\LIB\libCH57xBLE.a(gattservapp.o)
                0x000000000000a5ba                gattServApp_ProcessReadByGrpTypeReq
 .text.gattServApp_ProcessReadByTypeReq
                0x000000000000a7d6      0x1ae C:\Users\8\Desktop\EXAM\BLE\LIB\libCH57xBLE.a(gattservapp.o)
                0x000000000000a7d6                gattServApp_ProcessReadByTypeReq
 .text.GATT_RegisterService
                0x000000000000a984       0xee C:\Users\8\Desktop\EXAM\BLE\LIB\libCH57xBLE.a(gattservapp.o)
                0x000000000000a984                GATT_RegisterService
 .text.GATTServApp_RegisterService
                0x000000000000aa72       0x7c C:\Users\8\Desktop\EXAM\BLE\LIB\libCH57xBLE.a(gattservapp.o)
                0x000000000000aa72                GATTServApp_RegisterService
 .text.GATTServApp_AddService
                0x000000000000aaee       0x2c C:\Users\8\Desktop\EXAM\BLE\LIB\libCH57xBLE.a(gattservapp.o)
                0x000000000000aaee                GATTServApp_AddService
 .text.GATTServApp_RegisterForMsg
                0x000000000000ab1a        0x6 C:\Users\8\Desktop\EXAM\BLE\LIB\libCH57xBLE.a(gattservapp.o)
                0x000000000000ab1a                GATTServApp_RegisterForMsg
 .text.GATTServApp_InitCharCfg
                0x000000000000ab20       0x3e C:\Users\8\Desktop\EXAM\BLE\LIB\libCH57xBLE.a(gattservapp.o)
                0x000000000000ab20                GATTServApp_InitCharCfg
 .text.gattServApp_HandleConnStatusCB
                0x000000000000ab5e       0x74 C:\Users\8\Desktop\EXAM\BLE\LIB\libCH57xBLE.a(gattservapp.o)
                0x000000000000ab5e                gattServApp_HandleConnStatusCB
 .text.GATT_InitServer
                0x000000000000abd2       0xac C:\Users\8\Desktop\EXAM\BLE\LIB\libCH57xBLE.a(gattservapp.o)
                0x000000000000abd2                GATT_InitServer
 .text.GATTServApp_Init
                0x000000000000ac7e       0x4a C:\Users\8\Desktop\EXAM\BLE\LIB\libCH57xBLE.a(gattservapp.o)
                0x000000000000ac7e                GATTServApp_Init
 .text.GATTServApp_ProcessEvent
                0x000000000000acc8      0x398 C:\Users\8\Desktop\EXAM\BLE\LIB\libCH57xBLE.a(gattservapp.o)
                0x000000000000acc8                GATTServApp_ProcessEvent
 .text.l2capAllocConnChannel
                0x000000000000b060       0xd8 C:\Users\8\Desktop\EXAM\BLE\LIB\libCH57xBLE.a(l2cap.o)
                0x000000000000b060                l2capAllocConnChannel
 .text.l2capFindLocalCID
                0x000000000000b138       0x2c C:\Users\8\Desktop\EXAM\BLE\LIB\libCH57xBLE.a(l2cap.o)
                0x000000000000b138                l2capFindLocalCID
 .text.l2capFindLocalId
                0x000000000000b164       0x30 C:\Users\8\Desktop\EXAM\BLE\LIB\libCH57xBLE.a(l2cap.o)
                0x000000000000b164                l2capFindLocalId
 .text.l2capFindPsm
                0x000000000000b194       0x2c C:\Users\8\Desktop\EXAM\BLE\LIB\libCH57xBLE.a(l2cap.o)
                0x000000000000b194                l2capFindPsm
 .text.l2capFindRemoteCID
                0x000000000000b1c0       0x3c C:\Users\8\Desktop\EXAM\BLE\LIB\libCH57xBLE.a(l2cap.o)
                0x000000000000b1c0                l2capFindRemoteCID
 .text.l2capFreeChannel
                0x000000000000b1fc       0x4a C:\Users\8\Desktop\EXAM\BLE\LIB\libCH57xBLE.a(l2cap.o)
                0x000000000000b1fc                l2capFreeChannel
 .text.l2capDisconnectChannel
                0x000000000000b246       0x28 C:\Users\8\Desktop\EXAM\BLE\LIB\libCH57xBLE.a(l2cap.o)
                0x000000000000b246                l2capDisconnectChannel
 .text.l2capHandleTimerCB
                0x000000000000b26e       0x2c C:\Users\8\Desktop\EXAM\BLE\LIB\libCH57xBLE.a(l2cap.o)
                0x000000000000b26e                l2capHandleTimerCB
 .text.l2capFreePendingPkt
                0x000000000000b29a       0x58 C:\Users\8\Desktop\EXAM\BLE\LIB\libCH57xBLE.a(l2cap.o)
                0x000000000000b29a                l2capFreePendingPkt
 .text.l2capGetCoChannelInfo
                0x000000000000b2f2       0x7e C:\Users\8\Desktop\EXAM\BLE\LIB\libCH57xBLE.a(l2cap.o)
                0x000000000000b2f2                l2capGetCoChannelInfo
 .text.l2capNumActiveChannnels
                0x000000000000b370       0x44 C:\Users\8\Desktop\EXAM\BLE\LIB\libCH57xBLE.a(l2cap.o)
                0x000000000000b370                l2capNumActiveChannnels
 .text.l2capStartTimer
                0x000000000000b3b4       0x1a C:\Users\8\Desktop\EXAM\BLE\LIB\libCH57xBLE.a(l2cap.o)
                0x000000000000b3b4                l2capStartTimer
 .text.l2capStopTimer
                0x000000000000b3ce       0x1e C:\Users\8\Desktop\EXAM\BLE\LIB\libCH57xBLE.a(l2cap.o)
                0x000000000000b3ce                l2capStopTimer
 .text.l2capDisconnectAllChannels
                0x000000000000b3ec       0xdc C:\Users\8\Desktop\EXAM\BLE\LIB\libCH57xBLE.a(l2cap.o)
                0x000000000000b3ec                l2capDisconnectAllChannels
 .text.l2capHandleConnStatusCB
                0x000000000000b4c8       0x3c C:\Users\8\Desktop\EXAM\BLE\LIB\libCH57xBLE.a(l2cap.o)
                0x000000000000b4c8                l2capHandleConnStatusCB
 .text.l2capHandleRxError
                0x000000000000b504        0x6 C:\Users\8\Desktop\EXAM\BLE\LIB\libCH57xBLE.a(l2cap.o)
                0x000000000000b504                l2capHandleRxError
 .text.L2CAP_GetMTU
                0x000000000000b50a        0x6 C:\Users\8\Desktop\EXAM\BLE\LIB\libCH57xBLE.a(l2cap.o)
                0x000000000000b50a                L2CAP_GetMTU
 .text.L2CAP_HostNumCompletedPkts
                0x000000000000b510       0x28 C:\Users\8\Desktop\EXAM\BLE\LIB\libCH57xBLE.a(l2cap.o)
                0x000000000000b510                L2CAP_HostNumCompletedPkts
 .text.L2CAP_ParseConnectReq
                0x000000000000b538       0x5e C:\Users\8\Desktop\EXAM\BLE\LIB\libCH57xBLE.a(l2cap.o)
                0x000000000000b538                L2CAP_ParseConnectReq
 .text.L2CAP_ParseFlowCtrlCredit
                0x000000000000b596       0x2e C:\Users\8\Desktop\EXAM\BLE\LIB\libCH57xBLE.a(l2cap.o)
                0x000000000000b596                L2CAP_ParseFlowCtrlCredit
 .text.L2CAP_RegisterApp
                0x000000000000b5c4       0x30 C:\Users\8\Desktop\EXAM\BLE\LIB\libCH57xBLE.a(l2cap.o)
                0x000000000000b5c4                L2CAP_RegisterApp
 .text.L2CAP_SetBufSize
                0x000000000000b5f4       0x10 C:\Users\8\Desktop\EXAM\BLE\LIB\libCH57xBLE.a(l2cap.o)
                0x000000000000b5f4                L2CAP_SetBufSize
 .text.L2CAP_bm_alloc
                0x000000000000b604       0x2a C:\Users\8\Desktop\EXAM\BLE\LIB\libCH57xBLE.a(l2cap.o)
                0x000000000000b604                L2CAP_bm_alloc
 .text.L2CAP_Init
                0x000000000000b62e       0xee C:\Users\8\Desktop\EXAM\BLE\LIB\libCH57xBLE.a(l2cap.o)
                0x000000000000b62e                L2CAP_Init
 .text.L2CAP_ProcessEvent
                0x000000000000b71c       0xc8 C:\Users\8\Desktop\EXAM\BLE\LIB\libCH57xBLE.a(l2cap.o)
                0x000000000000b71c                L2CAP_ProcessEvent
 .text.l2capParseCmdReject
                0x000000000000b7e4       0x5e C:\Users\8\Desktop\EXAM\BLE\LIB\libCH57xBLE.a(l2cap_input.o)
                0x000000000000b7e4                l2capParseCmdReject
 .text.l2capParseDisconnectReq
                0x000000000000b842       0x2e C:\Users\8\Desktop\EXAM\BLE\LIB\libCH57xBLE.a(l2cap_input.o)
                0x000000000000b842                l2capParseDisconnectReq
 .text.l2capParseDisconnectRsp
                0x000000000000b870       0x2e C:\Users\8\Desktop\EXAM\BLE\LIB\libCH57xBLE.a(l2cap_input.o)
                0x000000000000b870                l2capParseDisconnectRsp
 .text.L2CAP_ParseParamUpdateReq
                0x000000000000b89e       0x4e C:\Users\8\Desktop\EXAM\BLE\LIB\libCH57xBLE.a(l2cap_input.o)
                0x000000000000b89e                L2CAP_ParseParamUpdateReq
 .text.l2capParseParamUpdateRsp
                0x000000000000b8ec       0x1e C:\Users\8\Desktop\EXAM\BLE\LIB\libCH57xBLE.a(l2cap_input.o)
                0x000000000000b8ec                l2capParseParamUpdateRsp
 .text.l2capProcessConnectReq
                0x000000000000b90a       0xfc C:\Users\8\Desktop\EXAM\BLE\LIB\libCH57xBLE.a(l2cap_input.o)
                0x000000000000b90a                l2capProcessConnectReq
 .text.l2capParseConnectRsp
                0x000000000000ba06       0x5e C:\Users\8\Desktop\EXAM\BLE\LIB\libCH57xBLE.a(l2cap_input.o)
                0x000000000000ba06                l2capParseConnectRsp
 .text.l2capParseSignalHdr
                0x000000000000ba64       0x22 C:\Users\8\Desktop\EXAM\BLE\LIB\libCH57xBLE.a(l2cap_input.o)
                0x000000000000ba64                l2capParseSignalHdr
 .text.l2capParsePacket
                0x000000000000ba86       0x8c C:\Users\8\Desktop\EXAM\BLE\LIB\libCH57xBLE.a(l2cap_input.o)
                0x000000000000ba86                l2capParsePacket
 .text.l2capProcessReq
                0x000000000000bb12      0x15a C:\Users\8\Desktop\EXAM\BLE\LIB\libCH57xBLE.a(l2cap_input.o)
                0x000000000000bb12                l2capProcessReq
 .text.l2capProcessRsp
                0x000000000000bc6c      0x150 C:\Users\8\Desktop\EXAM\BLE\LIB\libCH57xBLE.a(l2cap_input.o)
                0x000000000000bc6c                l2capProcessRsp
 .text.l2capProcessRxData
                0x000000000000bdbc       0xf8 C:\Users\8\Desktop\EXAM\BLE\LIB\libCH57xBLE.a(l2cap_input.o)
                0x000000000000bdbc                l2capProcessRxData
 .text.l2capNotifyData
                0x000000000000beb4       0x5a C:\Users\8\Desktop\EXAM\BLE\LIB\libCH57xBLE.a(l2cap_output.o)
                0x000000000000beb4                l2capNotifyData
 .text.l2capNotifySignal
                0x000000000000bf0e       0x76 C:\Users\8\Desktop\EXAM\BLE\LIB\libCH57xBLE.a(l2cap_output.o)
                0x000000000000bf0e                l2capNotifySignal
 .text.l2capNotifyCreditEvt
                0x000000000000bf84       0x9c C:\Users\8\Desktop\EXAM\BLE\LIB\libCH57xBLE.a(l2cap_output.o)
                0x000000000000bf84                l2capNotifyCreditEvt
 .text.l2capNotifyChannelEstEvt
                0x000000000000c020       0x58 C:\Users\8\Desktop\EXAM\BLE\LIB\libCH57xBLE.a(l2cap_output.o)
                0x000000000000c020                l2capNotifyChannelEstEvt
 .text.l2capNotifyChannelTermEvt
                0x000000000000c078       0x3e C:\Users\8\Desktop\EXAM\BLE\LIB\libCH57xBLE.a(l2cap_output.o)
                0x000000000000c078                l2capNotifyChannelTermEvt
 .text.l2capNotifyEvent
                0x000000000000c0b6       0x66 C:\Users\8\Desktop\EXAM\BLE\LIB\libCH57xBLE.a(l2cap_output.o)
                0x000000000000c0b6                l2capNotifyEvent
 .text.l2capStoreFCPkt
                0x000000000000c11c       0x32 C:\Users\8\Desktop\EXAM\BLE\LIB\libCH57xBLE.a(l2cap_output.o)
                0x000000000000c11c                l2capStoreFCPkt
 .text.l2capFreeTxSDU
                0x000000000000c14e       0x9a C:\Users\8\Desktop\EXAM\BLE\LIB\libCH57xBLE.a(l2cap_output.o)
                0x000000000000c14e                l2capFreeTxSDU
 .text.l2capReassembleSegment
                0x000000000000c1e8      0x174 C:\Users\8\Desktop\EXAM\BLE\LIB\libCH57xBLE.a(l2cap_output.o)
                0x000000000000c1e8                l2capReassembleSegment
 .text.l2capEncapSendData
                0x000000000000c35c       0xec C:\Users\8\Desktop\EXAM\BLE\LIB\libCH57xBLE.a(l2cap_output.o)
                0x000000000000c35c                l2capEncapSendData
 .text.l2capSendFCPkt.part.3
                0x000000000000c448       0x70 C:\Users\8\Desktop\EXAM\BLE\LIB\libCH57xBLE.a(l2cap_output.o)
 .text.l2capSendSegment
                0x000000000000c4b8      0x108 C:\Users\8\Desktop\EXAM\BLE\LIB\libCH57xBLE.a(l2cap_output.o)
                0x000000000000c4b8                l2capSendSegment
 .text.l2capSendNextSegment
                0x000000000000c5c0       0xb4 C:\Users\8\Desktop\EXAM\BLE\LIB\libCH57xBLE.a(l2cap_output.o)
                0x000000000000c5c0                l2capSendNextSegment
 .text.l2capSendPkt
                0x000000000000c674       0x3a C:\Users\8\Desktop\EXAM\BLE\LIB\libCH57xBLE.a(l2cap_output.o)
                0x000000000000c674                l2capSendPkt
 .text.L2CAP_SendData
                0x000000000000c6ae       0x78 C:\Users\8\Desktop\EXAM\BLE\LIB\libCH57xBLE.a(l2cap_output.o)
                0x000000000000c6ae                L2CAP_SendData
 .text.l2capSendCmd
                0x000000000000c726       0x8a C:\Users\8\Desktop\EXAM\BLE\LIB\libCH57xBLE.a(l2cap_output.o)
                0x000000000000c726                l2capSendCmd
 .text.l2capSendReq
                0x000000000000c7b0       0xc4 C:\Users\8\Desktop\EXAM\BLE\LIB\libCH57xBLE.a(l2cap_output.o)
                0x000000000000c7b0                l2capSendReq
 .text.l2capBuildDisconnectReq
                0x000000000000c874       0x28 C:\Users\8\Desktop\EXAM\BLE\LIB\libCH57xBLE.a(l2cap_sdu.o)
 .text.l2capBuildParamUpdateReq
                0x000000000000c89c       0x4c C:\Users\8\Desktop\EXAM\BLE\LIB\libCH57xBLE.a(l2cap_sdu.o)
 .text.l2capBuildParamUpdateRsp
                0x000000000000c8e8       0x16 C:\Users\8\Desktop\EXAM\BLE\LIB\libCH57xBLE.a(l2cap_sdu.o)
 .text.l2capBuildConnectRsp
                0x000000000000c8fe       0x5e C:\Users\8\Desktop\EXAM\BLE\LIB\libCH57xBLE.a(l2cap_sdu.o)
 .text.l2capBuildCmdReject
                0x000000000000c95c       0x62 C:\Users\8\Desktop\EXAM\BLE\LIB\libCH57xBLE.a(l2cap_sdu.o)
                0x000000000000c95c                l2capBuildCmdReject
 .text.l2capBuildDisconnectRsp
                0x000000000000c9be       0x28 C:\Users\8\Desktop\EXAM\BLE\LIB\libCH57xBLE.a(l2cap_sdu.o)
                0x000000000000c9be                l2capBuildDisconnectRsp
 .text.l2capSendConnectRsp
                0x000000000000c9e6       0xa2 C:\Users\8\Desktop\EXAM\BLE\LIB\libCH57xBLE.a(l2cap_sdu.o)
                0x000000000000c9e6                l2capSendConnectRsp
 .text.L2CAP_CmdReject
                0x000000000000ca88       0x12 C:\Users\8\Desktop\EXAM\BLE\LIB\libCH57xBLE.a(l2cap_sdu.o)
                0x000000000000ca88                L2CAP_CmdReject
 .text.L2CAP_DisconnectReq
                0x000000000000ca9a       0x2a C:\Users\8\Desktop\EXAM\BLE\LIB\libCH57xBLE.a(l2cap_sdu.o)
                0x000000000000ca9a                L2CAP_DisconnectReq
 .text.L2CAP_ConnParamUpdateReq
                0x000000000000cac4       0x16 C:\Users\8\Desktop\EXAM\BLE\LIB\libCH57xBLE.a(l2cap_sdu.o)
                0x000000000000cac4                L2CAP_ConnParamUpdateReq
 .text.L2CAP_ConnParamUpdateRsp
                0x000000000000cada       0x12 C:\Users\8\Desktop\EXAM\BLE\LIB\libCH57xBLE.a(l2cap_sdu.o)
                0x000000000000cada                L2CAP_ConnParamUpdateRsp
 .text.reportStatusChange
                0x000000000000caec       0x3e C:\Users\8\Desktop\EXAM\BLE\LIB\libCH57xBLE.a(linkdb.o)
 .text.linkDB_Init
                0x000000000000cb2a       0x76 C:\Users\8\Desktop\EXAM\BLE\LIB\libCH57xBLE.a(linkdb.o)
                0x000000000000cb2a                linkDB_Init
 .text.linkDB_Find
                0x000000000000cba0       0x2c C:\Users\8\Desktop\EXAM\BLE\LIB\libCH57xBLE.a(linkdb.o)
                0x000000000000cba0                linkDB_Find
 .text.linkDB_Authen
                0x000000000000cbcc       0x5c C:\Users\8\Desktop\EXAM\BLE\LIB\libCH57xBLE.a(linkdb.o)
                0x000000000000cbcc                linkDB_Authen
 .text.linkDB_FindFirst
                0x000000000000cc28       0x38 C:\Users\8\Desktop\EXAM\BLE\LIB\libCH57xBLE.a(linkdb.o)
                0x000000000000cc28                linkDB_FindFirst
 .text.linkDB_MTU
                0x000000000000cc60       0x18 C:\Users\8\Desktop\EXAM\BLE\LIB\libCH57xBLE.a(linkdb.o)
                0x000000000000cc60                linkDB_MTU
 .text.linkDB_NumActive
                0x000000000000cc78       0x2e C:\Users\8\Desktop\EXAM\BLE\LIB\libCH57xBLE.a(linkdb.o)
                0x000000000000cc78                linkDB_NumActive
 .text.linkDB_NumConns
                0x000000000000cca6        0x6 C:\Users\8\Desktop\EXAM\BLE\LIB\libCH57xBLE.a(linkdb.o)
                0x000000000000cca6                linkDB_NumConns
 .text.linkDB_Register
                0x000000000000ccac       0x28 C:\Users\8\Desktop\EXAM\BLE\LIB\libCH57xBLE.a(linkdb.o)
                0x000000000000ccac                linkDB_Register
 .text.linkDB_Remove
                0x000000000000ccd4       0x48 C:\Users\8\Desktop\EXAM\BLE\LIB\libCH57xBLE.a(linkdb.o)
                0x000000000000ccd4                linkDB_Remove
 .text.linkDB_Role
                0x000000000000cd1c       0x18 C:\Users\8\Desktop\EXAM\BLE\LIB\libCH57xBLE.a(linkdb.o)
                0x000000000000cd1c                linkDB_Role
 .text.linkDB_State
                0x000000000000cd34       0x30 C:\Users\8\Desktop\EXAM\BLE\LIB\libCH57xBLE.a(linkdb.o)
                0x000000000000cd34                linkDB_State
 .text.linkDB_UpdateMTU
                0x000000000000cd64       0x28 C:\Users\8\Desktop\EXAM\BLE\LIB\libCH57xBLE.a(linkdb.o)
                0x000000000000cd64                linkDB_UpdateMTU
 .text.linkDB_PerformFunc
                0x000000000000cd8c       0x52 C:\Users\8\Desktop\EXAM\BLE\LIB\libCH57xBLE.a(linkdb.o)
                0x000000000000cd8c                linkDB_PerformFunc
 .text.linkDB_PeripheralLinkNum
                0x000000000000cdde       0x3e C:\Users\8\Desktop\EXAM\BLE\LIB\libCH57xBLE.a(linkdb.o)
                0x000000000000cdde                linkDB_PeripheralLinkNum
 .text.linkDB_GetSMEvtID
                0x000000000000ce1c       0x58 C:\Users\8\Desktop\EXAM\BLE\LIB\libCH57xBLE.a(linkdb.o)
                0x000000000000ce1c                linkDB_GetSMEvtID
 .text.linkDB_Add
                0x000000000000ce74       0xb2 C:\Users\8\Desktop\EXAM\BLE\LIB\libCH57xBLE.a(linkdb.o)
                0x000000000000ce74                linkDB_Add
 .text.linkDB_GetHandleFromSMEvtID
                0x000000000000cf26       0x32 C:\Users\8\Desktop\EXAM\BLE\LIB\libCH57xBLE.a(linkdb.o)
                0x000000000000cf26                linkDB_GetHandleFromSMEvtID
 .text.linkDB_GetPairingParam
                0x000000000000cf58       0x54 C:\Users\8\Desktop\EXAM\BLE\LIB\libCH57xBLE.a(linkdb.o)
                0x000000000000cf58                linkDB_GetPairingParam
 .text.linkDB_NeedSendKey
                0x000000000000cfac       0x42 C:\Users\8\Desktop\EXAM\BLE\LIB\libCH57xBLE.a(linkdb.o)
                0x000000000000cfac                linkDB_NeedSendKey
 .text.smpBuildPairingFailed
                0x000000000000cfee       0x1a C:\Users\8\Desktop\EXAM\BLE\LIB\libCH57xBLE.a(sm.o)
                0x000000000000cfee                smpBuildPairingFailed
 .text.SM_StartEncryption
                0x000000000000d008       0x98 C:\Users\8\Desktop\EXAM\BLE\LIB\libCH57xBLE.a(sm.o)
                0x000000000000d008                SM_StartEncryption
 .text.smpBuildEncInfo
                0x000000000000d0a0       0x30 C:\Users\8\Desktop\EXAM\BLE\LIB\libCH57xBLE.a(sm.o)
                0x000000000000d0a0                smpBuildEncInfo
 .text.smpBuildIdentityAddrInfo
                0x000000000000d0d0       0x3a C:\Users\8\Desktop\EXAM\BLE\LIB\libCH57xBLE.a(sm.o)
                0x000000000000d0d0                smpBuildIdentityAddrInfo
 .text.smpBuildIdentityInfo
                0x000000000000d10a       0x30 C:\Users\8\Desktop\EXAM\BLE\LIB\libCH57xBLE.a(sm.o)
                0x000000000000d10a                smpBuildIdentityInfo
 .text.smpBuildMasterID
                0x000000000000d13a       0x44 C:\Users\8\Desktop\EXAM\BLE\LIB\libCH57xBLE.a(sm.o)
                0x000000000000d13a                smpBuildMasterID
 .text.smpBuildPairingConfirm
                0x000000000000d17e       0x30 C:\Users\8\Desktop\EXAM\BLE\LIB\libCH57xBLE.a(sm.o)
                0x000000000000d17e                smpBuildPairingConfirm
 .text.smpBuildPairingRandom
                0x000000000000d1ae       0x30 C:\Users\8\Desktop\EXAM\BLE\LIB\libCH57xBLE.a(sm.o)
                0x000000000000d1ae                smpBuildPairingRandom
 .text.smpBuildSigningInfo
                0x000000000000d1de       0x30 C:\Users\8\Desktop\EXAM\BLE\LIB\libCH57xBLE.a(sm.o)
                0x000000000000d1de                smpBuildSigningInfo
 .text.SM_ParamInit
                0x000000000000d20e       0x5a C:\Users\8\Desktop\EXAM\BLE\LIB\libCH57xBLE.a(sm.o)
                0x000000000000d20e                SM_ParamInit
 .text.smDetermineKeySize
                0x000000000000d268       0x20 C:\Users\8\Desktop\EXAM\BLE\LIB\libCH57xBLE.a(sm.o)
                0x000000000000d268                smDetermineKeySize
 .text.smProcessRandComplete
                0x000000000000d288       0x9e C:\Users\8\Desktop\EXAM\BLE\LIB\libCH57xBLE.a(sm.o)
                0x000000000000d288                smProcessRandComplete
 .text.smSavePairInfo
                0x000000000000d326      0x186 C:\Users\8\Desktop\EXAM\BLE\LIB\libCH57xBLE.a(sm.o)
                0x000000000000d326                smSavePairInfo
 .text.smSetPairingReqRsp
                0x000000000000d4ac       0x38 C:\Users\8\Desktop\EXAM\BLE\LIB\libCH57xBLE.a(sm.o)
                0x000000000000d4ac                smSetPairingReqRsp
 .text.smStartEncryption
                0x000000000000d4e4       0x16 C:\Users\8\Desktop\EXAM\BLE\LIB\libCH57xBLE.a(sm.o)
                0x000000000000d4e4                smStartEncryption
 .text.smStartRspTimer
                0x000000000000d4fa       0x36 C:\Users\8\Desktop\EXAM\BLE\LIB\libCH57xBLE.a(sm.o)
                0x000000000000d4fa                smStartRspTimer
 .text.smSendSMMsg
                0x000000000000d530       0x5c C:\Users\8\Desktop\EXAM\BLE\LIB\libCH57xBLE.a(sm.o)
                0x000000000000d530                smSendSMMsg
 .text.smGenerateConfirm
                0x000000000000d58c       0x34 C:\Users\8\Desktop\EXAM\BLE\LIB\libCH57xBLE.a(sm.o)
                0x000000000000d58c                smGenerateConfirm
 .text.smGenerateRandMsg
                0x000000000000d5c0       0x34 C:\Users\8\Desktop\EXAM\BLE\LIB\libCH57xBLE.a(sm.o)
                0x000000000000d5c0                smGenerateRandMsg
 .text.smPairingSendEncInfo
                0x000000000000d5f4       0x10 C:\Users\8\Desktop\EXAM\BLE\LIB\libCH57xBLE.a(sm.o)
                0x000000000000d5f4                smPairingSendEncInfo
 .text.smPairingSendIdentityAddrInfo
                0x000000000000d604       0x38 C:\Users\8\Desktop\EXAM\BLE\LIB\libCH57xBLE.a(sm.o)
                0x000000000000d604                smPairingSendIdentityAddrInfo
 .text.smPairingSendIdentityInfo
                0x000000000000d63c       0x10 C:\Users\8\Desktop\EXAM\BLE\LIB\libCH57xBLE.a(sm.o)
                0x000000000000d63c                smPairingSendIdentityInfo
 .text.smPairingSendMasterID
                0x000000000000d64c       0x38 C:\Users\8\Desktop\EXAM\BLE\LIB\libCH57xBLE.a(sm.o)
                0x000000000000d64c                smPairingSendMasterID
 .text.smPairingSendSingingInfo
                0x000000000000d684       0x10 C:\Users\8\Desktop\EXAM\BLE\LIB\libCH57xBLE.a(sm.o)
                0x000000000000d684                smPairingSendSingingInfo
 .text.smInitiatorSendNextKeyInfo
                0x000000000000d694      0x1c2 C:\Users\8\Desktop\EXAM\BLE\LIB\libCH57xBLE.a(sm.o)
                0x000000000000d694                smInitiatorSendNextKeyInfo
 .text.smResponderSendNextKeyInfo
                0x000000000000d856      0x216 C:\Users\8\Desktop\EXAM\BLE\LIB\libCH57xBLE.a(sm.o)
                0x000000000000d856                smResponderSendNextKeyInfo
 .text.smGeneratePairingReqRsp
                0x000000000000da6c       0x3e C:\Users\8\Desktop\EXAM\BLE\LIB\libCH57xBLE.a(sm.o)
                0x000000000000da6c                smGeneratePairingReqRsp
 .text.smStopRspTimer
                0x000000000000daaa        0xa C:\Users\8\Desktop\EXAM\BLE\LIB\libCH57xBLE.a(sm.o)
                0x000000000000daaa                smStopRspTimer
 .text.smFreePairingParams
                0x000000000000dab4       0x68 C:\Users\8\Desktop\EXAM\BLE\LIB\libCH57xBLE.a(sm.o)
                0x000000000000dab4                smFreePairingParams
 .text.smEndPairing
                0x000000000000db1c       0x5c C:\Users\8\Desktop\EXAM\BLE\LIB\libCH57xBLE.a(sm.o)
                0x000000000000db1c                smEndPairing
 .text.setupInitiatorKeys
                0x000000000000db78       0x82 C:\Users\8\Desktop\EXAM\BLE\LIB\libCH57xBLE.a(sm.o)
                0x000000000000db78                setupInitiatorKeys
 .text.smNextPairingState
                0x000000000000dbfa       0x56 C:\Users\8\Desktop\EXAM\BLE\LIB\libCH57xBLE.a(sm.o)
                0x000000000000dbfa                smNextPairingState
 .text.smProcessEncryptChange
                0x000000000000dc50       0xde C:\Users\8\Desktop\EXAM\BLE\LIB\libCH57xBLE.a(sm.o)
                0x000000000000dc50                smProcessEncryptChange
 .text.smSendFailAndEnd
                0x000000000000dd2e       0x38 C:\Users\8\Desktop\EXAM\BLE\LIB\libCH57xBLE.a(sm.o)
                0x000000000000dd2e                smSendFailAndEnd
 .text.smProcessPairingReq
                0x000000000000dd66       0x3c C:\Users\8\Desktop\EXAM\BLE\LIB\libCH57xBLE.a(sm.o)
                0x000000000000dd66                smProcessPairingReq
 .text.smLinkCheck
                0x000000000000dda2       0x34 C:\Users\8\Desktop\EXAM\BLE\LIB\libCH57xBLE.a(sm.o)
                0x000000000000dda2                smLinkCheck
 .text.smTimedOut
                0x000000000000ddd6       0x20 C:\Users\8\Desktop\EXAM\BLE\LIB\libCH57xBLE.a(sm.o)
                0x000000000000ddd6                smTimedOut
 .text.smUint8ToAuthReq
                0x000000000000ddf6        0x6 C:\Users\8\Desktop\EXAM\BLE\LIB\libCH57xBLE.a(sm.o)
                0x000000000000ddf6                smUint8ToAuthReq
 .text.sm_ah    0x000000000000ddfc       0x7e C:\Users\8\Desktop\EXAM\BLE\LIB\libCH57xBLE.a(sm.o)
                0x000000000000ddfc                sm_ah
 .text.sm_xor   0x000000000000de7a       0x24 C:\Users\8\Desktop\EXAM\BLE\LIB\libCH57xBLE.a(sm.o)
                0x000000000000de7a                sm_xor
 .text.sm_c1new
                0x000000000000de9e      0x11c C:\Users\8\Desktop\EXAM\BLE\LIB\libCH57xBLE.a(sm.o)
                0x000000000000de9e                sm_c1new
 .text.sm_s1    0x000000000000dfba       0x86 C:\Users\8\Desktop\EXAM\BLE\LIB\libCH57xBLE.a(sm.o)
                0x000000000000dfba                sm_s1
 .text.smResponderProcessLTKReq
                0x000000000000e040      0x1b8 C:\Users\8\Desktop\EXAM\BLE\LIB\libCH57xBLE.a(sm.o)
                0x000000000000e040                smResponderProcessLTKReq
 .text.xor_128  0x000000000000e1f8       0x28 C:\Users\8\Desktop\EXAM\BLE\LIB\libCH57xBLE.a(sm.o)
                0x000000000000e1f8                xor_128
 .text.leftshift_onebit
                0x000000000000e220       0x2e C:\Users\8\Desktop\EXAM\BLE\LIB\libCH57xBLE.a(sm.o)
                0x000000000000e220                leftshift_onebit
 .text.padding  0x000000000000e24e       0x38 C:\Users\8\Desktop\EXAM\BLE\LIB\libCH57xBLE.a(sm.o)
                0x000000000000e24e                padding
 .text.generate_subkey
                0x000000000000e286       0xd0 C:\Users\8\Desktop\EXAM\BLE\LIB\libCH57xBLE.a(sm.o)
                0x000000000000e286                generate_subkey
 .text.sm_CMAC  0x000000000000e356      0x16e C:\Users\8\Desktop\EXAM\BLE\LIB\libCH57xBLE.a(sm.o)
                0x000000000000e356                sm_CMAC
 .text.smpBuildPairingReqRsp
                0x000000000000e4c4       0xc6 C:\Users\8\Desktop\EXAM\BLE\LIB\libCH57xBLE.a(sm.o)
                0x000000000000e4c4                smpBuildPairingReqRsp
 .text.smpBuildPairingReq
                0x000000000000e58a        0xa C:\Users\8\Desktop\EXAM\BLE\LIB\libCH57xBLE.a(sm.o)
                0x000000000000e58a                smpBuildPairingReq
 .text.smpBuildPairingRsp
                0x000000000000e594        0xa C:\Users\8\Desktop\EXAM\BLE\LIB\libCH57xBLE.a(sm.o)
                0x000000000000e594                smpBuildPairingRsp
 .text.sm_c1    0x000000000000e59e       0xb4 C:\Users\8\Desktop\EXAM\BLE\LIB\libCH57xBLE.a(sm.o)
                0x000000000000e59e                sm_c1
 .text.smpBuildSecurityReq
                0x000000000000e652       0x1a C:\Users\8\Desktop\EXAM\BLE\LIB\libCH57xBLE.a(sm.o)
                0x000000000000e652                smpBuildSecurityReq
 .text.smpInitiatorProcessPairingRsp
                0x000000000000e66c      0x116 C:\Users\8\Desktop\EXAM\BLE\LIB\libCH57xBLE.a(sm.o)
                0x000000000000e66c                smpInitiatorProcessPairingRsp
 .text.smpInitiatorProcessIncoming
                0x000000000000e782      0x23e C:\Users\8\Desktop\EXAM\BLE\LIB\libCH57xBLE.a(sm.o)
                0x000000000000e782                smpInitiatorProcessIncoming
 .text.smpParseEncInfo
                0x000000000000e9c0       0x2a C:\Users\8\Desktop\EXAM\BLE\LIB\libCH57xBLE.a(sm.o)
                0x000000000000e9c0                smpParseEncInfo
 .text.smpParseIdentityAddrInfo
                0x000000000000e9ea       0x34 C:\Users\8\Desktop\EXAM\BLE\LIB\libCH57xBLE.a(sm.o)
                0x000000000000e9ea                smpParseIdentityAddrInfo
 .text.smpParseIdentityInfo
                0x000000000000ea1e       0x2a C:\Users\8\Desktop\EXAM\BLE\LIB\libCH57xBLE.a(sm.o)
                0x000000000000ea1e                smpParseIdentityInfo
 .text.smpParseMasterID
                0x000000000000ea48       0x3c C:\Users\8\Desktop\EXAM\BLE\LIB\libCH57xBLE.a(sm.o)
                0x000000000000ea48                smpParseMasterID
 .text.smpParsePairingConfirm
                0x000000000000ea84       0x2a C:\Users\8\Desktop\EXAM\BLE\LIB\libCH57xBLE.a(sm.o)
                0x000000000000ea84                smpParsePairingConfirm
 .text.smpParsePairingFailed
                0x000000000000eaae       0x22 C:\Users\8\Desktop\EXAM\BLE\LIB\libCH57xBLE.a(sm.o)
                0x000000000000eaae                smpParsePairingFailed
 .text.smpParsePairingRandom
                0x000000000000ead0       0x2a C:\Users\8\Desktop\EXAM\BLE\LIB\libCH57xBLE.a(sm.o)
                0x000000000000ead0                smpParsePairingRandom
 .text.smpParsePairingReq
                0x000000000000eafa      0x118 C:\Users\8\Desktop\EXAM\BLE\LIB\libCH57xBLE.a(sm.o)
                0x000000000000eafa                smpParsePairingReq
 .text.smpParseSigningInfo
                0x000000000000ec12       0x2a C:\Users\8\Desktop\EXAM\BLE\LIB\libCH57xBLE.a(sm.o)
                0x000000000000ec12                smpParseSigningInfo
 .text.smProcessDataMsg
                0x000000000000ec3c       0xec C:\Users\8\Desktop\EXAM\BLE\LIB\libCH57xBLE.a(sm.o)
                0x000000000000ec3c                smProcessDataMsg
 .text.smProcessTMOSMsg
                0x000000000000ed28       0xd4 C:\Users\8\Desktop\EXAM\BLE\LIB\libCH57xBLE.a(sm.o)
                0x000000000000ed28                smProcessTMOSMsg
 .text.smpResponderProcessPairingReq
                0x000000000000edfc       0xd6 C:\Users\8\Desktop\EXAM\BLE\LIB\libCH57xBLE.a(sm.o)
                0x000000000000edfc                smpResponderProcessPairingReq
 .text.smpResponderProcessIncoming
                0x000000000000eed2      0x24c C:\Users\8\Desktop\EXAM\BLE\LIB\libCH57xBLE.a(sm.o)
                0x000000000000eed2                smpResponderProcessIncoming
 .text.SM_CalcRandomAddr
                0x000000000000f11e       0x54 C:\Users\8\Desktop\EXAM\BLE\LIB\libCH57xBLE.a(sm.o)
                0x000000000000f11e                SM_CalcRandomAddr
 .text.SM_GenerateAuthenSig
                0x000000000000f172       0xda C:\Users\8\Desktop\EXAM\BLE\LIB\libCH57xBLE.a(sm.o)
                0x000000000000f172                SM_GenerateAuthenSig
 .text.SM_Init  0x000000000000f24c       0x26 C:\Users\8\Desktop\EXAM\BLE\LIB\libCH57xBLE.a(sm.o)
                0x000000000000f24c                SM_Init
 .text.SM_InitiatorInit
                0x000000000000f272       0x1a C:\Users\8\Desktop\EXAM\BLE\LIB\libCH57xBLE.a(sm.o)
                0x000000000000f272                SM_InitiatorInit
 .text.SM_PasskeyUpdate
                0x000000000000f28c       0xc8 C:\Users\8\Desktop\EXAM\BLE\LIB\libCH57xBLE.a(sm.o)
                0x000000000000f28c                SM_PasskeyUpdate
 .text.SM_ProcessEvent
                0x000000000000f354       0x9e C:\Users\8\Desktop\EXAM\BLE\LIB\libCH57xBLE.a(sm.o)
                0x000000000000f354                SM_ProcessEvent
 .text.SM_ResolveRandomAddrs
                0x000000000000f3f2       0x5a C:\Users\8\Desktop\EXAM\BLE\LIB\libCH57xBLE.a(sm.o)
                0x000000000000f3f2                SM_ResolveRandomAddrs
 .text.SM_ResponderInit
                0x000000000000f44c       0x1a C:\Users\8\Desktop\EXAM\BLE\LIB\libCH57xBLE.a(sm.o)
                0x000000000000f44c                SM_ResponderInit
 .text.SM_StartPairing
                0x000000000000f466       0xcc C:\Users\8\Desktop\EXAM\BLE\LIB\libCH57xBLE.a(sm.o)
                0x000000000000f466                SM_StartPairing
 .text.SM_VerifyAuthenSig
                0x000000000000f532      0x138 C:\Users\8\Desktop\EXAM\BLE\LIB\libCH57xBLE.a(sm.o)
                0x000000000000f532                SM_VerifyAuthenSig