Archive member included to satisfy reference by file (symbol)

C:\Users\8\Desktop\EXAM\SRC\StdPeriphDriver\libISP573.a(ISP573.o)
                              ./StdPeriphDriver/CH57x_pwr.o (FLASH_EEPROM_CMD)
C:\Users\8\Desktop\EXAM\BLE\LIB\libCH57xBLE.a(message.o)
                              ./Profile/hiddev.o (tmos_msg_deallocate)
C:\Users\8\Desktop\EXAM\BLE\LIB\libCH57xBLE.a(tmos.o)
                              ./Profile/battservice.o (tmos_memcpy)
C:\Users\8\Desktop\EXAM\BLE\LIB\libCH57xBLE.a(tmos_hw.o)
                              C:\Users\8\Desktop\EXAM\BLE\LIB\libCH57xBLE.a(tmos.o) (RTC_Get32KClock)
C:\Users\8\Desktop\EXAM\BLE\LIB\libCH57xBLE.a(tmos_snv.o)
                              C:\Users\8\Desktop\EXAM\BLE\LIB\libCH57xBLE.a(tmos.o) (tmos_snv_init)
C:\Users\8\Desktop\EXAM\BLE\LIB\libCH57xBLE.a(gap.o)
                              ./Profile/hiddev.o (GAP_SetParamValue)
C:\Users\8\Desktop\EXAM\BLE\LIB\libCH57xBLE.a(gap_central.o)
                              C:\Users\8\Desktop\EXAM\BLE\LIB\libCH57xBLE.a(gap.o) (GAP_CentralParamInit)
C:\Users\8\Desktop\EXAM\BLE\LIB\libCH57xBLE.a(gap_peripheral.o)
                              C:\Users\8\Desktop\EXAM\BLE\LIB\libCH57xBLE.a(gap.o) (GAP_PeripheralParamInit)
C:\Users\8\Desktop\EXAM\BLE\LIB\libCH57xBLE.a(gapgattserver.o)
                              ./APP/Main.o (GGS_SetParameter)
C:\Users\8\Desktop\EXAM\BLE\LIB\libCH57xBLE.a(gatt.o)
                              ./Profile/battservice.o (GATT_bm_alloc)
C:\Users\8\Desktop\EXAM\BLE\LIB\libCH57xBLE.a(gatt_uuid.o)
                              ./Profile/battservice.o (reportRefUUID)
C:\Users\8\Desktop\EXAM\BLE\LIB\libCH57xBLE.a(gattclientapp.o)
                              C:\Users\8\Desktop\EXAM\BLE\LIB\libCH57xBLE.a(gatt.o) (gattGetClientStatus)
C:\Users\8\Desktop\EXAM\BLE\LIB\libCH57xBLE.a(gattservapp.o)
                              ./Profile/battservice.o (GATTServApp_ReadCharCfg)
C:\Users\8\Desktop\EXAM\BLE\LIB\libCH57xBLE.a(l2cap.o)
                              C:\Users\8\Desktop\EXAM\BLE\LIB\libCH57xBLE.a(gatt.o) (L2CAP_GetMTU)
C:\Users\8\Desktop\EXAM\BLE\LIB\libCH57xBLE.a(l2cap_input.o)
                              C:\Users\8\Desktop\EXAM\BLE\LIB\libCH57xBLE.a(l2cap.o) (l2capProcessRxData)
C:\Users\8\Desktop\EXAM\BLE\LIB\libCH57xBLE.a(l2cap_output.o)
                              C:\Users\8\Desktop\EXAM\BLE\LIB\libCH57xBLE.a(l2cap_input.o) (l2capNotifyData)
C:\Users\8\Desktop\EXAM\BLE\LIB\libCH57xBLE.a(l2cap_sdu.o)
                              C:\Users\8\Desktop\EXAM\BLE\LIB\libCH57xBLE.a(l2cap_input.o) (l2capBuildDisconnectRsp)
C:\Users\8\Desktop\EXAM\BLE\LIB\libCH57xBLE.a(linkdb.o)
                              C:\Users\8\Desktop\EXAM\BLE\LIB\libCH57xBLE.a(l2cap.o) (linkDB_Init)
C:\Users\8\Desktop\EXAM\BLE\LIB\libCH57xBLE.a(sm.o)
                              C:\Users\8\Desktop\EXAM\BLE\LIB\libCH57xBLE.a(gap.o) (smStartEncryption)
C:\Users\8\Desktop\EXAM\BLE\LIB\libCH57xBLE.a(host_input.o)
                              C:\Users\8\Desktop\EXAM\BLE\LIB\libCH57xBLE.a(gap.o) (gBleHostPara)
C:\Users\8\Desktop\EXAM\BLE\LIB\libCH57xBLE.a(host_output.o)
                              C:\Users\8\Desktop\EXAM\BLE\LIB\libCH57xBLE.a(gap.o) (HCI_DisconnectCmd)
C:\Users\8\Desktop\EXAM\BLE\LIB\libCH57xBLE.a(ll_connect.o)
                              C:\Users\8\Desktop\EXAM\BLE\LIB\libCH57xBLE.a(tmos.o) (LL_GetNextConnectEventTime)
C:\Users\8\Desktop\EXAM\BLE\LIB\libCH57xBLE.a(ll_core.o)
                              C:\Users\8\Desktop\EXAM\BLE\LIB\libCH57xBLE.a(ll_connect.o) (LL_CoreGetCore)
C:\Users\8\Desktop\EXAM\BLE\LIB\libCH57xBLE.a(ll_hop.o)
                              C:\Users\8\Desktop\EXAM\BLE\LIB\libCH57xBLE.a(ll_connect.o) (LL_HopGetChannel)
C:\Users\8\Desktop\EXAM\BLE\LIB\libCH57xBLE.a(ll_master.o)
                              C:\Users\8\Desktop\EXAM\BLE\LIB\libCH57xBLE.a(ll_connect.o) (ll_master_process)
C:\Users\8\Desktop\EXAM\BLE\LIB\libCH57xBLE.a(ll_pdu.o)
                              C:\Users\8\Desktop\EXAM\BLE\LIB\libCH57xBLE.a(ll_master.o) (LL_ConnectionUpdateReq)
C:\Users\8\Desktop\EXAM\BLE\LIB\libCH57xBLE.a(ll_report.o)
                              C:\Users\8\Desktop\EXAM\BLE\LIB\libCH57xBLE.a(ll_connect.o) (LL_ReportGenerateEvent)
C:\Users\8\Desktop\EXAM\BLE\LIB\libCH57xBLE.a(ll_scan.o)
                              C:\Users\8\Desktop\EXAM\BLE\LIB\libCH57xBLE.a(ll_master.o) (LL_ScanEnable)
C:\Users\8\Desktop\EXAM\BLE\LIB\libCH57xBLE.a(ll_slave.o)
                              C:\Users\8\Desktop\EXAM\BLE\LIB\libCH57xBLE.a(ll_connect.o) (ll_hw_timer_slave_recv_timeout)
C:\Users\8\Desktop\EXAM\BLE\LIB\libCH57xBLE.a(ll_whitelist.o)
                              C:\Users\8\Desktop\EXAM\BLE\LIB\libCH57xBLE.a(ll_scan.o) (LL_WhitelistLookup)
C:\Users\8\Desktop\EXAM\BLE\LIB\libCH57xBLE.a(aes.o)
                              C:\Users\8\Desktop\EXAM\BLE\LIB\libCH57xBLE.a(sm.o) (LL_Encrypt)
[...]
Memory Configuration

Name             Origin             Length             Attributes
FLASH            0x0000000000000000 0x0000000000070000 xr
RAM              0x0000000020003800 0x0000000000004800 xrw
*default*        0x0000000000000000 0xffffffffffffffff

Linker script and memory map

LOAD ./StdPeriphDriver/CH57x_adc.o
LOAD ./StdPeriphDriver/CH57x_clk.o
LOAD ./StdPeriphDriver/CH57x_gpio.o
LOAD ./StdPeriphDriver/CH57x_pwr.o
LOAD ./StdPeriphDriver/CH57x_sys.o
LOAD ./StdPeriphDriver/CH57x_uart0.o
LOAD ./StdPeriphDriver/CH57x_uart1.o
LOAD ./StdPeriphDriver/CH57x_usbhostBase.o
LOAD ./StdPeriphDriver/CH57x_usbhostClass.o
LOAD ./Startup/startup_CH573.o
LOAD ./RVMSIS/core_riscv.o
LOAD ./Profile/battservice.o
LOAD ./Profile/devinfoservice.o
LOAD ./Profile/hiddev.o
LOAD ./Profile/hidkbdservice.o
LOAD ./Profile/scanparamservice.o
LOAD ./HAL/MCU.o
LOAD ./HAL/RTC.o
LOAD ./HAL/SLEEP.o
LOAD ./APP/Main.o
LOAD C:\Users\8\Desktop\EXAM\SRC\StdPeriphDriver\libISP573.a
LOAD C:\Users\8\Desktop\EXAM\BLE\LIB\libCH57xBLE.a
LOAD d:/软件/mounriver/mounriver_studio/toolchain/risc-v embedded gcc/bin/../lib/gcc/riscv-none-embed/8.2.0/rv32imac/ilp32\libgcc.a
LOAD d:/软件/mounriver/mounriver_studio/toolchain/risc-v embedded gcc/bin/../lib/gcc/riscv-none-embed/8.2.0/../../../../riscv-none-embed/lib/rv32imac/ilp32\libg_nano.a
LOAD d:/软件/mounriver/mounriver_studio/toolchain/risc-v embedded gcc/bin/../lib/gcc/riscv-none-embed/8.2.0/../../../../riscv-none-embed/lib/rv32imac/ilp32\libc_nano.a
LOAD d:/软件/mounriver/mounriver_studio/toolchain/risc-v embedded gcc/bin/../lib/gcc/riscv-none-embed/8.2.0/rv32imac/ilp32\libgcc.a
START GROUP
LOAD d:/软件/mounriver/mounriver_studio/toolchain/risc-v embedded gcc/bin/../lib/gcc/riscv-none-embed/8.2.0/rv32imac/ilp32\libgcc.a
LOAD d:/软件/mounriver/mounriver_studio/toolchain/risc-v embedded gcc/bin/../lib/gcc/riscv-none-embed/8.2.0/../../../../riscv-none-embed/lib/rv32imac/ilp32\libc_nano.a
LOAD d:/软件/mounriver/mounriver_studio/toolchain/risc-v embedded gcc/bin/../lib/gcc/riscv-none-embed/8.2.0/../../../../riscv-none-embed/lib/rv32imac/ilp32\libnosys.a
END GROUP
START GROUP
LOAD d:/软件/mounriver/mounriver_studio/toolchain/risc-v embedded gcc/bin/../lib/gcc/riscv-none-embed/8.2.0/rv32imac/ilp32\libgcc.a
LOAD d:/软件/mounriver/mounriver_studio/toolchain/risc-v embedded gcc/bin/../lib/gcc/riscv-none-embed/8.2.0/../../../../riscv-none-embed/lib/rv32imac/ilp32\libc_nano.a
LOAD d:/软件/mounriver/mounriver_studio/toolchain/risc-v embedded gcc/bin/../lib/gcc/riscv-none-embed/8.2.0/../../../../riscv-none-embed/lib/rv32imac/ilp32\libnosys.a
END GROUP

.init           0x0000000000000000        0x4
                0x0000000000000000                _sinit = .
                0x0000000000000000                . = ALIGN (0x4)
 *(SORT_NONE(.init))
 .init          0x0000000000000000        0x4 ./Startup/startup_CH573.o
                0x0000000000000000                _start
                0x0000000000000004                . = ALIGN (0x4)
                0x0000000000000004                _einit = .

.highcodelalign
                0x0000000000000004        0x0
                0x0000000000000004                . = ALIGN (0x4)
                0x0000000000000004                PROVIDE (_highcode_lma = .)

.highcode       0x0000000020003800     0x1160 load address 0x0000000000000004
                0x0000000020003800                . = ALIGN (0x4)
                0x0000000020003800                PROVIDE (_highcode_vma_start = .)
 *(.vector)
 .vector        0x0000000020003800       0x90 ./Startup/startup_CH573.o
 *(SORT_NONE(.vector_handler))
 .vector_handler
                0x0000000020003890       0x2c ./Startup/startup_CH573.o
                0x0000000020003890                NMI_Handler
                0x0000000020003894                SysTick_Handler
                0x0000000020003896                SW_Handler
                0x0000000020003898                TMR0_IRQHandler
                0x000000002000389a                GPIOA_IRQHandler
                0x000000002000389c                GPIOB_IRQHandler
                0x000000002000389e                SPI0_IRQHandler
                0x00000000200038a0                BB_IRQHandler
                0x00000000200038a2                LLE_IRQHandler
                0x00000000200038a4                USB_IRQHandler
                0x00000000200038a6                TMR1_IRQHandler
                0x00000000200038a8                TMR2_IRQHandler
                0x00000000200038aa                UART0_IRQHandler
                0x00000000200038ac                UART1_IRQHandler
                0x00000000200038b0                ADC_IRQHandler
                0x00000000200038b2                PWMX_IRQHandler
                0x00000000200038b4                TMR3_IRQHandler
                0x00000000200038b6                UART2_IRQHandler
                0x00000000200038b8                UART3_IRQHandler
                0x00000000200038ba                WDOG_BAT_IRQHandler
 *(.highcode)
 .highcode      0x00000000200038bc      0x3ee C:\Users\8\Desktop\EXAM\SRC\StdPeriphDriver\libISP573.a(ISP573.o)
                0x00000000200038bc                FLASH_ROM_BEG
                0x00000000200038ce                FLASH_ROM_END
                0x00000000200038dc                FLASH_ROM_IN
                0x00000000200038ea                FLASH_ROM_OUT
                0x00000000200038f8                FLASH_ROM_ADDR
                0x0000000020003940                FLASH_ROM_WAIT
                0x0000000020003978                FLASH_EEPROM_CMD
 .highcode      0x0000000020003caa      0x23a C:\Users\8\Desktop\EXAM\BLE\LIB\libCH57xBLE.a(tmos.o)
                0x0000000020003cca                tmos_memcpy
                0x0000000020003cea                tmos_memcpy_word
                0x0000000020003d06                TMOS_SystemProcess
 .highcode      0x0000000020003ee4       0xc2 C:\Users\8\Desktop\EXAM\BLE\LIB\libCH57xBLE.a(tmos_hw.o)
                0x0000000020003ee4                BLE_GetHSEClock
                0x0000000020003f22                RTC_Get32KClock
                0x0000000020003f3a                SYS_GetTickCount
 .highcode      0x0000000020003fa6      0x13a C:\Users\8\Desktop\EXAM\BLE\LIB\libCH57xBLE.a(ll_connect.o)
                0x0000000020003fa6                ll_connect_process_data
                0x0000000020003ff4                ll_connect_event_continue
 .highcode      0x00000000200040e0      0x1b8 C:\Users\8\Desktop\EXAM\BLE\LIB\libCH57xBLE.a(bb.o)
                0x00000000200040e0                BB_RAM_IRQHandler
 .highcode      0x0000000020004298      0x198 C:\Users\8\Desktop\EXAM\BLE\LIB\libCH57xBLE.a(ip.o)
                0x0000000020004298                ll_tx_wait_finish
                0x00000000200042c4                ll_tx_wait_tx_dma
                0x0000000020004322                ll_rx_wait_finish
                0x0000000020004358                ll_rx_wait_tx_dma
                0x00000000200043a6                ble_ll_chkcrc
 .highcode      0x0000000020004430      0x17c C:\Users\8\Desktop\EXAM\BLE\LIB\libCH57xBLE.a(lle.o)
                0x0000000020004430                LLE_RAM_IRQHandler
 .highcode      0x00000000200045ac       0x82 C:\Users\8\Desktop\EXAM\BLE\LIB\libCH57xBLE.a(rf_fh.o)
                0x00000000200045ac                RF_HopGetChannel
 .highcode      0x000000002000462e       0x2c C:\Users\8\Desktop\EXAM\BLE\LIB\libCH57xBLE.a(rfend.o)
                0x000000002000462e                RFEND_WaitTune
 .highcode      0x000000002000465a      0x13a C:\Users\8\Desktop\EXAM\BLE\LIB\libCH57xBLE.a(memory.o)
                0x000000002000465a                tmos_memory_allocate
                0x00000000200046f4                tmos_memory_free
 *(.highcode.*)
 .highcode.Get_Calibration_Cnt_RAM
                0x0000000020004794       0x4a ./StdPeriphDriver/CH57x_clk.o
                0x0000000020004794                Get_Calibration_Cnt_RAM
 .highcode.SetSysClock
                0x00000000200047de       0xfc ./StdPeriphDriver/CH57x_sys.o
                0x00000000200047de                SetSysClock
 .highcode.HardFault_Handler
                0x00000000200048da       0x38 ./StdPeriphDriver/CH57x_sys.o
                0x00000000200048da                HardFault_Handler
 .highcode.mDelayuS
                0x0000000020004912        0xe ./StdPeriphDriver/CH57x_sys.o
                0x0000000020004912                mDelayuS
 .highcode.mDelaymS
                0x0000000020004920       0x28 ./StdPeriphDriver/CH57x_sys.o
                0x0000000020004920                mDelaymS
 .highcode.RTC_IRQHandler
                0x0000000020004948       0x16 ./HAL/RTC.o
                0x0000000020004948                RTC_IRQHandler
                0x0000000020004960                . = ALIGN (0x4)
 *fill*         0x000000002000495e        0x2 
                0x0000000020004960                PROVIDE (_highcode_vma_end = .)

.text           0x0000000000001168    0x21ec4
                0x0000000000001168                . = ALIGN (0x4)
 *(SORT_NONE(.handle_reset))
 .handle_reset  0x0000000000001168       0xa2 ./Startup/startup_CH573.o
                0x0000000000001168                handle_reset
 *(.text)
 .text          0x000000000000120a       0xa8 d:/软件/mounriver/mounriver_studio/toolchain/risc-v embedded gcc/bin/../lib/gcc/riscv-none-embed/8.2.0/../../../../riscv-none-embed/lib/rv32imac/ilp32\libg_nano.a(lib_a-memset.o)
                0x000000000000120a                memset
 *(.text.*)
 .text.ADC_InterBATSampInit
                0x00000000000012b2       0x1e ./StdPeriphDriver/CH57x_adc.o
                0x00000000000012b2                ADC_InterBATSampInit
 .text.ADC_ExcutSingleConver
                0x00000000000012d0       0x20 ./StdPeriphDriver/CH57x_adc.o
                0x00000000000012d0                ADC_ExcutSingleConver
 .text.Vbat_Init
                0x00000000000012f0       0xa2 ./StdPeriphDriver/CH57x_adc.o
                0x00000000000012f0                Vbat_Init
 .text.ADC_InterTSSampInit
                0x0000000000001392       0x28 ./StdPeriphDriver/CH57x_adc.o
                0x0000000000001392                ADC_InterTSSampInit
 .text.Calibration_LSI_FLASH
                0x00000000000013ba      0x26e ./StdPeriphDriver/CH57x_clk.o
                0x00000000000013ba                Calibration_LSI_FLASH
 .text.Calibration_LSI_RAM
                0x0000000000001628      0x22c ./StdPeriphDriver/CH57x_clk.o
                0x0000000000001628                Calibration_LSI_RAM
 .text.RTC_InitTime
                0x0000000000001854      0x134 ./StdPeriphDriver/CH57x_clk.o
                0x0000000000001854                RTC_InitTime
 .text.GPIOA_ModeCfg
                0x0000000000001988       0xa6 ./StdPeriphDriver/CH57x_gpio.o
                0x0000000000001988                GPIOA_ModeCfg
 .text.PWR_DCDCCfg
                0x0000000000001a2e       0x88 ./StdPeriphDriver/CH57x_pwr.o
                0x0000000000001a2e                PWR_DCDCCfg
 .text.PowerMonitor
                0x0000000000001ab6       0x96 ./StdPeriphDriver/CH57x_pwr.o
                0x0000000000001ab6                PowerMonitor
 .text.GetSysClock
                0x0000000000001b4c       0x42 ./StdPeriphDriver/CH57x_sys.o
                0x0000000000001b4c                GetSysClock
 .text.SYS_GetSysTickCnt
                0x0000000000001b8e        0xa ./StdPeriphDriver/CH57x_sys.o
                0x0000000000001b8e                SYS_GetSysTickCnt
 .text._write   0x0000000000001b98       0x28 ./StdPeriphDriver/CH57x_sys.o
                0x0000000000001b98                _write
 .text.UART1_BaudRateCfg
                0x0000000000001bc0       0x30 ./StdPeriphDriver/CH57x_uart1.o
                0x0000000000001bc0                UART1_BaudRateCfg
 .text.UART1_DefInit
                0x0000000000001bf0       0x32 ./StdPeriphDriver/CH57x_uart1.o
                0x0000000000001bf0                UART1_DefInit
 .text.SetUsbSpeed.part.1
                0x0000000000001c22       0x1e ./StdPeriphDriver/CH57x_usbhostBase.o
 .text.DisableRootHubPort
                0x0000000000001c40        0x6 ./StdPeriphDriver/CH57x_usbhostBase.o
                0x0000000000001c40                DisableRootHubPort
 .text.AnalyzeRootHub
                0x0000000000001c46       0x64 ./StdPeriphDriver/CH57x_usbhostBase.o
                0x0000000000001c46                AnalyzeRootHub
 .text.SetHostUsbAddr
                0x0000000000001caa       0x18 ./StdPeriphDriver/CH57x_usbhostBase.o
                0x0000000000001caa                SetHostUsbAddr
 .text.SetUsbSpeed
                0x0000000000001cc2       0x16 ./StdPeriphDriver/CH57x_usbhostBase.o
                0x0000000000001cc2                SetUsbSpeed
 .text.ResetRootHubPort
                0x0000000000001cd8       0x62 ./StdPeriphDriver/CH57x_usbhostBase.o
                0x0000000000001cd8                ResetRootHubPort
 .text.EnableRootHubPort
                0x0000000000001d3a       0x52 ./StdPeriphDriver/CH57x_usbhostBase.o
                0x0000000000001d3a                EnableRootHubPort
 .text.SelectHubPort
                0x0000000000001d8c       0x64 ./StdPeriphDriver/CH57x_usbhostBase.o
                0x0000000000001d8c                SelectHubPort
 .text.USBHostTransact
                0x0000000000001df0      0x152 ./StdPeriphDriver/CH57x_usbhostBase.o
                0x0000000000001df0                USBHostTransact
 .text.HostCtrlTransfer
                0x0000000000001f42      0x1cc ./StdPeriphDriver/CH57x_usbhostBase.o
                0x0000000000001f42                HostCtrlTransfer
 .text.CopySetupReqPkg
                0x000000000000210e       0x20 ./StdPeriphDriver/CH57x_usbhostBase.o
                0x000000000000210e                CopySetupReqPkg
 .text.CtrlGetDeviceDescr
                0x000000000000212e       0x44 ./StdPeriphDriver/CH57x_usbhostBase.o
                0x000000000000212e                CtrlGetDeviceDescr
 .text.CtrlGetConfigDescr
                0x0000000000002172       0x60 ./StdPeriphDriver/CH57x_usbhostBase.o
                0x0000000000002172                CtrlGetConfigDescr
 .text.CtrlSetUsbAddress
                0x00000000000021d2       0x46 ./StdPeriphDriver/CH57x_usbhostBase.o
                0x00000000000021d2                CtrlSetUsbAddress
 .text.CtrlSetUsbConfig
                0x0000000000002218       0x2c ./StdPeriphDriver/CH57x_usbhostBase.o
                0x0000000000002218                CtrlSetUsbConfig
 .text.USB_HostInit
                0x0000000000002244       0x64 ./StdPeriphDriver/CH57x_usbhostBase.o
                0x0000000000002244                USB_HostInit
 .text.AnalyzeHidIntEndp
                0x00000000000022a8       0xf0 ./StdPeriphDriver/CH57x_usbhostClass.o
                0x00000000000022a8                AnalyzeHidIntEndp
 .text.AnalyzeBulkEndp
                0x0000000000002398       0xb0 ./StdPeriphDriver/CH57x_usbhostClass.o
                0x0000000000002398                AnalyzeBulkEndp
 .text.SearchTypeDevice
                0x0000000000002448       0x6a ./StdPeriphDriver/CH57x_usbhostClass.o
                0x0000000000002448                SearchTypeDevice
 .text.SETKEYBLED
                0x00000000000024b2       0xdc ./StdPeriphDriver/CH57x_usbhostClass.o
                0x00000000000024b2                SETKEYBLED
 .text.CtrlGetHIDDeviceReport
                0x000000000000258e       0x64 ./StdPeriphDriver/CH57x_usbhostClass.o
                0x000000000000258e                CtrlGetHIDDeviceReport
 .text.CtrlGetHubDescr
                0x00000000000025f2       0x34 ./StdPeriphDriver/CH57x_usbhostClass.o
                0x00000000000025f2                CtrlGetHubDescr
 .text.HubGetPortStatus
                0x0000000000002626       0x50 ./StdPeriphDriver/CH57x_usbhostClass.o
                0x0000000000002626                HubGetPortStatus
 .text.HubSetPortFeature
                0x0000000000002676       0x34 ./StdPeriphDriver/CH57x_usbhostClass.o
                0x0000000000002676                HubSetPortFeature
 .text.InitRootDevice
                0x00000000000026aa      0x2d2 ./StdPeriphDriver/CH57x_usbhostClass.o
                0x00000000000026aa                InitRootDevice
 .text.HubClearPortFeature
                0x000000000000297c       0x34 ./StdPeriphDriver/CH57x_usbhostClass.o
                0x000000000000297c                HubClearPortFeature
 .text.InitDevOnHub
                0x00000000000029b0      0x2fc ./StdPeriphDriver/CH57x_usbhostClass.o
                0x00000000000029b0                InitDevOnHub
 .text.EnumHubPort
                0x0000000000002cac      0x1b0 ./StdPeriphDriver/CH57x_usbhostClass.o
                0x0000000000002cac                EnumHubPort
 .text.EnumAllHubPort
                0x0000000000002e5c       0x42 ./StdPeriphDriver/CH57x_usbhostClass.o
                0x0000000000002e5c                EnumAllHubPort
 .text.battMeasure
                0x0000000000002e9e      0x46a ./Profile/battservice.o
 .text.battWriteAttrCB
                0x0000000000003308       0x5e ./Profile/battservice.o
 .text.battReadAttrCB
                0x0000000000003366       0x80 ./Profile/battservice.o
 .text.battNotifyCB
                0x00000000000033e6       0x76 ./Profile/battservice.o
 .text.Batt_AddService
                0x000000000000345c       0x2c ./Profile/battservice.o
                0x000000000000345c                Batt_AddService
 .text.Batt_Register
                0x0000000000003488        0x6 ./Profile/battservice.o
                0x0000000000003488                Batt_Register
 .text.Batt_SetParameter
                0x000000000000348e       0x3a ./Profile/battservice.o
                0x000000000000348e                Batt_SetParameter
 .text.Batt_GetParameter
                0x00000000000034c8       0x6a ./Profile/battservice.o
                0x00000000000034c8                Batt_GetParameter
 .text.Batt_MeasLevel
                0x0000000000003532       0x30 ./Profile/battservice.o
                0x0000000000003532                Batt_MeasLevel
 .text.Batt_HandleConnStatusCB
                0x0000000000003562       0x3e ./Profile/battservice.o
                0x0000000000003562                Batt_HandleConnStatusCB
 .text.devInfo_ReadAttrCB
                0x00000000000035a0      0x196 ./Profile/devinfoservice.o
 .text.DevInfo_AddService
                0x0000000000003736       0x18 ./Profile/devinfoservice.o
                0x0000000000003736                DevInfo_AddService
 .text.hidDevScanParamCB
                0x000000000000374e        0x2 ./Profile/hiddev.o
 .text.hidDevRptByHandle
                0x0000000000003750       0x30 ./Profile/hiddev.o
 .text.hidDevParamUpdateCB
                0x0000000000003780       0x12 ./Profile/hiddev.o
 .text.hidDevInitialAdvertising
                0x0000000000003792       0x3c ./Profile/hiddev.o
 .text.hidDeVbattCB
                0x00000000000037ce       0x28 ./Profile/hiddev.o
 .text.hidDevPairStateCB
                0x00000000000037f6       0x28 ./Profile/hiddev.o
 .text.hidDevPasscodeCB
                0x000000000000381e       0x34 ./Profile/hiddev.o
 .text.HidDev_ProcessEvent
                0x0000000000003852       0x6c ./Profile/hiddev.o
                0x0000000000003852                HidDev_ProcessEvent
 .text.hidDevGapStateCB
                0x00000000000038be      0x126 ./Profile/hiddev.o
 .text.HidDev_Init
                0x00000000000039e4       0x6a ./Profile/hiddev.o
                0x00000000000039e4                HidDev_Init
 .text.HidDev_Register
                0x0000000000003a4e        0xa ./Profile/hiddev.o
                0x0000000000003a4e                HidDev_Register
 .text.HidDev_RegisterReports
                0x0000000000003a58        0xa ./Profile/hiddev.o
                0x0000000000003a58                HidDev_RegisterReports
 .text.HidDev_Report
                0x0000000000003a62      0x12e ./Profile/hiddev.o
                0x0000000000003a62                HidDev_Report
 .text.HidDev_ReadAttrCB
                0x0000000000003b90      0x106 ./Profile/hiddev.o
                0x0000000000003b90                HidDev_ReadAttrCB
 .text.HidDev_WriteAttrCB
                0x0000000000003c96      0x148 ./Profile/hiddev.o
                0x0000000000003c96                HidDev_WriteAttrCB
 .text.Hid_AddService
                0x0000000000003dde      0x10a ./Profile/hidkbdservice.o
                0x0000000000003dde                Hid_AddService
 .text.Hid_SetParameter
                0x0000000000003ee8       0x5a ./Profile/hidkbdservice.o
                0x0000000000003ee8                Hid_SetParameter
 .text.Hid_GetParameter
                0x0000000000003f42       0x42 ./Profile/hidkbdservice.o
                0x0000000000003f42                Hid_GetParameter
 .text.scanParamReadAttrCB
                0x0000000000003f84        0x4 ./Profile/scanparamservice.o
 .text.scanParamWriteAttrCB
                0x0000000000003f88       0x66 ./Profile/scanparamservice.o
 .text.ScanParam_AddService
                0x0000000000003fee       0x2c ./Profile/scanparamservice.o
                0x0000000000003fee                ScanParam_AddService
 .text.ScanParam_Register
                0x000000000000401a        0x6 ./Profile/scanparamservice.o
                0x000000000000401a                ScanParam_Register
 .text.ScanParam_RefreshNotify
                0x0000000000004020       0x5c ./Profile/scanparamservice.o
                0x0000000000004020                ScanParam_RefreshNotify
 .text.ScanParam_HandleConnStatusCB
                0x000000000000407c       0x3e ./Profile/scanparamservice.o
                0x000000000000407c                ScanParam_HandleConnStatusCB
 .text.Lib_Calibration_LSI
                0x00000000000040ba       0x30 ./HAL/MCU.o
                0x00000000000040ba                Lib_Calibration_LSI
 .text.Lib_Read_Flash
                0x00000000000040ea       0x1c ./HAL/MCU.o
                0x00000000000040ea                Lib_Read_Flash
 .text.Lib_Write_Flash
                0x0000000000004106       0x42 ./HAL/MCU.o
                0x0000000000004106                Lib_Write_Flash
 .text.HAL_GetInterTempValue
                0x0000000000004148       0x72 ./HAL/MCU.o
                0x0000000000004148                HAL_GetInterTempValue
 .text.HAL_ProcessEvent
                0x00000000000041ba       0x7e ./HAL/MCU.o
                0x00000000000041ba                HAL_ProcessEvent
 .text.CH57X_BLEInit
                0x0000000000004238      0x12c ./HAL/MCU.o
                0x0000000000004238                CH57X_BLEInit
 .text.HAL_Init
                0x0000000000004364       0x34 ./HAL/MCU.o
                0x0000000000004364                HAL_Init
 .text.HAL_TimeInit
                0x0000000000004398       0x50 ./HAL/RTC.o
                0x0000000000004398                HAL_TimeInit
 .text.hidEmuEvtCB
                0x00000000000043e8        0x2 ./APP/Main.o
 .text.hidEmuStateCB
                0x00000000000043ea       0xd4 ./APP/Main.o
 .text.HidEmu_ProcessEvent
                0x00000000000044be       0x70 ./APP/Main.o
                0x00000000000044be                HidEmu_ProcessEvent
 .text.hidEmuRptCB
                0x000000000000452e       0xc8 ./APP/Main.o
 .text.HidEmu_Init
                0x00000000000045f6       0xea ./APP/Main.o
                0x00000000000045f6                HidEmu_Init
 .text.startup.main
                0x00000000000046e0      0x17a ./APP/Main.o
                0x00000000000046e0                main
 .text.tmos_msg_enqueue
                0x000000000000485a       0x1e C:\Users\8\Desktop\EXAM\BLE\LIB\libCH57xBLE.a(message.o)
                0x000000000000485a                tmos_msg_enqueue
 .text.tmos_msg_deallocate
                0x0000000000004878       0x2c C:\Users\8\Desktop\EXAM\BLE\LIB\libCH57xBLE.a(message.o)
                0x0000000000004878                tmos_msg_deallocate
 .text.tmos_msg_allocate
                0x00000000000048a4       0x3e C:\Users\8\Desktop\EXAM\BLE\LIB\libCH57xBLE.a(message.o)
                0x00000000000048a4                tmos_msg_allocate
 .text.tmos_msg_receive
                0x00000000000048e2       0x68 C:\Users\8\Desktop\EXAM\BLE\LIB\libCH57xBLE.a(message.o)
                0x00000000000048e2                tmos_msg_receive
 .text.tmos_msg_send
                0x000000000000494a       0x56 C:\Users\8\Desktop\EXAM\BLE\LIB\libCH57xBLE.a(message.o)
                0x000000000000494a                tmos_msg_send
 .text.tmos_msg_init
                0x00000000000049a0        0x6 C:\Users\8\Desktop\EXAM\BLE\LIB\libCH57xBLE.a(message.o)
                0x00000000000049a0                tmos_msg_init
 .text.tmosFindTask
                0x00000000000049a6       0x20 C:\Users\8\Desktop\EXAM\BLE\LIB\libCH57xBLE.a(tmos.o)
 .text.TMOS_CbTimerProcessEvent
                0x00000000000049c6       0x7c C:\Users\8\Desktop\EXAM\BLE\LIB\libCH57xBLE.a(tmos.o)
                0x00000000000049c6                TMOS_CbTimerProcessEvent
 .text.tmos_rand
                0x0000000000004a42       0x54 C:\Users\8\Desktop\EXAM\BLE\LIB\libCH57xBLE.a(tmos.o)
                0x0000000000004a42                tmos_rand
 .text.tmos_query_sleep_time
                0x0000000000004a96      0x178 C:\Users\8\Desktop\EXAM\BLE\LIB\libCH57xBLE.a(tmos.o)
                0x0000000000004a96                tmos_query_sleep_time
 .text.tmos_memset
                0x0000000000004c0e       0x12 C:\Users\8\Desktop\EXAM\BLE\LIB\libCH57xBLE.a(tmos.o)
                0x0000000000004c0e                tmos_memset
 .text.tmos_strlen
                0x0000000000004c20       0x14 C:\Users\8\Desktop\EXAM\BLE\LIB\libCH57xBLE.a(tmos.o)
                0x0000000000004c20                tmos_strlen
 .text.tmos_memdup
                0x0000000000004c34       0x3c C:\Users\8\Desktop\EXAM\BLE\LIB\libCH57xBLE.a(tmos.o)
                0x0000000000004c34                tmos_memdup
 .text.tmos_memcmp
                0x0000000000004c70       0x24 C:\Users\8\Desktop\EXAM\BLE\LIB\libCH57xBLE.a(tmos.o)
                0x0000000000004c70                tmos_memcmp
 .text.tmos_revmemcpy
                0x0000000000004c94       0x1c C:\Users\8\Desktop\EXAM\BLE\LIB\libCH57xBLE.a(tmos.o)
                0x0000000000004c94                tmos_revmemcpy
 .text.tmos_isbufset
                0x0000000000004cb0       0x1e C:\Users\8\Desktop\EXAM\BLE\LIB\libCH57xBLE.a(tmos.o)
                0x0000000000004cb0                tmos_isbufset
 .text.tmos_set_event
                0x0000000000004cce       0x2a C:\Users\8\Desktop\EXAM\BLE\LIB\libCH57xBLE.a(tmos.o)
                0x0000000000004cce                tmos_set_event
 .text.tmos_query_system_time
                0x0000000000004cf8       0xae C:\Users\8\Desktop\EXAM\BLE\LIB\libCH57xBLE.a(tmos.o)
                0x0000000000004cf8                tmos_query_system_time
 .text.tmos_clear_event
                0x0000000000004da6       0x2e C:\Users\8\Desktop\EXAM\BLE\LIB\libCH57xBLE.a(tmos.o)
                0x0000000000004da6                tmos_clear_event
 .text.tmos_start_task
                0x0000000000004dd4       0x90 C:\Users\8\Desktop\EXAM\BLE\LIB\libCH57xBLE.a(tmos.o)
                0x0000000000004dd4                tmos_start_task
 .text.tmos_start_callback_task
                0x0000000000004e64       0xac C:\Users\8\Desktop\EXAM\BLE\LIB\libCH57xBLE.a(tmos.o)
                0x0000000000004e64                tmos_start_callback_task
 .text.tmos_start_reload_task
                0x0000000000004f10       0x30 C:\Users\8\Desktop\EXAM\BLE\LIB\libCH57xBLE.a(tmos.o)
                0x0000000000004f10                tmos_start_reload_task
 .text.tmos_stop_task
                0x0000000000004f40       0x34 C:\Users\8\Desktop\EXAM\BLE\LIB\libCH57xBLE.a(tmos.o)
                0x0000000000004f40                tmos_stop_task
 .text.tmos_stop_callback_task
                0x0000000000004f74       0x5c C:\Users\8\Desktop\EXAM\BLE\LIB\libCH57xBLE.a(tmos.o)
                0x0000000000004f74                tmos_stop_callback_task
 .text.tmos_get_task_timer
                0x0000000000004fd0       0x16 C:\Users\8\Desktop\EXAM\BLE\LIB\libCH57xBLE.a(tmos.o)
                0x0000000000004fd0                tmos_get_task_timer
 .text.tmos_update_callback_timer
                0x0000000000004fe6       0x64 C:\Users\8\Desktop\EXAM\BLE\LIB\libCH57xBLE.a(tmos.o)
                0x0000000000004fe6                tmos_update_callback_timer
 .text.TMOS_Set32KTuneValue
                0x000000000000504a        0xa C:\Users\8\Desktop\EXAM\BLE\LIB\libCH57xBLE.a(tmos.o)
                0x000000000000504a                TMOS_Set32KTuneValue
 .text.TMOS_TimerRegister
                0x0000000000005054       0x1a C:\Users\8\Desktop\EXAM\BLE\LIB\libCH57xBLE.a(tmos.o)
                0x0000000000005054                TMOS_TimerRegister
 .text.TMOS_ProcessRegister
                0x000000000000506e       0x16 C:\Users\8\Desktop\EXAM\BLE\LIB\libCH57xBLE.a(tmos.o)
                0x000000000000506e                TMOS_ProcessRegister
 .text.TMOS_Init
                0x0000000000005084       0xc2 C:\Users\8\Desktop\EXAM\BLE\LIB\libCH57xBLE.a(tmos.o)
                0x0000000000005084                TMOS_Init
 .text.TMOS_ProcessEventRegister
                0x0000000000005146       0x38 C:\Users\8\Desktop\EXAM\BLE\LIB\libCH57xBLE.a(tmos.o)
                0x0000000000005146                TMOS_ProcessEventRegister
 .text.BLE_LibInit
                0x000000000000517e      0x158 C:\Users\8\Desktop\EXAM\BLE\LIB\libCH57xBLE.a(tmos.o)
                0x000000000000517e                BLE_LibInit
 .text.ble_ll_common_rand8
                0x00000000000052d6       0x24 C:\Users\8\Desktop\EXAM\BLE\LIB\libCH57xBLE.a(tmos_hw.o)
                0x00000000000052d6                ble_ll_common_rand8
 .text.ble_ll_common_rand16
                0x00000000000052fa       0x24 C:\Users\8\Desktop\EXAM\BLE\LIB\libCH57xBLE.a(tmos_hw.o)
                0x00000000000052fa                ble_ll_common_rand16
 .text.ble_ll_common_rand32
                0x000000000000531e       0x20 C:\Users\8\Desktop\EXAM\BLE\LIB\libCH57xBLE.a(tmos_hw.o)
                0x000000000000531e                ble_ll_common_rand32
 .text.ll_hw_temp_sample
                0x000000000000533e       0xc0 C:\Users\8\Desktop\EXAM\BLE\LIB\libCH57xBLE.a(tmos_hw.o)
                0x000000000000533e                ll_hw_temp_sample
 .text.TMOS_TimerInit
                0x00000000000053fe       0x5e C:\Users\8\Desktop\EXAM\BLE\LIB\libCH57xBLE.a(tmos_hw.o)
                0x00000000000053fe                TMOS_TimerInit
 .text.tmos_snv_init
                0x000000000000545c       0xba C:\Users\8\Desktop\EXAM\BLE\LIB\libCH57xBLE.a(tmos_snv.o)
                0x000000000000545c                tmos_snv_init
 .text.tmos_snv_clear
                0x0000000000005516       0xac C:\Users\8\Desktop\EXAM\BLE\LIB\libCH57xBLE.a(tmos_snv.o)
                0x0000000000005516                tmos_snv_clear
 .text.tmos_snv_read
                0x00000000000055c2       0xea C:\Users\8\Desktop\EXAM\BLE\LIB\libCH57xBLE.a(tmos_snv.o)
                0x00000000000055c2                tmos_snv_read
 .text.tmos_snv_notify
                0x00000000000056ac       0x5e C:\Users\8\Desktop\EXAM\BLE\LIB\libCH57xBLE.a(tmos_snv.o)
                0x00000000000056ac                tmos_snv_notify
 .text.tmos_snv_write
                0x000000000000570a      0x116 C:\Users\8\Desktop\EXAM\BLE\LIB\libCH57xBLE.a(tmos_snv.o)
                0x000000000000570a                tmos_snv_write
 .text.tmos_snv_compact
                0x0000000000005820       0x48 C:\Users\8\Desktop\EXAM\BLE\LIB\libCH57xBLE.a(tmos_snv.o)
                0x0000000000005820                tmos_snv_compact
 .text.disconnectNext
                0x0000000000005868       0x22 C:\Users\8\Desktop\EXAM\BLE\LIB\libCH57xBLE.a(gap.o)
 .text.GAP_ParamInit
                0x000000000000588a       0x80 C:\Users\8\Desktop\EXAM\BLE\LIB\libCH57xBLE.a(gap.o)
                0x000000000000588a                GAP_ParamInit
 .text.sendTerminateEvent
                0x000000000000590a       0x58 C:\Users\8\Desktop\EXAM\BLE\LIB\libCH57xBLE.a(gap.o)
                0x000000000000590a                sendTerminateEvent
 .text.gapRegisterCentral
                0x0000000000005962        0x6 C:\Users\8\Desktop\EXAM\BLE\LIB\libCH57xBLE.a(gap.o)
                0x0000000000005962                gapRegisterCentral
 .text.gapRegisterCentralConn
                0x0000000000005968        0x6 C:\Users\8\Desktop\EXAM\BLE\LIB\libCH57xBLE.a(gap.o)
                0x0000000000005968                gapRegisterCentralConn
 .text.gapRegisterPeripheral
                0x000000000000596e        0x6 C:\Users\8\Desktop\EXAM\BLE\LIB\libCH57xBLE.a(gap.o)
                0x000000000000596e                gapRegisterPeripheral
 .text.gapRegisterPeripheralConn
                0x0000000000005974        0x6 C:\Users\8\Desktop\EXAM\BLE\LIB\libCH57xBLE.a(gap.o)
                0x0000000000005974                gapRegisterPeripheralConn
 .text.smGenerateRandBuf
                0x000000000000597a       0x56 C:\Users\8\Desktop\EXAM\BLE\LIB\libCH57xBLE.a(gap.o)
                0x000000000000597a                smGenerateRandBuf
 .text.gapL2capConnParamUpdateReq
                0x00000000000059d0       0x32 C:\Users\8\Desktop\EXAM\BLE\LIB\libCH57xBLE.a(gap.o)
                0x00000000000059d0                gapL2capConnParamUpdateReq
 .text.gapValidADType
                0x0000000000005a02       0x16 C:\Users\8\Desktop\EXAM\BLE\LIB\libCH57xBLE.a(gap.o)
                0x0000000000005a02                gapValidADType
 .text.gapFindADType
                0x0000000000005a18       0x8e C:\Users\8\Desktop\EXAM\BLE\LIB\libCH57xBLE.a(gap.o)
                0x0000000000005a18                gapFindADType
 .text.GAP_SecParamsInit
                0x0000000000005aa6       0x9e C:\Users\8\Desktop\EXAM\BLE\LIB\libCH57xBLE.a(gap.o)
                0x0000000000005aa6                GAP_SecParamsInit
 .text.GAP_ParamsInit
                0x0000000000005b44       0x48 C:\Users\8\Desktop\EXAM\BLE\LIB\libCH57xBLE.a(gap.o)
                0x0000000000005b44                GAP_ParamsInit
 .text.gapAddAddrAdj
                0x0000000000005b8c       0x48 C:\Users\8\Desktop\EXAM\BLE\LIB\libCH57xBLE.a(gap.o)
                0x0000000000005b8c                gapAddAddrAdj
 .text.gapDetermineAddrType
                0x0000000000005bd4       0x28 C:\Users\8\Desktop\EXAM\BLE\LIB\libCH57xBLE.a(gap.o)
                0x0000000000005bd4                gapDetermineAddrType
 .text.gapFreeAuthLink
                0x0000000000005bfc       0x4a C:\Users\8\Desktop\EXAM\BLE\LIB\libCH57xBLE.a(gap.o)
                0x0000000000005bfc                gapFreeAuthLink
 .text.gapGetDevAddress
                0x0000000000005c46       0x24 C:\Users\8\Desktop\EXAM\BLE\LIB\libCH57xBLE.a(gap.o)
                0x0000000000005c46                gapGetDevAddress
 .text.gapGetDevAddressMode
                0x0000000000005c6a        0xa C:\Users\8\Desktop\EXAM\BLE\LIB\libCH57xBLE.a(gap.o)
                0x0000000000005c6a                gapGetDevAddressMode
 .text.gapGetIRK
                0x0000000000005c74        0xc C:\Users\8\Desktop\EXAM\BLE\LIB\libCH57xBLE.a(gap.o)
                0x0000000000005c74                gapGetIRK
 .text.gapGetSRK
                0x0000000000005c80        0xc C:\Users\8\Desktop\EXAM\BLE\LIB\libCH57xBLE.a(gap.o)
                0x0000000000005c80                gapGetSRK
 .text.gapGetSignCounter
                0x0000000000005c8c        0xe C:\Users\8\Desktop\EXAM\BLE\LIB\libCH57xBLE.a(gap.o)
                0x0000000000005c8c                gapGetSignCounter
 .text.gapIncSignCounter
                0x0000000000005c9a       0x28 C:\Users\8\Desktop\EXAM\BLE\LIB\libCH57xBLE.a(gap.o)
                0x0000000000005c9a                gapIncSignCounter
 .text.gapProcessConnEvt
                0x0000000000005cc2       0x48 C:\Users\8\Desktop\EXAM\BLE\LIB\libCH57xBLE.a(gap.o)
                0x0000000000005cc2                gapProcessConnEvt
 .text.gapProcessDisconnectCompleteEvt
                0x0000000000005d0a       0xaa C:\Users\8\Desktop\EXAM\BLE\LIB\libCH57xBLE.a(gap.o)
                0x0000000000005d0a                gapProcessDisconnectCompleteEvt
 .text.sendAuthEvent
                0x0000000000005db4      0x11c C:\Users\8\Desktop\EXAM\BLE\LIB\libCH57xBLE.a(gap.o)
                0x0000000000005db4                sendAuthEvent
 .text.gapSendBondCompleteEvent
                0x0000000000005ed0       0x70 C:\Users\8\Desktop\EXAM\BLE\LIB\libCH57xBLE.a(gap.o)
                0x0000000000005ed0                gapSendBondCompleteEvent
 .text.gapSendPairingReqEvent
                0x0000000000005f40       0x92 C:\Users\8\Desktop\EXAM\BLE\LIB\libCH57xBLE.a(gap.o)
                0x0000000000005f40                gapSendPairingReqEvent
 .text.gapSendSlaveSecurityReqEvent
                0x0000000000005fd2       0x68 C:\Users\8\Desktop\EXAM\BLE\LIB\libCH57xBLE.a(gap.o)
                0x0000000000005fd2                gapSendSlaveSecurityReqEvent
 .text.gapSendDeviceInitDoneEvent
                0x000000000000603a       0x88 C:\Users\8\Desktop\EXAM\BLE\LIB\libCH57xBLE.a(gap.o)
                0x000000000000603a                gapSendDeviceInitDoneEvent
 .text.gapSendLinkUpdateEvent
                0x00000000000060c2       0x84 C:\Users\8\Desktop\EXAM\BLE\LIB\libCH57xBLE.a(gap.o)
                0x00000000000060c2                gapSendLinkUpdateEvent
 .text.gapSendEstLinkEvent
                0x0000000000006146       0xb8 C:\Users\8\Desktop\EXAM\BLE\LIB\libCH57xBLE.a(gap.o)
                0x0000000000006146                gapSendEstLinkEvent
 .text.gapProcessNewAddr
                0x00000000000061fe       0x3e C:\Users\8\Desktop\EXAM\BLE\LIB\libCH57xBLE.a(gap.o)
                0x00000000000061fe                gapProcessNewAddr
 .text.gapProcessRandomAddrComplete
                0x000000000000623c       0xb6 C:\Users\8\Desktop\EXAM\BLE\LIB\libCH57xBLE.a(gap.o)
                0x000000000000623c                gapProcessRandomAddrComplete
 .text.GAP_Authenticate
                0x00000000000062f2       0xd2 C:\Users\8\Desktop\EXAM\BLE\LIB\libCH57xBLE.a(gap.o)
                0x00000000000062f2                GAP_Authenticate
 .text.GAP_Bond
                0x00000000000063c4       0xa2 C:\Users\8\Desktop\EXAM\BLE\LIB\libCH57xBLE.a(gap.o)
                0x00000000000063c4                GAP_Bond
 .text.GAP_GetParamValue
                0x0000000000006466       0x1e C:\Users\8\Desktop\EXAM\BLE\LIB\libCH57xBLE.a(gap.o)
                0x0000000000006466                GAP_GetParamValue
 .text.GAP_PasscodeUpdate
                0x0000000000006484       0x50 C:\Users\8\Desktop\EXAM\BLE\LIB\libCH57xBLE.a(gap.o)
                0x0000000000006484                GAP_PasscodeUpdate
 .text.GAP_RegisterForMsgs
                0x00000000000064d4        0x6 C:\Users\8\Desktop\EXAM\BLE\LIB\libCH57xBLE.a(gap.o)
                0x00000000000064d4                GAP_RegisterForMsgs
 .text.GAP_ResolvePrivateAddr
                0x00000000000064da        0x4 C:\Users\8\Desktop\EXAM\BLE\LIB\libCH57xBLE.a(gap.o)
                0x00000000000064da                GAP_ResolvePrivateAddr
 .text.gapPairingCompleteCB
                0x00000000000064de      0x188 C:\Users\8\Desktop\EXAM\BLE\LIB\libCH57xBLE.a(gap.o)
                0x00000000000064de                gapPairingCompleteCB
 .text.gapPasskeyNeededCB
                0x0000000000006666       0x8e C:\Users\8\Desktop\EXAM\BLE\LIB\libCH57xBLE.a(gap.o)
                0x0000000000006666                gapPasskeyNeededCB
 .text.gapFreeEstLink
                0x00000000000066f4       0x20 C:\Users\8\Desktop\EXAM\BLE\LIB\libCH57xBLE.a(gap.o)
                0x00000000000066f4                gapFreeEstLink
 .text.gapUpdateConnSignCounter
                0x0000000000006714       0x7a C:\Users\8\Desktop\EXAM\BLE\LIB\libCH57xBLE.a(gap.o)
                0x0000000000006714                gapUpdateConnSignCounter
 .text.GAP_SendSlaveSecurityRequest
                0x000000000000678e       0x4c C:\Users\8\Desktop\EXAM\BLE\LIB\libCH57xBLE.a(gap.o)
                0x000000000000678e                GAP_SendSlaveSecurityRequest
 .text.GAP_Signable
                0x00000000000067da       0x66 C:\Users\8\Desktop\EXAM\BLE\LIB\libCH57xBLE.a(gap.o)
                0x00000000000067da                GAP_Signable
 .text.GAP_TerminateAuth
                0x0000000000006840       0x2a C:\Users\8\Desktop\EXAM\BLE\LIB\libCH57xBLE.a(gap.o)
                0x0000000000006840                GAP_TerminateAuth
 .text.GAP_NumActiveConnections
                0x000000000000686a        0x4 C:\Users\8\Desktop\EXAM\BLE\LIB\libCH57xBLE.a(gap.o)
                0x000000000000686a                GAP_NumActiveConnections
 .text.GAP_TerminateLinkReq
                0x000000000000686e       0x8e C:\Users\8\Desktop\EXAM\BLE\LIB\libCH57xBLE.a(gap.o)
                0x000000000000686e                GAP_TerminateLinkReq
 .text.GAP_SetParamValue
                0x00000000000068fc       0x4a C:\Users\8\Desktop\EXAM\BLE\LIB\libCH57xBLE.a(gap.o)
                0x00000000000068fc                GAP_SetParamValue
 .text.GAP_Init
                0x0000000000006946       0x44 C:\Users\8\Desktop\EXAM\BLE\LIB\libCH57xBLE.a(gap.o)
                0x0000000000006946                GAP_Init
 .text.GAP_ProcessEvent
                0x000000000000698a      0x58e C:\Users\8\Desktop\EXAM\BLE\LIB\libCH57xBLE.a(gap.o)
                0x000000000000698a                GAP_ProcessEvent
 .text.gapSendScanEnable
                0x0000000000006f18       0x1e C:\Users\8\Desktop\EXAM\BLE\LIB\libCH57xBLE.a(gap_central.o)
 .text.gapCentProcessConnEvt
                0x0000000000006f36      0x148 C:\Users\8\Desktop\EXAM\BLE\LIB\libCH57xBLE.a(gap_central.o)
                0x0000000000006f36                gapCentProcessConnEvt
 .text.gapCancelLinkReq
                0x000000000000707e       0x38 C:\Users\8\Desktop\EXAM\BLE\LIB\libCH57xBLE.a(gap_central.o)
                0x000000000000707e                gapCancelLinkReq
 .text.GAP_CentralParamInit
                0x00000000000070b6       0x4c C:\Users\8\Desktop\EXAM\BLE\LIB\libCH57xBLE.a(gap_central.o)
                0x00000000000070b6                GAP_CentralParamInit
 .text.gapProcessAdvertDevInfo
                0x0000000000007102      0x240 C:\Users\8\Desktop\EXAM\BLE\LIB\libCH57xBLE.a(gap_central.o)
                0x0000000000007102                gapProcessAdvertDevInfo
 .text.gapFreeScanRecs
                0x0000000000007342       0xa2 C:\Users\8\Desktop\EXAM\BLE\LIB\libCH57xBLE.a(gap_central.o)
                0x0000000000007342                gapFreeScanRecs
 .text.gapSendDevDiscEvent
                0x00000000000073e4      0x126 C:\Users\8\Desktop\EXAM\BLE\LIB\libCH57xBLE.a(gap_central.o)
                0x00000000000073e4                gapSendDevDiscEvent
 .text.gapSetScanParamStatus.part.2
                0x000000000000750a       0x42 C:\Users\8\Desktop\EXAM\BLE\LIB\libCH57xBLE.a(gap_central.o)
 .text.gapCentProcessHCICmdEvt
                0x000000000000754c       0x3e C:\Users\8\Desktop\EXAM\BLE\LIB\libCH57xBLE.a(gap_central.o)
                0x000000000000754c                gapCentProcessHCICmdEvt
 .text.gapProcessScanningEvt
                0x000000000000758a      0x110 C:\Users\8\Desktop\EXAM\BLE\LIB\libCH57xBLE.a(gap_central.o)
                0x000000000000758a                gapProcessScanningEvt
 .text.gapProcessScanningDirectEvt
                0x000000000000769a       0xfe C:\Users\8\Desktop\EXAM\BLE\LIB\libCH57xBLE.a(gap_central.o)
                0x000000000000769a                gapProcessScanningDirectEvt
 .text.GAP_CentConnRegister
                0x0000000000007798       0x12 C:\Users\8\Desktop\EXAM\BLE\LIB\libCH57xBLE.a(gap_central.o)
                0x0000000000007798                GAP_CentConnRegister
 .text.GAP_CentDevMgrInit
                0x00000000000077aa       0x94 C:\Users\8\Desktop\EXAM\BLE\LIB\libCH57xBLE.a(gap_central.o)
                0x00000000000077aa                GAP_CentDevMgrInit
 .text.gapFreeAdvertState
                0x000000000000783e       0x20 C:\Users\8\Desktop\EXAM\BLE\LIB\libCH57xBLE.a(gap_peripheral.o)
 .text.gapPeriProcessConnEvt
                0x000000000000785e       0xbc C:\Users\8\Desktop\EXAM\BLE\LIB\libCH57xBLE.a(gap_peripheral.o)
 .text.gapSetAdvParams
                0x000000000000791a       0x7e C:\Users\8\Desktop\EXAM\BLE\LIB\libCH57xBLE.a(gap_peripheral.o)
 .text.GAP_PeripheralParamInit
                0x0000000000007998       0x4a C:\Users\8\Desktop\EXAM\BLE\LIB\libCH57xBLE.a(gap_peripheral.o)
                0x0000000000007998                GAP_PeripheralParamInit
 .text.gapSendMakeDiscEvent
                0x00000000000079e2       0x50 C:\Users\8\Desktop\EXAM\BLE\LIB\libCH57xBLE.a(gap_peripheral.o)
                0x00000000000079e2                gapSendMakeDiscEvent
 .text.gapPeriProcessHCICmdCompleteEvt
                0x0000000000007a32      0x194 C:\Users\8\Desktop\EXAM\BLE\LIB\libCH57xBLE.a(gap_peripheral.o)
 .text.GAP_MakeDiscoverable
                0x0000000000007bc6       0xf0 C:\Users\8\Desktop\EXAM\BLE\LIB\libCH57xBLE.a(gap_peripheral.o)
                0x0000000000007bc6                GAP_MakeDiscoverable
 .text.GAP_EndDiscoverable
                0x0000000000007cb6       0x5c C:\Users\8\Desktop\EXAM\BLE\LIB\libCH57xBLE.a(gap_peripheral.o)
                0x0000000000007cb6                GAP_EndDiscoverable
 .text.gapProcessAdvertisingEvt
                0x0000000000007d12       0x90 C:\Users\8\Desktop\EXAM\BLE\LIB\libCH57xBLE.a(gap_peripheral.o)
 .text.GAP_UpdateAdvertisingData
                0x0000000000007da2       0xb8 C:\Users\8\Desktop\EXAM\BLE\LIB\libCH57xBLE.a(gap_peripheral.o)
                0x0000000000007da2                GAP_UpdateAdvertisingData
 .text.GAP_ConfigDeviceAddr
                0x0000000000007e5a      0x10e C:\Users\8\Desktop\EXAM\BLE\LIB\libCH57xBLE.a(gap_peripheral.o)
                0x0000000000007e5a                GAP_ConfigDeviceAddr
 .text.GAP_PeriConnRegister
                0x0000000000007f68       0x2a C:\Users\8\Desktop\EXAM\BLE\LIB\libCH57xBLE.a(gap_peripheral.o)
                0x0000000000007f68                GAP_PeriConnRegister
 .text.GAP_PeriDevMgrInit
                0x0000000000007f92       0xbc C:\Users\8\Desktop\EXAM\BLE\LIB\libCH57xBLE.a(gap_peripheral.o)
                0x0000000000007f92                GAP_PeriDevMgrInit
 .text.ggs_SetAttrWPermit
                0x000000000000804e       0x68 C:\Users\8\Desktop\EXAM\BLE\LIB\libCH57xBLE.a(gapgattserver.o)
 .text.ggs_ReadAttrCB
                0x00000000000080b6      0x152 C:\Users\8\Desktop\EXAM\BLE\LIB\libCH57xBLE.a(gapgattserver.o)
 .text.ggs_WriteAttrCB
                0x0000000000008208      0x154 C:\Users\8\Desktop\EXAM\BLE\LIB\libCH57xBLE.a(gapgattserver.o)
 .text.GGS_ParamInit
                0x000000000000835c      0x23a C:\Users\8\Desktop\EXAM\BLE\LIB\libCH57xBLE.a(gapgattserver.o)
                0x000000000000835c                GGS_ParamInit
 .text.GGS_SetParameter
                0x0000000000008596       0xde C:\Users\8\Desktop\EXAM\BLE\LIB\libCH57xBLE.a(gapgattserver.o)
                0x0000000000008596                GGS_SetParameter
 .text.GGS_AddService
                0x0000000000008674       0x2c C:\Users\8\Desktop\EXAM\BLE\LIB\libCH57xBLE.a(gapgattserver.o)
                0x0000000000008674                GGS_AddService
 .text.GAP_DeviceInit
                0x00000000000086a0       0xd8 C:\Users\8\Desktop\EXAM\BLE\LIB\libCH57xBLE.a(gapgattserver.o)
                0x00000000000086a0                GAP_DeviceInit
 .text.gattGetPayload
                0x0000000000008778       0x7e C:\Users\8\Desktop\EXAM\BLE\LIB\libCH57xBLE.a(gatt.o)
                0x0000000000008778                gattGetPayload
 .text.gattNotifyEvent
                0x00000000000087f6       0x80 C:\Users\8\Desktop\EXAM\BLE\LIB\libCH57xBLE.a(gatt.o)
                0x00000000000087f6                gattNotifyEvent
 .text.gattSendFlowCtrlEvt
                0x0000000000008876       0x4a C:\Users\8\Desktop\EXAM\BLE\LIB\libCH57xBLE.a(gatt.o)
                0x0000000000008876                gattSendFlowCtrlEvt
 .text.gattStartTimer
                0x00000000000088c0        0xc C:\Users\8\Desktop\EXAM\BLE\LIB\libCH57xBLE.a(gatt.o)
                0x00000000000088c0                gattStartTimer
 .text.gattStopTimer
                0x00000000000088cc       0x32 C:\Users\8\Desktop\EXAM\BLE\LIB\libCH57xBLE.a(gatt.o)
                0x00000000000088cc                gattStopTimer
 .text.GATT_AppCompletedMsg
                0x00000000000088fe       0x30 C:\Users\8\Desktop\EXAM\BLE\LIB\libCH57xBLE.a(gatt.o)
                0x00000000000088fe                GATT_AppCompletedMsg
 .text.GATT_NotifyEvent
                0x000000000000892e       0x4e C:\Users\8\Desktop\EXAM\BLE\LIB\libCH57xBLE.a(gatt.o)
                0x000000000000892e                GATT_NotifyEvent
 .text.gattRegisterServer
                0x000000000000897c        0x6 C:\Users\8\Desktop\EXAM\BLE\LIB\libCH57xBLE.a(gatt.o)
                0x000000000000897c                gattRegisterServer
 .text.GATT_UpdateMTU
                0x0000000000008982       0x5c C:\Users\8\Desktop\EXAM\BLE\LIB\libCH57xBLE.a(gatt.o)
                0x0000000000008982                GATT_UpdateMTU
 .text.GATT_bm_alloc
                0x00000000000089de       0xe8 C:\Users\8\Desktop\EXAM\BLE\LIB\libCH57xBLE.a(gatt.o)
                0x00000000000089de                GATT_bm_alloc
 .text.GATT_ServiceChangedInd
                0x0000000000008ac6       0x94 C:\Users\8\Desktop\EXAM\BLE\LIB\libCH57xBLE.a(gatt.o)
                0x0000000000008ac6                GATT_ServiceChangedInd
 .text.GATT_bm_free
                0x0000000000008b5a       0x1c C:\Users\8\Desktop\EXAM\BLE\LIB\libCH57xBLE.a(gatt.o)
                0x0000000000008b5a                GATT_bm_free
 .text.GATT_RegisterForPeriMsgs
                0x0000000000008b76        0x6 C:\Users\8\Desktop\EXAM\BLE\LIB\libCH57xBLE.a(gatt.o)
                0x0000000000008b76                GATT_RegisterForPeriMsgs
 .text.GATT_Init
                0x0000000000008b7c       0x30 C:\Users\8\Desktop\EXAM\BLE\LIB\libCH57xBLE.a(gatt.o)
                0x0000000000008b7c                GATT_Init
 .text.GATT_ProcessEvent
                0x0000000000008bac      0x136 C:\Users\8\Desktop\EXAM\BLE\LIB\libCH57xBLE.a(gatt.o)
                0x0000000000008bac                GATT_ProcessEvent
 .text.gattProcessExchangeMTUReq
                0x0000000000008ce2        0x4 C:\Users\8\Desktop\EXAM\BLE\LIB\libCH57xBLE.a(gattservapp.o)
 .text.gattServApp_FindCharCfgItem
                0x0000000000008ce6       0x24 C:\Users\8\Desktop\EXAM\BLE\LIB\libCH57xBLE.a(gattservapp.o)
 .text.gattServerHandleTimerCB
                0x0000000000008d0a       0x3c C:\Users\8\Desktop\EXAM\BLE\LIB\libCH57xBLE.a(gattservapp.o)
 .text.gattProcessExecuteWriteReq
                0x0000000000008d46        0x4 C:\Users\8\Desktop\EXAM\BLE\LIB\libCH57xBLE.a(gattservapp.o)
 .text.GATTServApp_ParamInit
                0x0000000000008d4a       0xd8 C:\Users\8\Desktop\EXAM\BLE\LIB\libCH57xBLE.a(gattservapp.o)
                0x0000000000008d4a                GATTServApp_ParamInit
 .text.GATTServApp_ReadCharCfg
                0x0000000000008e22       0x18 C:\Users\8\Desktop\EXAM\BLE\LIB\libCH57xBLE.a(gattservapp.o)
                0x0000000000008e22                GATTServApp_ReadCharCfg
 .text.GATTServApp_WriteCharCfg
                0x0000000000008e3a       0x3c C:\Users\8\Desktop\EXAM\BLE\LIB\libCH57xBLE.a(gattservapp.o)
                0x0000000000008e3a                GATTServApp_WriteCharCfg
 .text.GATTServApp_ProcessCCCWriteReq
                0x0000000000008e76       0x60 C:\Users\8\Desktop\EXAM\BLE\LIB\libCH57xBLE.a(gattservapp.o)
                0x0000000000008e76                GATTServApp_ProcessCCCWriteReq
 .text.gattServApp_WriteAttrCB
                0x0000000000008ed6       0x34 C:\Users\8\Desktop\EXAM\BLE\LIB\libCH57xBLE.a(gattservapp.o)
                0x0000000000008ed6                gattServApp_WriteAttrCB
 .text.GATTServApp_SendCCCUpdatedEvent
                0x0000000000008f0a       0x5e C:\Users\8\Desktop\EXAM\BLE\LIB\libCH57xBLE.a(gattservapp.o)
                0x0000000000008f0a                GATTServApp_SendCCCUpdatedEvent
 .text.GATTServApp_SendServiceChangedInd
                0x0000000000008f68       0x38 C:\Users\8\Desktop\EXAM\BLE\LIB\libCH57xBLE.a(gattservapp.o)
                0x0000000000008f68                GATTServApp_SendServiceChangedInd
 .text.gattServApp_ClearPrepareWriteQ
                0x0000000000008fa0       0x4c C:\Users\8\Desktop\EXAM\BLE\LIB\libCH57xBLE.a(gattservapp.o)
                0x0000000000008fa0                gattServApp_ClearPrepareWriteQ
 .text.gattServApp_FindPrepareWriteQ
                0x0000000000008fec       0x32 C:\Users\8\Desktop\EXAM\BLE\LIB\libCH57xBLE.a(gattservapp.o)
                0x0000000000008fec                gattServApp_FindPrepareWriteQ
 .text.gattServApp_FindServiceCBs
                0x000000000000901e       0x18 C:\Users\8\Desktop\EXAM\BLE\LIB\libCH57xBLE.a(gattservapp.o)
                0x000000000000901e                gattServApp_FindServiceCBs
 .text.gattServApp_FindAuthorizeAttrCB
                0x0000000000009036       0x16 C:\Users\8\Desktop\EXAM\BLE\LIB\libCH57xBLE.a(gattservapp.o)
                0x0000000000009036                gattServApp_FindAuthorizeAttrCB
 .text.gattServApp_IsWriteLong
                0x000000000000904c       0xe6 C:\Users\8\Desktop\EXAM\BLE\LIB\libCH57xBLE.a(gattservapp.o)
                0x000000000000904c                gattServApp_IsWriteLong
 .text.gattFindService
                0x0000000000009132       0x1c C:\Users\8\Desktop\EXAM\BLE\LIB\libCH57xBLE.a(gattservapp.o)
                0x0000000000009132                gattFindService
 .text.GATT_ServiceNumAttrs
                0x000000000000914e       0x18 C:\Users\8\Desktop\EXAM\BLE\LIB\libCH57xBLE.a(gattservapp.o)
                0x000000000000914e                GATT_ServiceNumAttrs
 .text.GATT_ServiceEncKeySize
                0x0000000000009166       0x18 C:\Users\8\Desktop\EXAM\BLE\LIB\libCH57xBLE.a(gattservapp.o)
                0x0000000000009166                GATT_ServiceEncKeySize
 .text.GATT_VerifyWritePermissions.part.7
                0x000000000000917e       0x2e C:\Users\8\Desktop\EXAM\BLE\LIB\libCH57xBLE.a(gattservapp.o)
 .text.gattResetServerInfo
                0x00000000000091ac       0x1c C:\Users\8\Desktop\EXAM\BLE\LIB\libCH57xBLE.a(gattservapp.o)
                0x00000000000091ac                gattResetServerInfo
 .text.gattFindServerInfo
                0x00000000000091c8       0x32 C:\Users\8\Desktop\EXAM\BLE\LIB\libCH57xBLE.a(gattservapp.o)
                0x00000000000091c8                gattFindServerInfo
 .text.gattServerHandleConnStatusCB
                0x00000000000091fa       0x98 C:\Users\8\Desktop\EXAM\BLE\LIB\libCH57xBLE.a(gattservapp.o)
                0x00000000000091fa                gattServerHandleConnStatusCB
 .text.gattServerProcessMsgCB
                0x0000000000009292      0x1c0 C:\Users\8\Desktop\EXAM\BLE\LIB\libCH57xBLE.a(gattservapp.o)
                0x0000000000009292                gattServerProcessMsgCB
 .text.gattServerNotifyTxCB
                0x0000000000009452       0x28 C:\Users\8\Desktop\EXAM\BLE\LIB\libCH57xBLE.a(gattservapp.o)
 .text.GATT_FindHandle
                0x000000000000947a       0x4a C:\Users\8\Desktop\EXAM\BLE\LIB\libCH57xBLE.a(gattservapp.o)
                0x000000000000947a                GATT_FindHandle
 .text.GATTServApp_WriteAttr
                0x00000000000094c4       0xa8 C:\Users\8\Desktop\EXAM\BLE\LIB\libCH57xBLE.a(gattservapp.o)
                0x00000000000094c4                GATTServApp_WriteAttr
 .text.gattServApp_ProcessExecuteWriteReq
                0x000000000000956c      0x100 C:\Users\8\Desktop\EXAM\BLE\LIB\libCH57xBLE.a(gattservapp.o)
                0x000000000000956c                gattServApp_ProcessExecuteWriteReq
 .text.GATTServApp_UpdateCharCfg
                0x000000000000966c       0x1e C:\Users\8\Desktop\EXAM\BLE\LIB\libCH57xBLE.a(gattservapp.o)
                0x000000000000966c                GATTServApp_UpdateCharCfg
 .text.gattServApp_ProcessPrepareWriteReq
                0x000000000000968a      0x10e C:\Users\8\Desktop\EXAM\BLE\LIB\libCH57xBLE.a(gattservapp.o)
                0x000000000000968a                gattServApp_ProcessPrepareWriteReq
 .text.gattServApp_ProcessWriteReq
                0x0000000000009798       0xb0 C:\Users\8\Desktop\EXAM\BLE\LIB\libCH57xBLE.a(gattservapp.o)
                0x0000000000009798                gattServApp_ProcessWriteReq
 .text.GATT_Indication
                0x0000000000009848       0xa4 C:\Users\8\Desktop\EXAM\BLE\LIB\libCH57xBLE.a(gattservapp.o)
                0x0000000000009848                GATT_Indication
 .text.GATT_FindHandleUUID
                0x00000000000098ec       0x94 C:\Users\8\Desktop\EXAM\BLE\LIB\libCH57xBLE.a(gattservapp.o)
                0x00000000000098ec                GATT_FindHandleUUID
 .text.gattProcessReadByGrpTypeReq
                0x0000000000009980       0x60 C:\Users\8\Desktop\EXAM\BLE\LIB\libCH57xBLE.a(gattservapp.o)
 .text.gattProcessReadByTypeReq
                0x00000000000099e0       0x34 C:\Users\8\Desktop\EXAM\BLE\LIB\libCH57xBLE.a(gattservapp.o)
 .text.gattProcessFindByTypeValueReq
                0x0000000000009a14       0x34 C:\Users\8\Desktop\EXAM\BLE\LIB\libCH57xBLE.a(gattservapp.o)
 .text.gattProcessFindInfoReq
                0x0000000000009a48      0x1aa C:\Users\8\Desktop\EXAM\BLE\LIB\libCH57xBLE.a(gattservapp.o)
 .text.GATT_Notification
                0x0000000000009bf2       0x78 C:\Users\8\Desktop\EXAM\BLE\LIB\libCH57xBLE.a(gattservapp.o)
                0x0000000000009bf2                GATT_Notification
 .text.GATT_VerifyWritePermissions
                0x0000000000009c6a       0x6a C:\Users\8\Desktop\EXAM\BLE\LIB\libCH57xBLE.a(gattservapp.o)
                0x0000000000009c6a                GATT_VerifyWritePermissions
 .text.gattProcessWriteReq
                0x0000000000009cd4       0x36 C:\Users\8\Desktop\EXAM\BLE\LIB\libCH57xBLE.a(gattservapp.o)
 .text.GATT_VerifyPrepareWritePermissions
                0x0000000000009d0a       0x56 C:\Users\8\Desktop\EXAM\BLE\LIB\libCH57xBLE.a(gattservapp.o)
                0x0000000000009d0a                GATT_VerifyPrepareWritePermissions
 .text.gattProcessPrepareWriteReq
                0x0000000000009d60       0x36 C:\Users\8\Desktop\EXAM\BLE\LIB\libCH57xBLE.a(gattservapp.o)
 .text.GATT_FindNextAttr
                0x0000000000009d96       0xc2 C:\Users\8\Desktop\EXAM\BLE\LIB\libCH57xBLE.a(gattservapp.o)
                0x0000000000009d96                GATT_FindNextAttr
 .text.GATTServApp_ReadAttr
                0x0000000000009e58      0x2e2 C:\Users\8\Desktop\EXAM\BLE\LIB\libCH57xBLE.a(gattservapp.o)
                0x0000000000009e58                GATTServApp_ReadAttr
 .text.gattServApp_ProcessReadMultiReq
                0x000000000000a13a      0x16e C:\Users\8\Desktop\EXAM\BLE\LIB\libCH57xBLE.a(gattservapp.o)
                0x000000000000a13a                gattServApp_ProcessReadMultiReq
 .text.gattServApp_ProcessFindByTypeValueReq
                0x000000000000a2a8      0x19c C:\Users\8\Desktop\EXAM\BLE\LIB\libCH57xBLE.a(gattservapp.o)
                0x000000000000a2a8                gattServApp_ProcessFindByTypeValueReq
 .text.GATT_VerifyReadPermissions
                0x000000000000a444       0x68 C:\Users\8\Desktop\EXAM\BLE\LIB\libCH57xBLE.a(gattservapp.o)
                0x000000000000a444                GATT_VerifyReadPermissions
 .text.gattProcessReadMultiReq
                0x000000000000a4ac       0xae C:\Users\8\Desktop\EXAM\BLE\LIB\libCH57xBLE.a(gattservapp.o)
 .text.gattProcessReadReq
                0x000000000000a55a       0x30 C:\Users\8\Desktop\EXAM\BLE\LIB\libCH57xBLE.a(gattservapp.o)
 .text.gattServApp_ProcessReadByGrpTypeReq
                0x000000000000a58a      0x21c C:\Users\8\Desktop\EXAM\BLE\LIB\libCH57xBLE.a(gattservapp.o)
                0x000000000000a58a                gattServApp_ProcessReadByGrpTypeReq
 .text.gattServApp_ProcessReadByTypeReq
                0x000000000000a7a6      0x1ae C:\Users\8\Desktop\EXAM\BLE\LIB\libCH57xBLE.a(gattservapp.o)
                0x000000000000a7a6                gattServApp_ProcessReadByTypeReq
 .text.GATT_RegisterService
                0x000000000000a954       0xee C:\Users\8\Desktop\EXAM\BLE\LIB\libCH57xBLE.a(gattservapp.o)
                0x000000000000a954                GATT_RegisterService
 .text.GATTServApp_RegisterService
                0x000000000000aa42       0x7c C:\Users\8\Desktop\EXAM\BLE\LIB\libCH57xBLE.a(gattservapp.o)
                0x000000000000aa42                GATTServApp_RegisterService
 .text.GATTServApp_AddService
                0x000000000000aabe       0x2c C:\Users\8\Desktop\EXAM\BLE\LIB\libCH57xBLE.a(gattservapp.o)
                0x000000000000aabe                GATTServApp_AddService
 .text.GATTServApp_RegisterForMsg
                0x000000000000aaea        0x6 C:\Users\8\Desktop\EXAM\BLE\LIB\libCH57xBLE.a(gattservapp.o)
                0x000000000000aaea                GATTServApp_RegisterForMsg
 .text.GATTServApp_InitCharCfg
                0x000000000000aaf0       0x3e C:\Users\8\Desktop\EXAM\BLE\LIB\libCH57xBLE.a(gattservapp.o)
                0x000000000000aaf0                GATTServApp_InitCharCfg
 .text.gattServApp_HandleConnStatusCB
                0x000000000000ab2e       0x74 C:\Users\8\Desktop\EXAM\BLE\LIB\libCH57xBLE.a(gattservapp.o)
                0x000000000000ab2e                gattServApp_HandleConnStatusCB
 .text.GATT_InitServer
                0x000000000000aba2       0xac C:\Users\8\Desktop\EXAM\BLE\LIB\libCH57xBLE.a(gattservapp.o)
                0x000000000000aba2                GATT_InitServer
 .text.GATTServApp_Init
                0x000000000000ac4e       0x4a C:\Users\8\Desktop\EXAM\BLE\LIB\libCH57xBLE.a(gattservapp.o)
                0x000000000000ac4e                GATTServApp_Init
 .text.GATTServApp_ProcessEvent
                0x000000000000ac98      0x398 C:\Users\8\Desktop\EXAM\BLE\LIB\libCH57xBLE.a(gattservapp.o)
                0x000000000000ac98                GATTServApp_ProcessEvent
 .text.l2capAllocConnChannel
                0x000000000000b030       0xd8 C:\Users\8\Desktop\EXAM\BLE\LIB\libCH57xBLE.a(l2cap.o)
                0x000000000000b030                l2capAllocConnChannel
 .text.l2capFindLocalCID
                0x000000000000b108       0x2c C:\Users\8\Desktop\EXAM\BLE\LIB\libCH57xBLE.a(l2cap.o)
                0x000000000000b108                l2capFindLocalCID
 .text.l2capFindLocalId
                0x000000000000b134       0x30 C:\Users\8\Desktop\EXAM\BLE\LIB\libCH57xBLE.a(l2cap.o)
                0x000000000000b134                l2capFindLocalId
 .text.l2capFindPsm
                0x000000000000b164       0x2c C:\Users\8\Desktop\EXAM\BLE\LIB\libCH57xBLE.a(l2cap.o)
                0x000000000000b164                l2capFindPsm
 .text.l2capFindRemoteCID
                0x000000000000b190       0x3c C:\Users\8\Desktop\EXAM\BLE\LIB\libCH57xBLE.a(l2cap.o)
                0x000000000000b190                l2capFindRemoteCID
 .text.l2capFreeChannel
                0x000000000000b1cc       0x4a C:\Users\8\Desktop\EXAM\BLE\LIB\libCH57xBLE.a(l2cap.o)
                0x000000000000b1cc                l2capFreeChannel
 .text.l2capDisconnectChannel
                0x000000000000b216       0x28 C:\Users\8\Desktop\EXAM\BLE\LIB\libCH57xBLE.a(l2cap.o)
                0x000000000000b216                l2capDisconnectChannel
 .text.l2capHandleTimerCB
                0x000000000000b23e       0x2c C:\Users\8\Desktop\EXAM\BLE\LIB\libCH57xBLE.a(l2cap.o)
                0x000000000000b23e                l2capHandleTimerCB
 .text.l2capFreePendingPkt
                0x000000000000b26a       0x58 C:\Users\8\Desktop\EXAM\BLE\LIB\libCH57xBLE.a(l2cap.o)
                0x000000000000b26a                l2capFreePendingPkt
 .text.l2capGetCoChannelInfo
                0x000000000000b2c2       0x7e C:\Users\8\Desktop\EXAM\BLE\LIB\libCH57xBLE.a(l2cap.o)
                0x000000000000b2c2                l2capGetCoChannelInfo
 .text.l2capNumActiveChannnels
                0x000000000000b340       0x44 C:\Users\8\Desktop\EXAM\BLE\LIB\libCH57xBLE.a(l2cap.o)
                0x000000000000b340                l2capNumActiveChannnels
 .text.l2capStartTimer
                0x000000000000b384       0x1a C:\Users\8\Desktop\EXAM\BLE\LIB\libCH57xBLE.a(l2cap.o)
                0x000000000000b384                l2capStartTimer
 .text.l2capStopTimer
                0x000000000000b39e       0x1e C:\Users\8\Desktop\EXAM\BLE\LIB\libCH57xBLE.a(l2cap.o)
                0x000000000000b39e                l2capStopTimer
 .text.l2capDisconnectAllChannels
                0x000000000000b3bc       0xdc C:\Users\8\Desktop\EXAM\BLE\LIB\libCH57xBLE.a(l2cap.o)
                0x000000000000b3bc                l2capDisconnectAllChannels
 .text.l2capHandleConnStatusCB
                0x000000000000b498       0x3c C:\Users\8\Desktop\EXAM\BLE\LIB\libCH57xBLE.a(l2cap.o)
                0x000000000000b498                l2capHandleConnStatusCB
 .text.l2capHandleRxError
                0x000000000000b4d4        0x6 C:\Users\8\Desktop\EXAM\BLE\LIB\libCH57xBLE.a(l2cap.o)
                0x000000000000b4d4                l2capHandleRxError
 .text.L2CAP_GetMTU
                0x000000000000b4da        0x6 C:\Users\8\Desktop\EXAM\BLE\LIB\libCH57xBLE.a(l2cap.o)
                0x000000000000b4da                L2CAP_GetMTU
 .text.L2CAP_HostNumCompletedPkts
                0x000000000000b4e0       0x28 C:\Users\8\Desktop\EXAM\BLE\LIB\libCH57xBLE.a(l2cap.o)
                0x000000000000b4e0                L2CAP_HostNumCompletedPkts
 .text.L2CAP_ParseConnectReq
                0x000000000000b508       0x5e C:\Users\8\Desktop\EXAM\BLE\LIB\libCH57xBLE.a(l2cap.o)
                0x000000000000b508                L2CAP_ParseConnectReq
 .text.L2CAP_ParseFlowCtrlCredit
                0x000000000000b566       0x2e C:\Users\8\Desktop\EXAM\BLE\LIB\libCH57xBLE.a(l2cap.o)
                0x000000000000b566                L2CAP_ParseFlowCtrlCredit
 .text.L2CAP_RegisterApp
                0x000000000000b594       0x30 C:\Users\8\Desktop\EXAM\BLE\LIB\libCH57xBLE.a(l2cap.o)
                0x000000000000b594                L2CAP_RegisterApp
 .text.L2CAP_SetBufSize
                0x000000000000b5c4       0x10 C:\Users\8\Desktop\EXAM\BLE\LIB\libCH57xBLE.a(l2cap.o)
                0x000000000000b5c4                L2CAP_SetBufSize
 .text.L2CAP_bm_alloc
                0x000000000000b5d4       0x2a C:\Users\8\Desktop\EXAM\BLE\LIB\libCH57xBLE.a(l2cap.o)
                0x000000000000b5d4                L2CAP_bm_alloc
 .text.L2CAP_Init
                0x000000000000b5fe       0xee C:\Users\8\Desktop\EXAM\BLE\LIB\libCH57xBLE.a(l2cap.o)
                0x000000000000b5fe                L2CAP_Init
 .text.L2CAP_ProcessEvent
                0x000000000000b6ec       0xc8 C:\Users\8\Desktop\EXAM\BLE\LIB\libCH57xBLE.a(l2cap.o)
                0x000000000000b6ec                L2CAP_ProcessEvent
 .text.l2capParseCmdReject
                0x000000000000b7b4       0x5e C:\Users\8\Desktop\EXAM\BLE\LIB\libCH57xBLE.a(l2cap_input.o)
                0x000000000000b7b4                l2capParseCmdReject
 .text.l2capParseDisconnectReq
                0x000000000000b812       0x2e C:\Users\8\Desktop\EXAM\BLE\LIB\libCH57xBLE.a(l2cap_input.o)
                0x000000000000b812                l2capParseDisconnectReq
 .text.l2capParseDisconnectRsp
                0x000000000000b840       0x2e C:\Users\8\Desktop\EXAM\BLE\LIB\libCH57xBLE.a(l2cap_input.o)
                0x000000000000b840                l2capParseDisconnectRsp
 .text.L2CAP_ParseParamUpdateReq
                0x000000000000b86e       0x4e C:\Users\8\Desktop\EXAM\BLE\LIB\libCH57xBLE.a(l2cap_input.o)
                0x000000000000b86e                L2CAP_ParseParamUpdateReq
 .text.l2capParseParamUpdateRsp
                0x000000000000b8bc       0x1e C:\Users\8\Desktop\EXAM\BLE\LIB\libCH57xBLE.a(l2cap_input.o)
                0x000000000000b8bc                l2capParseParamUpdateRsp
 .text.l2capProcessConnectReq
                0x000000000000b8da       0xfc C:\Users\8\Desktop\EXAM\BLE\LIB\libCH57xBLE.a(l2cap_input.o)
                0x000000000000b8da                l2capProcessConnectReq
 .text.l2capParseConnectRsp
                0x000000000000b9d6       0x5e C:\Users\8\Desktop\EXAM\BLE\LIB\libCH57xBLE.a(l2cap_input.o)
                0x000000000000b9d6                l2capParseConnectRsp
 .text.l2capParseSignalHdr
                0x000000000000ba34       0x22 C:\Users\8\Desktop\EXAM\BLE\LIB\libCH57xBLE.a(l2cap_input.o)
                0x000000000000ba34                l2capParseSignalHdr
 .text.l2capParsePacket
                0x000000000000ba56       0x8c C:\Users\8\Desktop\EXAM\BLE\LIB\libCH57xBLE.a(l2cap_input.o)
                0x000000000000ba56                l2capParsePacket
 .text.l2capProcessReq
                0x000000000000bae2      0x15a C:\Users\8\Desktop\EXAM\BLE\LIB\libCH57xBLE.a(l2cap_input.o)
                0x000000000000bae2                l2capProcessReq
 .text.l2capProcessRsp
                0x000000000000bc3c      0x150 C:\Users\8\Desktop\EXAM\BLE\LIB\libCH57xBLE.a(l2cap_input.o)
                0x000000000000bc3c                l2capProcessRsp
 .text.l2capProcessRxData
                0x000000000000bd8c       0xf8 C:\Users\8\Desktop\EXAM\BLE\LIB\libCH57xBLE.a(l2cap_input.o)
                0x000000000000bd8c                l2capProcessRxData
 .text.l2capNotifyData
                0x000000000000be84       0x5a C:\Users\8\Desktop\EXAM\BLE\LIB\libCH57xBLE.a(l2cap_output.o)
                0x000000000000be84                l2capNotifyData
 .text.l2capNotifySignal
                0x000000000000bede       0x76 C:\Users\8\Desktop\EXAM\BLE\LIB\libCH57xBLE.a(l2cap_output.o)
                0x000000000000bede                l2capNotifySignal
 .text.l2capNotifyCreditEvt
                0x000000000000bf54       0x9c C:\Users\8\Desktop\EXAM\BLE\LIB\libCH57xBLE.a(l2cap_output.o)
                0x000000000000bf54                l2capNotifyCreditEvt
 .text.l2capNotifyChannelEstEvt
                0x000000000000bff0       0x58 C:\Users\8\Desktop\EXAM\BLE\LIB\libCH57xBLE.a(l2cap_output.o)
                0x000000000000bff0                l2capNotifyChannelEstEvt
 .text.l2capNotifyChannelTermEvt
                0x000000000000c048       0x3e C:\Users\8\Desktop\EXAM\BLE\LIB\libCH57xBLE.a(l2cap_output.o)
                0x000000000000c048                l2capNotifyChannelTermEvt
 .text.l2capNotifyEvent
                0x000000000000c086       0x66 C:\Users\8\Desktop\EXAM\BLE\LIB\libCH57xBLE.a(l2cap_output.o)
                0x000000000000c086                l2capNotifyEvent
 .text.l2capStoreFCPkt
                0x000000000000c0ec       0x32 C:\Users\8\Desktop\EXAM\BLE\LIB\libCH57xBLE.a(l2cap_output.o)
                0x000000000000c0ec                l2capStoreFCPkt
 .text.l2capFreeTxSDU
                0x000000000000c11e       0x9a C:\Users\8\Desktop\EXAM\BLE\LIB\libCH57xBLE.a(l2cap_output.o)
                0x000000000000c11e                l2capFreeTxSDU
 .text.l2capReassembleSegment
                0x000000000000c1b8      0x174 C:\Users\8\Desktop\EXAM\BLE\LIB\libCH57xBLE.a(l2cap_output.o)
                0x000000000000c1b8                l2capReassembleSegment
 .text.l2capEncapSendData
                0x000000000000c32c       0xec C:\Users\8\Desktop\EXAM\BLE\LIB\libCH57xBLE.a(l2cap_output.o)
                0x000000000000c32c                l2capEncapSendData
 .text.l2capSendFCPkt.part.3
                0x000000000000c418       0x70 C:\Users\8\Desktop\EXAM\BLE\LIB\libCH57xBLE.a(l2cap_output.o)
 .text.l2capSendSegment
                0x000000000000c488      0x108 C:\Users\8\Desktop\EXAM\BLE\LIB\libCH57xBLE.a(l2cap_output.o)
                0x000000000000c488                l2capSendSegment
 .text.l2capSendNextSegment
                0x000000000000c590       0xb4 C:\Users\8\Desktop\EXAM\BLE\LIB\libCH57xBLE.a(l2cap_output.o)
                0x000000000000c590                l2capSendNextSegment
 .text.l2capSendPkt
                0x000000000000c644       0x3a C:\Users\8\Desktop\EXAM\BLE\LIB\libCH57xBLE.a(l2cap_output.o)
                0x000000000000c644                l2capSendPkt
 .text.L2CAP_SendData
                0x000000000000c67e       0x78 C:\Users\8\Desktop\EXAM\BLE\LIB\libCH57xBLE.a(l2cap_output.o)
                0x000000000000c67e                L2CAP_SendData
 .text.l2capSendCmd
                0x000000000000c6f6       0x8a C:\Users\8\Desktop\EXAM\BLE\LIB\libCH57xBLE.a(l2cap_output.o)
                0x000000000000c6f6                l2capSendCmd
 .text.l2capSendReq
                0x000000000000c780       0xc4 C:\Users\8\Desktop\EXAM\BLE\LIB\libCH57xBLE.a(l2cap_output.o)
                0x000000000000c780                l2capSendReq
 .text.l2capBuildDisconnectReq
                0x000000000000c844       0x28 C:\Users\8\Desktop\EXAM\BLE\LIB\libCH57xBLE.a(l2cap_sdu.o)
 .text.l2capBuildParamUpdateReq
                0x000000000000c86c       0x4c C:\Users\8\Desktop\EXAM\BLE\LIB\libCH57xBLE.a(l2cap_sdu.o)
 .text.l2capBuildParamUpdateRsp
                0x000000000000c8b8       0x16 C:\Users\8\Desktop\EXAM\BLE\LIB\libCH57xBLE.a(l2cap_sdu.o)
 .text.l2capBuildConnectRsp
                0x000000000000c8ce       0x5e C:\Users\8\Desktop\EXAM\BLE\LIB\libCH57xBLE.a(l2cap_sdu.o)
 .text.l2capBuildCmdReject
                0x000000000000c92c       0x62 C:\Users\8\Desktop\EXAM\BLE\LIB\libCH57xBLE.a(l2cap_sdu.o)
                0x000000000000c92c                l2capBuildCmdReject
 .text.l2capBuildDisconnectRsp
                0x000000000000c98e       0x28 C:\Users\8\Desktop\EXAM\BLE\LIB\libCH57xBLE.a(l2cap_sdu.o)
                0x000000000000c98e                l2capBuildDisconnectRsp
 .text.l2capSendConnectRsp
                0x000000000000c9b6       0xa2 C:\Users\8\Desktop\EXAM\BLE\LIB\libCH57xBLE.a(l2cap_sdu.o)
                0x000000000000c9b6                l2capSendConnectRsp
 .text.L2CAP_CmdReject
                0x000000000000ca58       0x12 C:\Users\8\Desktop\EXAM\BLE\LIB\libCH57xBLE.a(l2cap_sdu.o)
                0x000000000000ca58                L2CAP_CmdReject
 .text.L2CAP_DisconnectReq
                0x000000000000ca6a       0x2a C:\Users\8\Desktop\EXAM\BLE\LIB\libCH57xBLE.a(l2cap_sdu.o)
                0x000000000000ca6a                L2CAP_DisconnectReq
 .text.L2CAP_ConnParamUpdateReq
                0x000000000000ca94       0x16 C:\Users\8\Desktop\EXAM\BLE\LIB\libCH57xBLE.a(l2cap_sdu.o)
                0x000000000000ca94                L2CAP_ConnParamUpdateReq
 .text.L2CAP_ConnParamUpdateRsp
                0x000000000000caaa       0x12 C:\Users\8\Desktop\EXAM\BLE\LIB\libCH57xBLE.a(l2cap_sdu.o)
                0x000000000000caaa                L2CAP_ConnParamUpdateRsp
 .text.reportStatusChange
                0x000000000000cabc       0x3e C:\Users\8\Desktop\EXAM\BLE\LIB\libCH57xBLE.a(linkdb.o)
 .text.linkDB_Init
                0x000000000000cafa       0x76 C:\Users\8\Desktop\EXAM\BLE\LIB\libCH57xBLE.a(linkdb.o)
                0x000000000000cafa                linkDB_Init
 .text.linkDB_Find
                0x000000000000cb70       0x2c C:\Users\8\Desktop\EXAM\BLE\LIB\libCH57xBLE.a(linkdb.o)
                0x000000000000cb70                linkDB_Find
 .text.linkDB_Authen
                0x000000000000cb9c       0x5c C:\Users\8\Desktop\EXAM\BLE\LIB\libCH57xBLE.a(linkdb.o)
                0x000000000000cb9c                linkDB_Authen
 .text.linkDB_FindFirst
                0x000000000000cbf8       0x38 C:\Users\8\Desktop\EXAM\BLE\LIB\libCH57xBLE.a(linkdb.o)
                0x000000000000cbf8                linkDB_FindFirst
 .text.linkDB_MTU
                0x000000000000cc30       0x18 C:\Users\8\Desktop\EXAM\BLE\LIB\libCH57xBLE.a(linkdb.o)
                0x000000000000cc30                linkDB_MTU
 .text.linkDB_NumActive
                0x000000000000cc48       0x2e C:\Users\8\Desktop\EXAM\BLE\LIB\libCH57xBLE.a(linkdb.o)
                0x000000000000cc48                linkDB_NumActive
 .text.linkDB_NumConns
                0x000000000000cc76        0x6 C:\Users\8\Desktop\EXAM\BLE\LIB\libCH57xBLE.a(linkdb.o)
                0x000000000000cc76                linkDB_NumConns
 .text.linkDB_Register
                0x000000000000cc7c       0x28 C:\Users\8\Desktop\EXAM\BLE\LIB\libCH57xBLE.a(linkdb.o)
                0x000000000000cc7c                linkDB_Register
 .text.linkDB_Remove
                0x000000000000cca4       0x48 C:\Users\8\Desktop\EXAM\BLE\LIB\libCH57xBLE.a(linkdb.o)
                0x000000000000cca4                linkDB_Remove
 .text.linkDB_Role
                0x000000000000ccec       0x18 C:\Users\8\Desktop\EXAM\BLE\LIB\libCH57xBLE.a(linkdb.o)
                0x000000000000ccec                linkDB_Role
 .text.linkDB_State
                0x000000000000cd04       0x30 C:\Users\8\Desktop\EXAM\BLE\LIB\libCH57xBLE.a(linkdb.o)
                0x000000000000cd04                linkDB_State
 .text.linkDB_UpdateMTU
                0x000000000000cd34       0x28 C:\Users\8\Desktop\EXAM\BLE\LIB\libCH57xBLE.a(linkdb.o)
                0x000000000000cd34                linkDB_UpdateMTU
 .text.linkDB_PerformFunc
                0x000000000000cd5c       0x52 C:\Users\8\Desktop\EXAM\BLE\LIB\libCH57xBLE.a(linkdb.o)
                0x000000000000cd5c                linkDB_PerformFunc
 .text.linkDB_PeripheralLinkNum
                0x000000000000cdae       0x3e C:\Users\8\Desktop\EXAM\BLE\LIB\libCH57xBLE.a(linkdb.o)
                0x000000000000cdae                linkDB_PeripheralLinkNum
 .text.linkDB_GetSMEvtID
                0x000000000000cdec       0x58 C:\Users\8\Desktop\EXAM\BLE\LIB\libCH57xBLE.a(linkdb.o)
                0x000000000000cdec                linkDB_GetSMEvtID
 .text.linkDB_Add
                0x000000000000ce44       0xb2 C:\Users\8\Desktop\EXAM\BLE\LIB\libCH57xBLE.a(linkdb.o)
                0x000000000000ce44                linkDB_Add
 .text.linkDB_GetHandleFromSMEvtID
                0x000000000000cef6       0x32 C:\Users\8\Desktop\EXAM\BLE\LIB\libCH57xBLE.a(linkdb.o)
                0x000000000000cef6                linkDB_GetHandleFromSMEvtID
 .text.linkDB_GetPairingParam
                0x000000000000cf28       0x54 C:\Users\8\Desktop\EXAM\BLE\LIB\libCH57xBLE.a(linkdb.o)
                0x000000000000cf28                linkDB_GetPairingParam
 .text.linkDB_NeedSendKey
                0x000000000000cf7c       0x42 C:\Users\8\Desktop\EXAM\BLE\LIB\libCH57xBLE.a(linkdb.o)
                0x000000000000cf7c                linkDB_NeedSendKey
 .text.smpBuildPairingFailed
                0x000000000000cfbe       0x1a C:\Users\8\Desktop\EXAM\BLE\LIB\libCH57xBLE.a(sm.o)
                0x000000000000cfbe                smpBuildPairingFailed
 .text.SM_StartEncryption
                0x000000000000cfd8       0x98 C:\Users\8\Desktop\EXAM\BLE\LIB\libCH57xBLE.a(sm.o)
                0x000000000000cfd8                SM_StartEncryption
 .text.smpBuildEncInfo
                0x000000000000d070       0x30 C:\Users\8\Desktop\EXAM\BLE\LIB\libCH57xBLE.a(sm.o)
                0x000000000000d070                smpBuildEncInfo
 .text.smpBuildIdentityAddrInfo
                0x000000000000d0a0       0x3a C:\Users\8\Desktop\EXAM\BLE\LIB\libCH57xBLE.a(sm.o)
                0x000000000000d0a0                smpBuildIdentityAddrInfo
 .text.smpBuildIdentityInfo
                0x000000000000d0da       0x30 C:\Users\8\Desktop\EXAM\BLE\LIB\libCH57xBLE.a(sm.o)
                0x000000000000d0da                smpBuildIdentityInfo
 .text.smpBuildMasterID
                0x000000000000d10a       0x44 C:\Users\8\Desktop\EXAM\BLE\LIB\libCH57xBLE.a(sm.o)
                0x000000000000d10a                smpBuildMasterID
 .text.smpBuildPairingConfirm
                0x000000000000d14e       0x30 C:\Users\8\Desktop\EXAM\BLE\LIB\libCH57xBLE.a(sm.o)
                0x000000000000d14e                smpBuildPairingConfirm
 .text.smpBuildPairingRandom
                0x000000000000d17e       0x30 C:\Users\8\Desktop\EXAM\BLE\LIB\libCH57xBLE.a(sm.o)
                0x000000000000d17e                smpBuildPairingRandom
 .text.smpBuildSigningInfo
                0x000000000000d1ae       0x30 C:\Users\8\Desktop\EXAM\BLE\LIB\libCH57xBLE.a(sm.o)
                0x000000000000d1ae                smpBuildSigningInfo
 .text.SM_ParamInit
                0x000000000000d1de       0x5a C:\Users\8\Desktop\EXAM\BLE\LIB\libCH57xBLE.a(sm.o)
                0x000000000000d1de                SM_ParamInit
 .text.smDetermineKeySize
                0x000000000000d238       0x20 C:\Users\8\Desktop\EXAM\BLE\LIB\libCH57xBLE.a(sm.o)
                0x000000000000d238                smDetermineKeySize
 .text.smProcessRandComplete
                0x000000000000d258       0x9e C:\Users\8\Desktop\EXAM\BLE\LIB\libCH57xBLE.a(sm.o)
                0x000000000000d258                smProcessRandComplete
 .text.smSavePairInfo
                0x000000000000d2f6      0x186 C:\Users\8\Desktop\EXAM\BLE\LIB\libCH57xBLE.a(sm.o)
                0x000000000000d2f6                smSavePairInfo
 .text.smSetPairingReqRsp
                0x000000000000d47c       0x38 C:\Users\8\Desktop\EXAM\BLE\LIB\libCH57xBLE.a(sm.o)
                0x000000000000d47c                smSetPairingReqRsp
 .text.smStartEncryption
                0x000000000000d4b4       0x16 C:\Users\8\Desktop\EXAM\BLE\LIB\libCH57xBLE.a(sm.o)
                0x000000000000d4b4                smStartEncryption
 .text.smStartRspTimer
                0x000000000000d4ca       0x36 C:\Users\8\Desktop\EXAM\BLE\LIB\libCH57xBLE.a(sm.o)
                0x000000000000d4ca                smStartRspTimer
 .text.smSendSMMsg
                0x000000000000d500       0x5c C:\Users\8\Desktop\EXAM\BLE\LIB\libCH57xBLE.a(sm.o)
                0x000000000000d500                smSendSMMsg
 .text.smGenerateConfirm
                0x000000000000d55c       0x34 C:\Users\8\Desktop\EXAM\BLE\LIB\libCH57xBLE.a(sm.o)
                0x000000000000d55c                smGenerateConfirm
 .text.smGenerateRandMsg
                0x000000000000d590       0x34 C:\Users\8\Desktop\EXAM\BLE\LIB\libCH57xBLE.a(sm.o)
                0x000000000000d590                smGenerateRandMsg
 .text.smPairingSendEncInfo
                0x000000000000d5c4       0x10 C:\Users\8\Desktop\EXAM\BLE\LIB\libCH57xBLE.a(sm.o)
                0x000000000000d5c4                smPairingSendEncInfo
 .text.smPairingSendIdentityAddrInfo
                0x000000000000d5d4       0x38 C:\Users\8\Desktop\EXAM\BLE\LIB\libCH57xBLE.a(sm.o)
                0x000000000000d5d4                smPairingSendIdentityAddrInfo
 .text.smPairingSendIdentityInfo
                0x000000000000d60c       0x10 C:\Users\8\Desktop\EXAM\BLE\LIB\libCH57xBLE.a(sm.o)
                0x000000000000d60c                smPairingSendIdentityInfo
 .text.smPairingSendMasterID
                0x000000000000d61c       0x38 C:\Users\8\Desktop\EXAM\BLE\LIB\libCH57xBLE.a(sm.o)
                0x000000000000d61c                smPairingSendMasterID
 .text.smPairingSendSingingInfo
                0x000000000000d654       0x10 C:\Users\8\Desktop\EXAM\BLE\LIB\libCH57xBLE.a(sm.o)
                0x000000000000d654                smPairingSendSingingInfo
 .text.smInitiatorSendNextKeyInfo
                0x000000000000d664      0x1c2 C:\Users\8\Desktop\EXAM\BLE\LIB\libCH57xBLE.a(sm.o)
                0x000000000000d664                smInitiatorSendNextKeyInfo
 .text.smResponderSendNextKeyInfo
                0x000000000000d826      0x216 C:\Users\8\Desktop\EXAM\BLE\LIB\libCH57xBLE.a(sm.o)
                0x000000000000d826                smResponderSendNextKeyInfo
 .text.smGeneratePairingReqRsp
                0x000000000000da3c       0x3e C:\Users\8\Desktop\EXAM\BLE\LIB\libCH57xBLE.a(sm.o)
                0x000000000000da3c                smGeneratePairingReqRsp
 .text.smStopRspTimer
                0x000000000000da7a        0xa C:\Users\8\Desktop\EXAM\BLE\LIB\libCH57xBLE.a(sm.o)
                0x000000000000da7a                smStopRspTimer
 .text.smFreePairingParams
                0x000000000000da84       0x68 C:\Users\8\Desktop\EXAM\BLE\LIB\libCH57xBLE.a(sm.o)
                0x000000000000da84                smFreePairingParams
 .text.smEndPairing
                0x000000000000daec       0x5c C:\Users\8\Desktop\EXAM\BLE\LIB\libCH57xBLE.a(sm.o)
                0x000000000000daec                smEndPairing
 .text.setupInitiatorKeys
                0x000000000000db48       0x82 C:\Users\8\Desktop\EXAM\BLE\LIB\libCH57xBLE.a(sm.o)
                0x000000000000db48                setupInitiatorKeys
 .text.smNextPairingState
                0x000000000000dbca       0x56 C:\Users\8\Desktop\EXAM\BLE\LIB\libCH57xBLE.a(sm.o)
                0x000000000000dbca                smNextPairingState
 .text.smProcessEncryptChange
                0x000000000000dc20       0xde C:\Users\8\Desktop\EXAM\BLE\LIB\libCH57xBLE.a(sm.o)
                0x000000000000dc20                smProcessEncryptChange
 .text.smSendFailAndEnd
                0x000000000000dcfe       0x38 C:\Users\8\Desktop\EXAM\BLE\LIB\libCH57xBLE.a(sm.o)
                0x000000000000dcfe                smSendFailAndEnd
 .text.smProcessPairingReq
                0x000000000000dd36       0x3c C:\Users\8\Desktop\EXAM\BLE\LIB\libCH57xBLE.a(sm.o)
                0x000000000000dd36                smProcessPairingReq
 .text.smLinkCheck
                0x000000000000dd72       0x34 C:\Users\8\Desktop\EXAM\BLE\LIB\libCH57xBLE.a(sm.o)
                0x000000000000dd72                smLinkCheck
 .text.smTimedOut
                0x000000000000dda6       0x20 C:\Users\8\Desktop\EXAM\BLE\LIB\libCH57xBLE.a(sm.o)
                0x000000000000dda6                smTimedOut
 .text.smUint8ToAuthReq
                0x000000000000ddc6        0x6 C:\Users\8\Desktop\EXAM\BLE\LIB\libCH57xBLE.a(sm.o)
                0x000000000000ddc6                smUint8ToAuthReq
 .text.sm_ah    0x000000000000ddcc       0x7e C:\Users\8\Desktop\EXAM\BLE\LIB\libCH57xBLE.a(sm.o)
                0x000000000000ddcc                sm_ah
 .text.sm_xor   0x000000000000de4a       0x24 C:\Users\8\Desktop\EXAM\BLE\LIB\libCH57xBLE.a(sm.o)
                0x000000000000de4a                sm_xor
 .text.sm_c1new
                0x000000000000de6e      0x11c C:\Users\8\Desktop\EXAM\BLE\LIB\libCH57xBLE.a(sm.o)
                0x000000000000de6e                sm_c1new
 .text.sm_s1    0x000000000000df8a       0x86 C:\Users\8\Desktop\EXAM\BLE\LIB\libCH57xBLE.a(sm.o)
                0x000000000000df8a                sm_s1
 .text.smResponderProcessLTKReq
                0x000000000000e010      0x1b8 C:\Users\8\Desktop\EXAM\BLE\LIB\libCH57xBLE.a(sm.o)
                0x000000000000e010                smResponderProcessLTKReq
 .text.xor_128  0x000000000000e1c8       0x28 C:\Users\8\Desktop\EXAM\BLE\LIB\libCH57xBLE.a(sm.o)
                0x000000000000e1c8                xor_128
 .text.leftshift_onebit
                0x000000000000e1f0       0x2e C:\Users\8\Desktop\EXAM\BLE\LIB\libCH57xBLE.a(sm.o)
                0x000000000000e1f0                leftshift_onebit
 .text.padding  0x000000000000e21e       0x38 C:\Users\8\Desktop\EXAM\BLE\LIB\libCH57xBLE.a(sm.o)
                0x000000000000e21e                padding
 .text.generate_subkey
                0x000000000000e256       0xd0 C:\Users\8\Desktop\EXAM\BLE\LIB\libCH57xBLE.a(sm.o)
                0x000000000000e256                generate_subkey
 .text.sm_CMAC  0x000000000000e326      0x16e C:\Users\8\Desktop\EXAM\BLE\LIB\libCH57xBLE.a(sm.o)
                0x000000000000e326                sm_CMAC
 .text.smpBuildPairingReqRsp
                0x000000000000e494       0xc6 C:\Users\8\Desktop\EXAM\BLE\LIB\libCH57xBLE.a(sm.o)
                0x000000000000e494                smpBuildPairingReqRsp
 .text.smpBuildPairingReq
                0x000000000000e55a        0xa C:\Users\8\Desktop\EXAM\BLE\LIB\libCH57xBLE.a(sm.o)
                0x000000000000e55a                smpBuildPairingReq
 .text.smpBuildPairingRsp
                0x000000000000e564        0xa C:\Users\8\Desktop\EXAM\BLE\LIB\libCH57xBLE.a(sm.o)
                0x000000000000e564                smpBuildPairingRsp
 .text.sm_c1    0x000000000000e56e       0xb4 C:\Users\8\Desktop\EXAM\BLE\LIB\libCH57xBLE.a(sm.o)
                0x000000000000e56e                sm_c1
 .text.smpBuildSecurityReq
                0x000000000000e622       0x1a C:\Users\8\Desktop\EXAM\BLE\LIB\libCH57xBLE.a(sm.o)
                0x000000000000e622                smpBuildSecurityReq
 .text.smpInitiatorProcessPairingRsp
                0x000000000000e63c      0x116 C:\Users\8\Desktop\EXAM\BLE\LIB\libCH57xBLE.a(sm.o)
                0x000000000000e63c                smpInitiatorProcessPairingRsp
 .text.smpInitiatorProcessIncoming
                0x000000000000e752      0x23e C:\Users\8\Desktop\EXAM\BLE\LIB\libCH57xBLE.a(sm.o)
                0x000000000000e752                smpInitiatorProcessIncoming
 .text.smpParseEncInfo
                0x000000000000e990       0x2a C:\Users\8\Desktop\EXAM\BLE\LIB\libCH57xBLE.a(sm.o)
                0x000000000000e990                smpParseEncInfo
 .text.smpParseIdentityAddrInfo
                0x000000000000e9ba       0x34 C:\Users\8\Desktop\EXAM\BLE\LIB\libCH57xBLE.a(sm.o)
                0x000000000000e9ba                smpParseIdentityAddrInfo
 .text.smpParseIdentityInfo
                0x000000000000e9ee       0x2a C:\Users\8\Desktop\EXAM\BLE\LIB\libCH57xBLE.a(sm.o)
                0x000000000000e9ee                smpParseIdentityInfo
 .text.smpParseMasterID
                0x000000000000ea18       0x3c C:\Users\8\Desktop\EXAM\BLE\LIB\libCH57xBLE.a(sm.o)
                0x000000000000ea18                smpParseMasterID
 .text.smpParsePairingConfirm
                0x000000000000ea54       0x2a C:\Users\8\Desktop\EXAM\BLE\LIB\libCH57xBLE.a(sm.o)
                0x000000000000ea54                smpParsePairingConfirm
 .text.smpParsePairingFailed
                0x000000000000ea7e       0x22 C:\Users\8\Desktop\EXAM\BLE\LIB\libCH57xBLE.a(sm.o)
                0x000000000000ea7e                smpParsePairingFailed
 .text.smpParsePairingRandom
                0x000000000000eaa0       0x2a C:\Users\8\Desktop\EXAM\BLE\LIB\libCH57xBLE.a(sm.o)
                0x000000000000eaa0                smpParsePairingRandom
 .text.smpParsePairingReq
                0x000000000000eaca      0x118 C:\Users\8\Desktop\EXAM\BLE\LIB\libCH57xBLE.a(sm.o)
                0x000000000000eaca                smpParsePairingReq
 .text.smpParseSigningInfo
                0x000000000000ebe2       0x2a C:\Users\8\Desktop\EXAM\BLE\LIB\libCH57xBLE.a(sm.o)
                0x000000000000ebe2                smpParseSigningInfo
 .text.smProcessDataMsg
                0x000000000000ec0c       0xec C:\Users\8\Desktop\EXAM\BLE\LIB\libCH57xBLE.a(sm.o)
                0x000000000000ec0c                smProcessDataMsg
 .text.smProcessTMOSMsg
                0x000000000000ecf8       0xd4 C:\Users\8\Desktop\EXAM\BLE\LIB\libCH57xBLE.a(sm.o)
                0x000000000000ecf8                smProcessTMOSMsg
 .text.smpResponderProcessPairingReq
                0x000000000000edcc       0xd6 C:\Users\8\Desktop\EXAM\BLE\LIB\libCH57xBLE.a(sm.o)
                0x000000000000edcc                smpResponderProcessPairingReq
 .text.smpResponderProcessIncoming
                0x000000000000eea2      0x24c C:\Users\8\Desktop\EXAM\BLE\LIB\libCH57xBLE.a(sm.o)
                0x000000000000eea2                smpResponderProcessIncoming
 .text.SM_CalcRandomAddr
                0x000000000000f0ee       0x54 C:\Users\8\Desktop\EXAM\BLE\LIB\libCH57xBLE.a(sm.o)
                0x000000000000f0ee                SM_CalcRandomAddr
 .text.SM_GenerateAuthenSig
                0x000000000000f142       0xda C:\Users\8\Desktop\EXAM\BLE\LIB\libCH57xBLE.a(sm.o)
                0x000000000000f142                SM_GenerateAuthenSig
 .text.SM_Init  0x000000000000f21c       0x26 C:\Users\8\Desktop\EXAM\BLE\LIB\libCH57xBLE.a(sm.o)
                0x000000000000f21c                SM_Init
 .text.SM_InitiatorInit
                0x000000000000f242       0x1a C:\Users\8\Desktop\EXAM\BLE\LIB\libCH57xBLE.a(sm.o)
                0x000000000000f242                SM_InitiatorInit
 .text.SM_PasskeyUpdate
                0x000000000000f25c       0xc8 C:\Users\8\Desktop\EXAM\BLE\LIB\libCH57xBLE.a(sm.o)
                0x000000000000f25c                SM_PasskeyUpdate
 .text.SM_ProcessEvent
                0x000000000000f324       0x9e C:\Users\8\Desktop\EXAM\BLE\LIB\libCH57xBLE.a(sm.o)
                0x000000000000f324                SM_ProcessEvent
 .text.SM_ResolveRandomAddrs
                0x000000000000f3c2       0x5a C:\Users\8\Desktop\EXAM\BLE\LIB\libCH57xBLE.a(sm.o)
                0x000000000000f3c2                SM_ResolveRandomAddrs
 .text.SM_ResponderInit
                0x000000000000f41c       0x1a C:\Users\8\Desktop\EXAM\BLE\LIB\libCH57xBLE.a(sm.o)